<html>
<body>
<pre>
<h1>µVision Build Log</h1>
<h2>Tool Versions:</h2>
IDE-Version: ¦ÌVision V5.38.0.0
Copyright (C) 2022 ARM Ltd and ARM Germany GmbH. All rights reserved.
License Information: 1 8615030188061, 1, LIC=47GU5-G05IM-UHS8H-W1SMY-9VMY4-X61SX
 
Tool Versions:
Toolchain:       MDK-ARM Plus  Version: 5.38.0.0
Toolchain Path:  D:\Keil5\keil_v5\ARM\ARMCLANG\Bin
C Compiler:      ArmClang.exe V6.19
Assembler:       Armasm.exe V6.19
Linker/Locator:  ArmLink.exe V6.19
Library Manager: ArmAr.exe V6.19
Hex Converter:   FromElf.exe V6.19
CPU DLL:         SARMCM3.DLL V5.38.0.0
Dialog DLL:      DCM.DLL V1.17.5.0
Target DLL:      STLink\ST-LINKIII-KEIL_SWO.dll V3.1.0.0
Dialog DLL:      TCM.DLL V1.56.4.0
 
<h2>Project:</h2>
C:\Users\86150\Desktop\steeringwheel\5\MDK-ARM\stm32F407zet6.uvprojx
Project File Date:  04/12/2023

<h2>Output:</h2>
*** Using Compiler 'V6.19', folder: 'D:\Keil5\keil_v5\ARM\ARMCLANG\Bin'
Rebuild target 'stm32F407zet6'
compiling can.c...
compiling stm32f4xx_it.c...
assembling startup_stm32f407xx.s...
compiling stm32f4xx_hal_timebase_tim.c...
compiling gpio.c...
compiling crc.c...
compiling usb_otg.c...
compiling stm32f4xx_hal_msp.c...
compiling dma.c...
compiling spi.c...
compiling fsmc.c...
compiling tim.c...
compiling usart.c...
compiling applicationVar.c...
compiling main.c...
compiling stm32f4xx_hal_rcc.c...
compiling stm32f4xx_hal_rcc_ex.c...
compiling freertos.c...
compiling stm32f4xx_hal_flash.c...
compiling stm32f4xx_hal_flash_ramfunc.c...
compiling stm32f4xx_hal_flash_ex.c...
compiling stm32f4xx_hal_gpio.c...
compiling stm32f4xx_hal_dma_ex.c...
compiling stm32f4xx_hal_dma.c...
compiling stm32f4xx_hal_pwr.c...
compiling stm32f4xx_hal_pwr_ex.c...
compiling stm32f4xx_hal_cortex.c...
compiling stm32f4xx_hal.c...
compiling stm32f4xx_hal_exti.c...
compiling stm32f4xx_hal_crc.c...
compiling stm32f4xx_hal_can.c...
compiling stm32f4xx_ll_fsmc.c...
compiling stm32f4xx_hal_sram.c...
compiling stm32f4xx_hal_pcd_ex.c...
compiling system_stm32f4xx.c...
compiling stm32f4xx_hal_spi.c...
compiling stm32f4xx_hal_tim_ex.c...
compiling stm32f4xx_hal_pcd.c...
compiling bsp_LCD.c...
compiling motec_ecu_Can.c...
compiling stm32f4xx_hal_uart.c...
compiling bsp_BC260Y.c...
compiling stm32f4xx_ll_usb.c...
compiling Bsp_USB_Composite.c...
compiling bsp_WS2812B.c...
compiling SH_Data.c...
compiling stm32f4xx_hal_tim.c...
compiling bsp_spi_bus.c...
compiling bsp_CAN.c...
compiling lv_port_fs.c...
compiling lv_port_indev.c...
compiling bsp_spi_flash.c...
compiling diskio.c...
compiling lv_disp.c...
compiling lv_port_disp.c...
compiling lv_event.c...
compiling lv_group.c...
compiling lv_obj_class.c...
compiling lv_indev.c...
compiling lv_indev_scroll.c...
compiling lv_obj_draw.c...
compiling lv_obj_style_gen.c...
compiling ff.c...
compiling lv_obj_tree.c...
compiling lv_obj.c...
compiling lv_obj_scroll.c...
compiling lv_obj_pos.c...
compiling lv_obj_style.c...
compiling lv_draw_sw.c...
compiling lv_theme.c...
compiling lv_draw_sw_dither.c...
compiling lv_draw_sw_arc.c...
compiling lv_refr.c...
compiling lv_draw_sw_gradient.c...
compiling lv_draw_sw_layer.c...
compiling lv_draw_sw_img.c...
compiling lv_draw_sw_letter.c...
compiling lv_draw_sw_polygon.c...
compiling lv_draw_sw_blend.c...
compiling lv_draw_sw_line.c...
compiling lv_draw.c...
compiling lv_draw_arc.c...
compiling lv_draw_img.c...
compiling lv_draw_layer.c...
compiling lv_draw_sw_transform.c...
compiling lv_draw_line.c...
compiling lv_draw_label.c...
compiling lv_draw_rect.c...
compiling lv_draw_transform.c...
compiling lv_draw_triangle.c...
compiling lv_img_cache.c...
compiling lv_draw_sw_rect.c...
compiling lv_img_buf.c...
compiling lv_img_decoder.c...
compiling lv_grid.c...
compiling lv_flex.c...
compiling lv_draw_mask.c...
compiling lv_bmp.c...
compiling lv_ffmpeg.c...
compiling gifdec.c...
compiling lv_freetype.c...
compiling lv_fs_fatfs.c...
compiling lv_fs_posix.c...
compiling lv_fs_stdio.c...
compiling lv_fs_win32.c...
compiling lv_gif.c...
compiling lv_png.c...
compiling lodepng.c...
compiling tjpgd.c...
compiling lv_fragment.c...
compiling lv_fragment_manager.c...
compiling lv_qrcode.c...
compiling lv_rlottie.c...
compiling lv_gridnav.c...
compiling lv_sjpg.c...
compiling lv_ime_pinyin.c...
compiling qrcodegen.c...
compiling lv_msg.c...
compiling lv_snapshot.c...
compiling lv_imgfont.c...
compiling lv_monkey.c...
compiling lv_theme_basic.c...
compiling lv_calendar_header_arrow.c...
compiling lv_theme_mono.c...
compiling lv_calendar_header_dropdown.c...
compiling lv_animimg.c...
compiling lv_theme_default.c...
compiling lv_calendar.c...
compiling lv_chart.c...
compiling lv_colorwheel.c...
compiling lv_list.c...
compiling lv_menu.c...
compiling lv_imgbtn.c...
compiling lv_led.c...
compiling lv_msgbox.c...
compiling lv_span.c...
compiling lv_tileview.c...
compiling lv_meter.c...
compiling lv_keyboard.c...
compiling lv_spinner.c...
compiling lv_spinbox.c...
compiling lv_tabview.c...
compiling lv_font.c...
compiling lv_win.c...
compiling lv_extra.c...
compiling lv_font_fmt_txt.c...
compiling lv_font_dejavu_16_persian_hebrew.c...
compiling lv_font_montserrat_8.c...
compiling lv_font_loader.c...
compiling lv_font_montserrat_10.c...
compiling lv_font_montserrat_12.c...
compiling lv_font_montserrat_12_subpx.c...
compiling lv_font_montserrat_16.c...
compiling lv_font_montserrat_18.c...
compiling lv_font_montserrat_14.c...
compiling lv_font_montserrat_20.c...
compiling lv_font_montserrat_22.c...
compiling lv_font_montserrat_24.c...
compiling lv_font_montserrat_26.c...
compiling lv_font_montserrat_28.c...
compiling lv_font_montserrat_28_compressed.c...
compiling lv_font_montserrat_30.c...
compiling lv_font_montserrat_32.c...
compiling lv_font_montserrat_34.c...
compiling lv_font_montserrat_36.c...
compiling lv_font_montserrat_40.c...
compiling lv_font_montserrat_38.c...
compiling lv_font_montserrat_42.c...
compiling lv_font_montserrat_44.c...
compiling lv_font_montserrat_46.c...
compiling lv_font_montserrat_48.c...
compiling lv_font_simsun_16_cjk.c...
compiling lv_hal_tick.c...
compiling lv_hal_indev.c...
compiling lv_font_unscii_8.c...
compiling lv_anim.c...
compiling lv_font_unscii_16.c...
compiling lv_anim_timeline.c...
compiling lv_hal_disp.c...
compiling lv_area.c...
compiling lv_async.c...
compiling lv_bidi.c...
compiling lv_color.c...
compiling lv_log.c...
compiling lv_gc.c...
compiling lv_ll.c...
compiling lv_fs.c...
compiling lv_lru.c...
compiling lv_math.c...
compiling lv_templ.c...
compiling lv_mem.c...
compiling lv_printf.c...
compiling lv_style.c...
compiling lv_style_gen.c...
compiling lv_timer.c...
compiling lv_utils.c...
compiling lv_txt_ap.c...
compiling lv_btn.c...
compiling lv_btnmatrix.c...
compiling lv_tlsf.c...
compiling lv_txt.c...
compiling lv_arc.c...
compiling lv_bar.c...
compiling lv_canvas.c...
compiling lv_checkbox.c...
compiling lv_line.c...
compiling lv_objx_templ.c...
compiling lv_dropdown.c...
compiling lv_switch.c...
compiling lv_img.c...
compiling lv_table.c...
compiling lv_textarea.c...
compiling lv_slider.c...
compiling lv_roller.c...
compiling lv_label.c...
compiling ui_comp.c...
compiling ui_helpers.c...
compiling ui_font_bigNumber40.c...
compiling croutine.c...
compiling ui.c...
compiling ui_font_icon_bettery.c...
compiling ui_img_splashmini_png.c...
compiling list.c...
compiling ui_font_FastOne.c...
compiling event_groups.c...
compiling ui_font_bigNumber_18.c...
compiling ui_font_bigNumber_25.c...
compiling stream_buffer.c...
compiling queue.c...
compiling ui_font_smileySans_50.c...
compiling timers.c...
compiling heap_4.c...
compiling tasks.c...
compiling port.c...
compiling usbd_core.c...
compiling usbd_composite.c...
compiling usbd_ioreq.c...
compiling cmsis_os2.c...
compiling usbd_ctlreq.c...
compiling usb_device.c...
compiling retarget_io.c...
compiling usbd_desc.c...
compiling usbd_conf.c...
compiling usbd_cdc_acm.c...
compiling usbd_hid_mouse.c...
compiling usbd_cdc_acm_if.c...
linking...
Program Size: Code=133104 RO-data=122412 RW-data=500 ZI-data=128228  
FromELF: creating hex file...
"stm32F407zet6\stm32F407zet6.axf" - 0 Error(s), 0 Warning(s).

<h2>Software Packages used:</h2>

Package Vendor: ARM
                http://www.keil.com/pack/ARM.CMSIS.5.9.0.pack
                ARM.CMSIS.5.9.0
                CMSIS (Common Microcontroller Software Interface Standard)
   * Component: CORE Version: 5.6.0

Package Vendor: Keil
                https://www.keil.com/pack/Keil.ARM_Compiler.1.7.2.pack
                Keil.ARM_Compiler.1.7.2
                Keil ARM Compiler extensions for ARM Compiler 5 and ARM Compiler 6
   * Component: STDERR Variant: Breakpoint Version: 1.2.0

Package Vendor: Keil
                https://www.keil.com/pack/Keil.STM32F4xx_DFP.2.17.0.pack
                Keil.STM32F4xx_DFP.2.17.0
                STMicroelectronics STM32F4 Series Device Support, Drivers and Examples

<h2>Collection of Component include folders:</h2>
  ./RTE/_stm32F407zet6
  D:/Keil5/keil_v5/ARM/Pack/ARM/CMSIS/5.9.0/CMSIS/Core/Include
  D:/Keil5/keil_v5/ARM/Pack/Keil/STM32F4xx_DFP/2.17.0/Drivers/CMSIS/Device/ST/STM32F4xx/Include

<h2>Collection of Component Files used:</h2>

   * Component: ARM::CMSIS:CORE:5.6.0
      Include file:  CMSIS/Core/Include/tz_context.h

   * Component: Keil.ARM Compiler::Compiler:I/O:STDERR:Breakpoint:1.2.0
      Source file:   Source/retarget_io.c
Build Time Elapsed:  00:00:20
</pre>
</body>
</html>
