<!doctype html public "-//w3c//dtd html 4.0 transitional//en">
<html><head>
<title>Static Call Graph - [stm32F407zet6\stm32F407zet6.axf]</title></head>
<body><HR>
<H1>Static Call Graph for image stm32F407zet6\stm32F407zet6.axf</H1><HR>
<BR><P>#&#060CALLGRAPH&#062# ARM Linker, 6180002: Last Updated: Sun Apr 23 20:02:56 2023
<BR><P>
<H3>Maximum Stack Usage =       1088 bytes + Unknown(Functions without stacksize, Cycles, Untraceable Function Pointers)</H3><H3>
Call chain for Maximum Stack Depth:</H3>
Start_IotUploadTask &rArr; __2printf &rArr; _printf_char_file &rArr; _printf_char_common &rArr; __printf
<P>
<H3>
Functions with no stack information
</H3><UL>
 <LI><a href="#[1a1]">__user_initial_stackheap</a>
</UL>
</UL>
<P>
<H3>
Mutually Recursive functions
</H3> <LI><a href="#[37]">ADC_IRQHandler</a>&nbsp;&nbsp;&nbsp;&rArr;&nbsp;&nbsp;&nbsp;<a href="#[37]">ADC_IRQHandler</a><BR>
 <LI><a href="#[1f]">BusFault_Handler</a>&nbsp;&nbsp;&nbsp;&rArr;&nbsp;&nbsp;&nbsp;<a href="#[1f]">BusFault_Handler</a><BR>
 <LI><a href="#[1d]">HardFault_Handler</a>&nbsp;&nbsp;&nbsp;&rArr;&nbsp;&nbsp;&nbsp;<a href="#[1d]">HardFault_Handler</a><BR>
 <LI><a href="#[1e]">MemManage_Handler</a>&nbsp;&nbsp;&nbsp;&rArr;&nbsp;&nbsp;&nbsp;<a href="#[1e]">MemManage_Handler</a><BR>
 <LI><a href="#[1c]">NMI_Handler</a>&nbsp;&nbsp;&nbsp;&rArr;&nbsp;&nbsp;&nbsp;<a href="#[1c]">NMI_Handler</a><BR>
 <LI><a href="#[20]">UsageFault_Handler</a>&nbsp;&nbsp;&nbsp;&rArr;&nbsp;&nbsp;&nbsp;<a href="#[20]">UsageFault_Handler</a><BR>
 <LI><a href="#[2b5]">_lv_area_is_point_on</a>&nbsp;&nbsp;&nbsp;&rArr;&nbsp;&nbsp;&nbsp;<a href="#[2b5]">_lv_area_is_point_on</a><BR>
 <LI><a href="#[2f3]">event_send_core</a>&nbsp;&nbsp;&nbsp;&rArr;&nbsp;&nbsp;&nbsp;<a href="#[2f3]">event_send_core</a><BR>
 <LI><a href="#[3ed]">refresh_children_style</a>&nbsp;&nbsp;&nbsp;&rArr;&nbsp;&nbsp;&nbsp;<a href="#[3ed]">refresh_children_style</a><BR>
 <LI><a href="#[2d3]">apply_theme</a>&nbsp;&nbsp;&nbsp;&rArr;&nbsp;&nbsp;&nbsp;<a href="#[2d3]">apply_theme</a><BR>
 <LI><a href="#[3c2]">lv_obj_construct</a>&nbsp;&nbsp;&nbsp;&rArr;&nbsp;&nbsp;&nbsp;<a href="#[3c2]">lv_obj_construct</a><BR>
 <LI><a href="#[2cd]">_vsnprintf</a>&nbsp;&nbsp;&nbsp;&rArr;&nbsp;&nbsp;&nbsp;<a href="#[2cd]">_vsnprintf</a><BR>
 <LI><a href="#[3eb]">lv_obj_redraw</a>&nbsp;&nbsp;&nbsp;&rArr;&nbsp;&nbsp;&nbsp;<a href="#[3ec]">refr_obj</a><BR>
 <LI><a href="#[3f5]">lv_refr_get_top_obj</a>&nbsp;&nbsp;&nbsp;&rArr;&nbsp;&nbsp;&nbsp;<a href="#[3f5]">lv_refr_get_top_obj</a><BR>
 <LI><a href="#[2c3]">lv_obj_move_children_by</a>&nbsp;&nbsp;&nbsp;&rArr;&nbsp;&nbsp;&nbsp;<a href="#[2c3]">lv_obj_move_children_by</a><BR>
 <LI><a href="#[313]">layout_update_core</a>&nbsp;&nbsp;&nbsp;&rArr;&nbsp;&nbsp;&nbsp;<a href="#[313]">layout_update_core</a><BR>
 <LI><a href="#[3f2]">lv_obj_scroll_by_bounded</a>&nbsp;&nbsp;&nbsp;&rArr;&nbsp;&nbsp;&nbsp;<a href="#[2b7]">lv_obj_update_layout</a><BR>
 <LI><a href="#[3c4]">obj_del_core</a>&nbsp;&nbsp;&nbsp;&rArr;&nbsp;&nbsp;&nbsp;<a href="#[3c4]">obj_del_core</a><BR>
 <LI><a href="#[b6]">lv_obj_transform_point</a>&nbsp;&nbsp;&nbsp;&rArr;&nbsp;&nbsp;&nbsp;<a href="#[b6]">lv_obj_transform_point</a><BR>
 <LI><a href="#[41e]">report_style_change_core</a>&nbsp;&nbsp;&nbsp;&rArr;&nbsp;&nbsp;&nbsp;<a href="#[41e]">report_style_change_core</a><BR>
</UL>
<P>
<H3>
Function Pointers
</H3><UL>
 <LI><a href="#[37]">ADC_IRQHandler</a> from startup_stm32f407xx.o(.text) referenced from startup_stm32f407xx.o(RESET)
 <LI><a href="#[1f]">BusFault_Handler</a> from lto-llvm-2f102b.o(.text.BusFault_Handler) referenced from startup_stm32f407xx.o(RESET)
 <LI><a href="#[39]">CAN1_RX0_IRQHandler</a> from lto-llvm-2f102b.o(.text.CAN1_RX0_IRQHandler) referenced from startup_stm32f407xx.o(RESET)
 <LI><a href="#[3a]">CAN1_RX1_IRQHandler</a> from startup_stm32f407xx.o(.text) referenced from startup_stm32f407xx.o(RESET)
 <LI><a href="#[3b]">CAN1_SCE_IRQHandler</a> from startup_stm32f407xx.o(.text) referenced from startup_stm32f407xx.o(RESET)
 <LI><a href="#[38]">CAN1_TX_IRQHandler</a> from startup_stm32f407xx.o(.text) referenced from startup_stm32f407xx.o(RESET)
 <LI><a href="#[65]">CAN2_RX0_IRQHandler</a> from startup_stm32f407xx.o(.text) referenced from startup_stm32f407xx.o(RESET)
 <LI><a href="#[66]">CAN2_RX1_IRQHandler</a> from startup_stm32f407xx.o(.text) referenced from startup_stm32f407xx.o(RESET)
 <LI><a href="#[67]">CAN2_SCE_IRQHandler</a> from startup_stm32f407xx.o(.text) referenced from startup_stm32f407xx.o(RESET)
 <LI><a href="#[64]">CAN2_TX_IRQHandler</a> from startup_stm32f407xx.o(.text) referenced from startup_stm32f407xx.o(RESET)
 <LI><a href="#[11]">CDC_Control</a> from lto-llvm-2f102b.o(.text.CDC_Control) referenced 2 times from lto-llvm-2f102b.o(.data)
 <LI><a href="#[10]">CDC_DeInit</a> from lto-llvm-2f102b.o(.text.CDC_DeInit) referenced 2 times from lto-llvm-2f102b.o(.data)
 <LI><a href="#[f]">CDC_Init</a> from lto-llvm-2f102b.o(.text.CDC_Init) referenced 2 times from lto-llvm-2f102b.o(.data)
 <LI><a href="#[12]">CDC_Receive</a> from lto-llvm-2f102b.o(.text.CDC_Receive) referenced 2 times from lto-llvm-2f102b.o(.data)
 <LI><a href="#[13]">CDC_TransmitCplt</a> from lto-llvm-2f102b.o(.text.CDC_TransmitCplt) referenced 2 times from lto-llvm-2f102b.o(.data)
 <LI><a href="#[73]">DCMI_IRQHandler</a> from startup_stm32f407xx.o(.text) referenced from startup_stm32f407xx.o(RESET)
 <LI><a href="#[30]">DMA1_Stream0_IRQHandler</a> from startup_stm32f407xx.o(.text) referenced from startup_stm32f407xx.o(RESET)
 <LI><a href="#[31]">DMA1_Stream1_IRQHandler</a> from startup_stm32f407xx.o(.text) referenced from startup_stm32f407xx.o(RESET)
 <LI><a href="#[32]">DMA1_Stream2_IRQHandler</a> from startup_stm32f407xx.o(.text) referenced from startup_stm32f407xx.o(RESET)
 <LI><a href="#[33]">DMA1_Stream3_IRQHandler</a> from startup_stm32f407xx.o(.text) referenced from startup_stm32f407xx.o(RESET)
 <LI><a href="#[34]">DMA1_Stream4_IRQHandler</a> from startup_stm32f407xx.o(.text) referenced from startup_stm32f407xx.o(RESET)
 <LI><a href="#[35]">DMA1_Stream5_IRQHandler</a> from startup_stm32f407xx.o(.text) referenced from startup_stm32f407xx.o(RESET)
 <LI><a href="#[36]">DMA1_Stream6_IRQHandler</a> from startup_stm32f407xx.o(.text) referenced from startup_stm32f407xx.o(RESET)
 <LI><a href="#[54]">DMA1_Stream7_IRQHandler</a> from startup_stm32f407xx.o(.text) referenced from startup_stm32f407xx.o(RESET)
 <LI><a href="#[5d]">DMA2_Stream0_IRQHandler</a> from startup_stm32f407xx.o(.text) referenced from startup_stm32f407xx.o(RESET)
 <LI><a href="#[5e]">DMA2_Stream1_IRQHandler</a> from lto-llvm-2f102b.o(.text.DMA2_Stream1_IRQHandler) referenced from startup_stm32f407xx.o(RESET)
 <LI><a href="#[5f]">DMA2_Stream2_IRQHandler</a> from startup_stm32f407xx.o(.text) referenced from startup_stm32f407xx.o(RESET)
 <LI><a href="#[60]">DMA2_Stream3_IRQHandler</a> from startup_stm32f407xx.o(.text) referenced from startup_stm32f407xx.o(RESET)
 <LI><a href="#[61]">DMA2_Stream4_IRQHandler</a> from startup_stm32f407xx.o(.text) referenced from startup_stm32f407xx.o(RESET)
 <LI><a href="#[69]">DMA2_Stream5_IRQHandler</a> from startup_stm32f407xx.o(.text) referenced from startup_stm32f407xx.o(RESET)
 <LI><a href="#[6a]">DMA2_Stream6_IRQHandler</a> from startup_stm32f407xx.o(.text) referenced from startup_stm32f407xx.o(RESET)
 <LI><a href="#[6b]">DMA2_Stream7_IRQHandler</a> from startup_stm32f407xx.o(.text) referenced from startup_stm32f407xx.o(RESET)
 <LI><a href="#[22]">DebugMon_Handler</a> from lto-llvm-2f102b.o(.text.DebugMon_Handler) referenced from startup_stm32f407xx.o(RESET)
 <LI><a href="#[62]">ETH_IRQHandler</a> from startup_stm32f407xx.o(.text) referenced from startup_stm32f407xx.o(RESET)
 <LI><a href="#[63]">ETH_WKUP_IRQHandler</a> from startup_stm32f407xx.o(.text) referenced from startup_stm32f407xx.o(RESET)
 <LI><a href="#[2b]">EXTI0_IRQHandler</a> from startup_stm32f407xx.o(.text) referenced from startup_stm32f407xx.o(RESET)
 <LI><a href="#[4d]">EXTI15_10_IRQHandler</a> from startup_stm32f407xx.o(.text) referenced from startup_stm32f407xx.o(RESET)
 <LI><a href="#[2c]">EXTI1_IRQHandler</a> from startup_stm32f407xx.o(.text) referenced from startup_stm32f407xx.o(RESET)
 <LI><a href="#[2d]">EXTI2_IRQHandler</a> from startup_stm32f407xx.o(.text) referenced from startup_stm32f407xx.o(RESET)
 <LI><a href="#[2e]">EXTI3_IRQHandler</a> from startup_stm32f407xx.o(.text) referenced from startup_stm32f407xx.o(RESET)
 <LI><a href="#[2f]">EXTI4_IRQHandler</a> from startup_stm32f407xx.o(.text) referenced from startup_stm32f407xx.o(RESET)
 <LI><a href="#[3c]">EXTI9_5_IRQHandler</a> from startup_stm32f407xx.o(.text) referenced from startup_stm32f407xx.o(RESET)
 <LI><a href="#[29]">FLASH_IRQHandler</a> from startup_stm32f407xx.o(.text) referenced from startup_stm32f407xx.o(RESET)
 <LI><a href="#[55]">FMC_IRQHandler</a> from startup_stm32f407xx.o(.text) referenced from startup_stm32f407xx.o(RESET)
 <LI><a href="#[75]">FPU_IRQHandler</a> from startup_stm32f407xx.o(.text) referenced from startup_stm32f407xx.o(RESET)
 <LI><a href="#[81]">HAL_Delay</a> from lto-llvm-2f102b.o(.text.HAL_Delay) referenced from lto-llvm-2f102b.o(.text.LCD_Init)
 <LI><a href="#[d2]">HAL_GPIO_Init</a> from lto-llvm-2f102b.o(.text.HAL_GPIO_Init) referenced from lto-llvm-2f102b.o(.text.main)
 <LI><a href="#[86]">HAL_PCDEx_SetTxFiFo</a> from lto-llvm-2f102b.o(.text.HAL_PCDEx_SetTxFiFo) referenced from lto-llvm-2f102b.o(.text.Start_LVGL_Task)
 <LI><a href="#[74]">HASH_RNG_IRQHandler</a> from startup_stm32f407xx.o(.text) referenced from startup_stm32f407xx.o(RESET)
 <LI><a href="#[1d]">HardFault_Handler</a> from lto-llvm-2f102b.o(.text.HardFault_Handler) referenced from startup_stm32f407xx.o(RESET)
 <LI><a href="#[45]">I2C1_ER_IRQHandler</a> from startup_stm32f407xx.o(.text) referenced from startup_stm32f407xx.o(RESET)
 <LI><a href="#[44]">I2C1_EV_IRQHandler</a> from startup_stm32f407xx.o(.text) referenced from startup_stm32f407xx.o(RESET)
 <LI><a href="#[47]">I2C2_ER_IRQHandler</a> from startup_stm32f407xx.o(.text) referenced from startup_stm32f407xx.o(RESET)
 <LI><a href="#[46]">I2C2_EV_IRQHandler</a> from startup_stm32f407xx.o(.text) referenced from startup_stm32f407xx.o(RESET)
 <LI><a href="#[6e]">I2C3_ER_IRQHandler</a> from startup_stm32f407xx.o(.text) referenced from startup_stm32f407xx.o(RESET)
 <LI><a href="#[6d]">I2C3_EV_IRQHandler</a> from startup_stm32f407xx.o(.text) referenced from startup_stm32f407xx.o(RESET)
 <LI><a href="#[1e]">MemManage_Handler</a> from lto-llvm-2f102b.o(.text.MemManage_Handler) referenced from startup_stm32f407xx.o(RESET)
 <LI><a href="#[1c]">NMI_Handler</a> from lto-llvm-2f102b.o(.text.NMI_Handler) referenced from startup_stm32f407xx.o(RESET)
 <LI><a href="#[68]">OTG_FS_IRQHandler</a> from lto-llvm-2f102b.o(.text.OTG_FS_IRQHandler) referenced from startup_stm32f407xx.o(RESET)
 <LI><a href="#[4f]">OTG_FS_WKUP_IRQHandler</a> from startup_stm32f407xx.o(.text) referenced from startup_stm32f407xx.o(RESET)
 <LI><a href="#[70]">OTG_HS_EP1_IN_IRQHandler</a> from startup_stm32f407xx.o(.text) referenced from startup_stm32f407xx.o(RESET)
 <LI><a href="#[6f]">OTG_HS_EP1_OUT_IRQHandler</a> from startup_stm32f407xx.o(.text) referenced from startup_stm32f407xx.o(RESET)
 <LI><a href="#[72]">OTG_HS_IRQHandler</a> from startup_stm32f407xx.o(.text) referenced from startup_stm32f407xx.o(RESET)
 <LI><a href="#[71]">OTG_HS_WKUP_IRQHandler</a> from startup_stm32f407xx.o(.text) referenced from startup_stm32f407xx.o(RESET)
 <LI><a href="#[26]">PVD_IRQHandler</a> from startup_stm32f407xx.o(.text) referenced from startup_stm32f407xx.o(RESET)
 <LI><a href="#[23]">PendSV_Handler</a> from lto-llvm-2f102b.o(.text.PendSV_Handler) referenced from startup_stm32f407xx.o(RESET)
 <LI><a href="#[2a]">RCC_IRQHandler</a> from startup_stm32f407xx.o(.text) referenced from startup_stm32f407xx.o(RESET)
 <LI><a href="#[4e]">RTC_Alarm_IRQHandler</a> from startup_stm32f407xx.o(.text) referenced from startup_stm32f407xx.o(RESET)
 <LI><a href="#[28]">RTC_WKUP_IRQHandler</a> from startup_stm32f407xx.o(.text) referenced from startup_stm32f407xx.o(RESET)
 <LI><a href="#[1b]">Reset_Handler</a> from startup_stm32f407xx.o(.text) referenced from startup_stm32f407xx.o(RESET)
 <LI><a href="#[56]">SDIO_IRQHandler</a> from startup_stm32f407xx.o(.text) referenced from startup_stm32f407xx.o(RESET)
 <LI><a href="#[48]">SPI1_IRQHandler</a> from startup_stm32f407xx.o(.text) referenced from startup_stm32f407xx.o(RESET)
 <LI><a href="#[49]">SPI2_IRQHandler</a> from startup_stm32f407xx.o(.text) referenced from startup_stm32f407xx.o(RESET)
 <LI><a href="#[58]">SPI3_IRQHandler</a> from startup_stm32f407xx.o(.text) referenced from startup_stm32f407xx.o(RESET)
 <LI><a href="#[21]">SVC_Handler</a> from lto-llvm-2f102b.o(.text.SVC_Handler) referenced from startup_stm32f407xx.o(RESET)
 <LI><a href="#[f0]">Start_BC260Y_init</a> from lto-llvm-2f102b.o(.text.Start_BC260Y_init) referenced from lto-llvm-2f102b.o(.text.main)
 <LI><a href="#[84]">Start_IotUploadTask</a> from lto-llvm-2f102b.o(.text.Start_IotUploadTask) referenced from lto-llvm-2f102b.o(.text.Start_BC260Y_init)
 <LI><a href="#[ef]">Start_LVGL_Lap_Timer</a> from lto-llvm-2f102b.o(.text.Start_LVGL_Lap_Timer) referenced from lto-llvm-2f102b.o(.text.main)
 <LI><a href="#[ee]">Start_LVGL_Meter</a> from lto-llvm-2f102b.o(.text.Start_LVGL_Meter) referenced from lto-llvm-2f102b.o(.text.main)
 <LI><a href="#[ec]">Start_LVGL_Task</a> from lto-llvm-2f102b.o(.text.Start_LVGL_Task) referenced from lto-llvm-2f102b.o(.text.main)
 <LI><a href="#[f1]">Start_RPM_LED</a> from lto-llvm-2f102b.o(.text.Start_RPM_LED) referenced from lto-llvm-2f102b.o(.text.main)
 <LI><a href="#[24]">SysTick_Handler</a> from lto-llvm-2f102b.o(.text.SysTick_Handler) referenced from startup_stm32f407xx.o(RESET)
 <LI><a href="#[76]">SystemInit</a> from lto-llvm-2f102b.o(.text.SystemInit) referenced from startup_stm32f407xx.o(.text)
 <LI><a href="#[27]">TAMP_STAMP_IRQHandler</a> from startup_stm32f407xx.o(.text) referenced from startup_stm32f407xx.o(RESET)
 <LI><a href="#[3d]">TIM1_BRK_TIM9_IRQHandler</a> from startup_stm32f407xx.o(.text) referenced from startup_stm32f407xx.o(RESET)
 <LI><a href="#[40]">TIM1_CC_IRQHandler</a> from startup_stm32f407xx.o(.text) referenced from startup_stm32f407xx.o(RESET)
 <LI><a href="#[3f]">TIM1_TRG_COM_TIM11_IRQHandler</a> from startup_stm32f407xx.o(.text) referenced from startup_stm32f407xx.o(RESET)
 <LI><a href="#[3e]">TIM1_UP_TIM10_IRQHandler</a> from startup_stm32f407xx.o(.text) referenced from startup_stm32f407xx.o(RESET)
 <LI><a href="#[41]">TIM2_IRQHandler</a> from lto-llvm-2f102b.o(.text.TIM2_IRQHandler) referenced from startup_stm32f407xx.o(RESET)
 <LI><a href="#[42]">TIM3_IRQHandler</a> from lto-llvm-2f102b.o(.text.TIM3_IRQHandler) referenced from startup_stm32f407xx.o(RESET)
 <LI><a href="#[43]">TIM4_IRQHandler</a> from lto-llvm-2f102b.o(.text.TIM4_IRQHandler) referenced from startup_stm32f407xx.o(RESET)
 <LI><a href="#[57]">TIM5_IRQHandler</a> from startup_stm32f407xx.o(.text) referenced from startup_stm32f407xx.o(RESET)
 <LI><a href="#[5b]">TIM6_DAC_IRQHandler</a> from startup_stm32f407xx.o(.text) referenced from startup_stm32f407xx.o(RESET)
 <LI><a href="#[5c]">TIM7_IRQHandler</a> from startup_stm32f407xx.o(.text) referenced from startup_stm32f407xx.o(RESET)
 <LI><a href="#[50]">TIM8_BRK_TIM12_IRQHandler</a> from startup_stm32f407xx.o(.text) referenced from startup_stm32f407xx.o(RESET)
 <LI><a href="#[53]">TIM8_CC_IRQHandler</a> from startup_stm32f407xx.o(.text) referenced from startup_stm32f407xx.o(RESET)
 <LI><a href="#[52]">TIM8_TRG_COM_TIM14_IRQHandler</a> from startup_stm32f407xx.o(.text) referenced from startup_stm32f407xx.o(RESET)
 <LI><a href="#[51]">TIM8_UP_TIM13_IRQHandler</a> from startup_stm32f407xx.o(.text) referenced from startup_stm32f407xx.o(RESET)
 <LI><a href="#[7f]">TIM_DMADelayPulseCplt</a> from lto-llvm-2f102b.o(.text.TIM_DMADelayPulseCplt) referenced from lto-llvm-2f102b.o(.text.HAL_TIM_PWM_Start_DMA)
 <LI><a href="#[7e]">TIM_DMADelayPulseHalfCplt</a> from lto-llvm-2f102b.o(.text.TIM_DMADelayPulseHalfCplt) referenced from lto-llvm-2f102b.o(.text.HAL_TIM_PWM_Start_DMA)
 <LI><a href="#[7d]">TIM_DMAError</a> from lto-llvm-2f102b.o(.text.TIM_DMAError) referenced from lto-llvm-2f102b.o(.text.HAL_TIM_PWM_Start_DMA)
 <LI><a href="#[59]">UART4_IRQHandler</a> from startup_stm32f407xx.o(.text) referenced from startup_stm32f407xx.o(RESET)
 <LI><a href="#[5a]">UART5_IRQHandler</a> from startup_stm32f407xx.o(.text) referenced from startup_stm32f407xx.o(RESET)
 <LI><a href="#[80]">UART_DMAAbortOnError</a> from lto-llvm-2f102b.o(.text.UART_DMAAbortOnError) referenced from lto-llvm-2f102b.o(.text.HAL_UART_IRQHandler)
 <LI><a href="#[4a]">USART1_IRQHandler</a> from lto-llvm-2f102b.o(.text.USART1_IRQHandler) referenced from startup_stm32f407xx.o(RESET)
 <LI><a href="#[4b]">USART2_IRQHandler</a> from startup_stm32f407xx.o(.text) referenced from startup_stm32f407xx.o(RESET)
 <LI><a href="#[4c]">USART3_IRQHandler</a> from lto-llvm-2f102b.o(.text.USART3_IRQHandler) referenced from startup_stm32f407xx.o(RESET)
 <LI><a href="#[6c]">USART6_IRQHandler</a> from startup_stm32f407xx.o(.text) referenced from startup_stm32f407xx.o(RESET)
 <LI><a href="#[11e]">USBD_CDC_DataIn</a> from lto-llvm-2f102b.o(.text.USBD_CDC_DataIn) referenced from lto-llvm-2f102b.o(.rodata)
 <LI><a href="#[11f]">USBD_CDC_DataOut</a> from lto-llvm-2f102b.o(.text.USBD_CDC_DataOut) referenced from lto-llvm-2f102b.o(.rodata)
 <LI><a href="#[11b]">USBD_CDC_DeInit</a> from lto-llvm-2f102b.o(.text.USBD_CDC_DeInit) referenced from lto-llvm-2f102b.o(.rodata)
 <LI><a href="#[11d]">USBD_CDC_EP0_RxReady</a> from lto-llvm-2f102b.o(.text.USBD_CDC_EP0_RxReady) referenced from lto-llvm-2f102b.o(.rodata)
 <LI><a href="#[123]">USBD_CDC_GetDeviceQualifierDescriptor</a> from lto-llvm-2f102b.o(.text.USBD_CDC_GetDeviceQualifierDescriptor) referenced from lto-llvm-2f102b.o(.rodata)
 <LI><a href="#[121]">USBD_CDC_GetFSCfgDesc</a> from lto-llvm-2f102b.o(.text.USBD_CDC_GetFSCfgDesc) referenced from lto-llvm-2f102b.o(.rodata)
 <LI><a href="#[120]">USBD_CDC_GetHSCfgDesc</a> from lto-llvm-2f102b.o(.text.USBD_CDC_GetHSCfgDesc) referenced from lto-llvm-2f102b.o(.rodata)
 <LI><a href="#[122]">USBD_CDC_GetOtherSpeedCfgDesc</a> from lto-llvm-2f102b.o(.text.USBD_CDC_GetOtherSpeedCfgDesc) referenced from lto-llvm-2f102b.o(.rodata)
 <LI><a href="#[11a]">USBD_CDC_Init</a> from lto-llvm-2f102b.o(.text.USBD_CDC_Init) referenced from lto-llvm-2f102b.o(.rodata)
 <LI><a href="#[11c]">USBD_CDC_Setup</a> from lto-llvm-2f102b.o(.text.USBD_CDC_Setup) referenced from lto-llvm-2f102b.o(.rodata)
 <LI><a href="#[5]">USBD_COMPOSITE_DataIn</a> from lto-llvm-2f102b.o(.text.USBD_COMPOSITE_DataIn) referenced 2 times from lto-llvm-2f102b.o(.data)
 <LI><a href="#[6]">USBD_COMPOSITE_DataOut</a> from lto-llvm-2f102b.o(.text.USBD_COMPOSITE_DataOut) referenced 2 times from lto-llvm-2f102b.o(.data)
 <LI><a href="#[1]">USBD_COMPOSITE_DeInit</a> from lto-llvm-2f102b.o(.text.USBD_COMPOSITE_DeInit) referenced 2 times from lto-llvm-2f102b.o(.data)
 <LI><a href="#[4]">USBD_COMPOSITE_EP0_RxReady</a> from lto-llvm-2f102b.o(.text.USBD_COMPOSITE_EP0_RxReady) referenced 2 times from lto-llvm-2f102b.o(.data)
 <LI><a href="#[3]">USBD_COMPOSITE_EP0_TxReady</a> from lto-llvm-2f102b.o(.text.USBD_COMPOSITE_EP0_TxReady) referenced 2 times from lto-llvm-2f102b.o(.data)
 <LI><a href="#[d]">USBD_COMPOSITE_GetDeviceQualifierDesc</a> from lto-llvm-2f102b.o(.text.USBD_COMPOSITE_GetDeviceQualifierDesc) referenced 2 times from lto-llvm-2f102b.o(.data)
 <LI><a href="#[b]">USBD_COMPOSITE_GetFSCfgDesc</a> from lto-llvm-2f102b.o(.text.USBD_COMPOSITE_GetFSCfgDesc) referenced 2 times from lto-llvm-2f102b.o(.data)
 <LI><a href="#[a]">USBD_COMPOSITE_GetHSCfgDesc</a> from lto-llvm-2f102b.o(.text.USBD_COMPOSITE_GetHSCfgDesc) referenced 2 times from lto-llvm-2f102b.o(.data)
 <LI><a href="#[c]">USBD_COMPOSITE_GetOtherSpeedCfgDesc</a> from lto-llvm-2f102b.o(.text.USBD_COMPOSITE_GetOtherSpeedCfgDesc) referenced 2 times from lto-llvm-2f102b.o(.data)
 <LI><a href="#[e]">USBD_COMPOSITE_GetUsrStringDesc</a> from lto-llvm-2f102b.o(.text.USBD_COMPOSITE_GetUsrStringDesc) referenced 2 times from lto-llvm-2f102b.o(.data)
 <LI><a href="#[0]">USBD_COMPOSITE_Init</a> from lto-llvm-2f102b.o(.text.USBD_COMPOSITE_Init) referenced 2 times from lto-llvm-2f102b.o(.data)
 <LI><a href="#[8]">USBD_COMPOSITE_IsoINIncomplete</a> from lto-llvm-2f102b.o(.text.USBD_COMPOSITE_IsoINIncomplete) referenced 2 times from lto-llvm-2f102b.o(.data)
 <LI><a href="#[9]">USBD_COMPOSITE_IsoOutIncomplete</a> from lto-llvm-2f102b.o(.text.USBD_COMPOSITE_IsoOutIncomplete) referenced 2 times from lto-llvm-2f102b.o(.data)
 <LI><a href="#[7]">USBD_COMPOSITE_SOF</a> from lto-llvm-2f102b.o(.text.USBD_COMPOSITE_SOF) referenced 2 times from lto-llvm-2f102b.o(.data)
 <LI><a href="#[2]">USBD_COMPOSITE_Setup</a> from lto-llvm-2f102b.o(.text.USBD_COMPOSITE_Setup) referenced 2 times from lto-llvm-2f102b.o(.data)
 <LI><a href="#[19]">USBD_ConfigStrDescriptor</a> from lto-llvm-2f102b.o(.text.USBD_ConfigStrDescriptor) referenced 2 times from lto-llvm-2f102b.o(.data)
 <LI><a href="#[14]">USBD_DeviceDescriptor</a> from lto-llvm-2f102b.o(.text.USBD_DeviceDescriptor) referenced 2 times from lto-llvm-2f102b.o(.data)
 <LI><a href="#[127]">USBD_HID_DataIn</a> from lto-llvm-2f102b.o(.text.USBD_HID_DataIn) referenced from lto-llvm-2f102b.o(.rodata)
 <LI><a href="#[125]">USBD_HID_DeInit</a> from lto-llvm-2f102b.o(.text.USBD_HID_DeInit) referenced from lto-llvm-2f102b.o(.rodata)
 <LI><a href="#[12b]">USBD_HID_GetDeviceQualifierDesc</a> from lto-llvm-2f102b.o(.text.USBD_HID_GetDeviceQualifierDesc) referenced from lto-llvm-2f102b.o(.rodata)
 <LI><a href="#[129]">USBD_HID_GetFSCfgDesc</a> from lto-llvm-2f102b.o(.text.USBD_HID_GetFSCfgDesc) referenced from lto-llvm-2f102b.o(.rodata)
 <LI><a href="#[128]">USBD_HID_GetHSCfgDesc</a> from lto-llvm-2f102b.o(.text.USBD_HID_GetHSCfgDesc) referenced from lto-llvm-2f102b.o(.rodata)
 <LI><a href="#[12a]">USBD_HID_GetOtherSpeedCfgDesc</a> from lto-llvm-2f102b.o(.text.USBD_HID_GetOtherSpeedCfgDesc) referenced from lto-llvm-2f102b.o(.rodata)
 <LI><a href="#[124]">USBD_HID_Init</a> from lto-llvm-2f102b.o(.text.USBD_HID_Init) referenced from lto-llvm-2f102b.o(.rodata)
 <LI><a href="#[126]">USBD_HID_Setup</a> from lto-llvm-2f102b.o(.text.USBD_HID_Setup) referenced from lto-llvm-2f102b.o(.rodata)
 <LI><a href="#[1a]">USBD_InterfaceStrDescriptor</a> from lto-llvm-2f102b.o(.text.USBD_InterfaceStrDescriptor) referenced 2 times from lto-llvm-2f102b.o(.data)
 <LI><a href="#[87]">USBD_LL_CloseEP</a> from lto-llvm-2f102b.o(.text.USBD_LL_CloseEP) referenced from lto-llvm-2f102b.o(.text.USBD_CDC_DeInit)
 <LI><a href="#[88]">USBD_LL_OpenEP</a> from lto-llvm-2f102b.o(.text.USBD_LL_OpenEP) referenced from lto-llvm-2f102b.o(.text.USBD_CDC_Init)
 <LI><a href="#[15]">USBD_LangIDStrDescriptor</a> from lto-llvm-2f102b.o(.text.USBD_LangIDStrDescriptor) referenced 2 times from lto-llvm-2f102b.o(.data)
 <LI><a href="#[16]">USBD_ManufacturerStrDescriptor</a> from lto-llvm-2f102b.o(.text.USBD_ManufacturerStrDescriptor) referenced 2 times from lto-llvm-2f102b.o(.data)
 <LI><a href="#[17]">USBD_ProductStrDescriptor</a> from lto-llvm-2f102b.o(.text.USBD_ProductStrDescriptor) referenced 2 times from lto-llvm-2f102b.o(.data)
 <LI><a href="#[18]">USBD_SerialStrDescriptor</a> from lto-llvm-2f102b.o(.text.USBD_SerialStrDescriptor) referenced 2 times from lto-llvm-2f102b.o(.data)
 <LI><a href="#[20]">UsageFault_Handler</a> from lto-llvm-2f102b.o(.text.UsageFault_Handler) referenced from startup_stm32f407xx.o(RESET)
 <LI><a href="#[25]">WWDG_IRQHandler</a> from startup_stm32f407xx.o(.text) referenced from startup_stm32f407xx.o(RESET)
 <LI><a href="#[77]">__main</a> from __main.o(!!!main) referenced from startup_stm32f407xx.o(.text)
 <LI><a href="#[7a]">_get_lc_ctype</a> from lc_ctype_c.o(locale$$code) referenced from rt_ctype_table.o(.text)
 <LI><a href="#[da]">_lv_disp_refr_timer</a> from lto-llvm-2f102b.o(.text._lv_disp_refr_timer) referenced from lto-llvm-2f102b.o(.text.main)
 <LI><a href="#[b2]">_lv_ll_get_head</a> from lto-llvm-2f102b.o(.text._lv_ll_get_head) referenced from lto-llvm-2f102b.o(.text.lv_obj_destructor)
 <LI><a href="#[b3]">_lv_ll_get_next</a> from lto-llvm-2f102b.o(.text._lv_ll_get_next) referenced from lto-llvm-2f102b.o(.text.lv_obj_destructor)
 <LI><a href="#[b1]">_lv_ll_get_prev</a> from lto-llvm-2f102b.o(.text._lv_ll_get_prev) referenced from lto-llvm-2f102b.o(.text.lv_obj_destructor)
 <LI><a href="#[b0]">_lv_ll_get_tail</a> from lto-llvm-2f102b.o(.text._lv_ll_get_tail) referenced from lto-llvm-2f102b.o(.text.lv_obj_destructor)
 <LI><a href="#[c3]">_out_buffer</a> from lto-llvm-2f102b.o(.text._out_buffer) referenced from lto-llvm-2f102b.o(.text.lv_snprintf)
 <LI><a href="#[c3]">_out_buffer</a> from lto-llvm-2f102b.o(.text._out_buffer) referenced from lto-llvm-2f102b.o(.text.lv_vsnprintf)
 <LI><a href="#[8b]">_out_null</a> from lto-llvm-2f102b.o(.text._out_null) referenced from lto-llvm-2f102b.o(.text._vsnprintf)
 <LI><a href="#[7b]">_printf_input_char</a> from _printf_char_common.o(.text) referenced from _printf_char_common.o(.text)
 <LI><a href="#[78]">_snputc</a> from _snputc.o(.text) referenced 2 times from vsnprintf.o(.text)
 <LI><a href="#[79]">_sputc</a> from _sputc.o(.text) referenced from __2sprintf.o(.text)
 <LI><a href="#[d3]">anim_timer</a> from lto-llvm-2f102b.o(.text.anim_timer) referenced from lto-llvm-2f102b.o(.text.main)
 <LI><a href="#[82]">cmdToBC26Y</a> from lto-llvm-2f102b.o(.text.cmdToBC26Y) referenced from lto-llvm-2f102b.o(.text.Start_BC260Y_init)
 <LI><a href="#[f9]">color_blend_true_color_additive</a> from lto-llvm-2f102b.o(.text.color_blend_true_color_additive) referenced from lto-llvm-2f102b.o(.rodata)
 <LI><a href="#[fb]">color_blend_true_color_multiply</a> from lto-llvm-2f102b.o(.text.color_blend_true_color_multiply) referenced from lto-llvm-2f102b.o(.rodata)
 <LI><a href="#[fa]">color_blend_true_color_subtractive</a> from lto-llvm-2f102b.o(.text.color_blend_true_color_subtractive) referenced from lto-llvm-2f102b.o(.rodata)
 <LI><a href="#[cf]">dark_color_filter_cb</a> from lto-llvm-2f102b.o(.text.dark_color_filter_cb) referenced from lto-llvm-2f102b.o(.text.lv_theme_default_init)
 <LI><a href="#[d9]">disp_flush</a> from lto-llvm-2f102b.o(.text.disp_flush) referenced from lto-llvm-2f102b.o(.text.main)
 <LI><a href="#[7c]">fputc</a> from lto-llvm-2f102b.o(.text.fputc) referenced from _printf_char_file.o(.text)
 <LI><a href="#[d0]">grey_filter_cb</a> from lto-llvm-2f102b.o(.text.grey_filter_cb) referenced from lto-llvm-2f102b.o(.text.lv_theme_default_init)
 <LI><a href="#[93]">hex_char_to_num</a> from lto-llvm-2f102b.o(.text.hex_char_to_num) referenced from lto-llvm-2f102b.o(.text.lv_draw_label)
 <LI><a href="#[eb]">iotStatusUpdate</a> from lto-llvm-2f102b.o(.text.iotStatusUpdate) referenced from lto-llvm-2f102b.o(.text.main)
 <LI><a href="#[a9]">kern_pair_16_compare</a> from lto-llvm-2f102b.o(.text.kern_pair_16_compare) referenced from lto-llvm-2f102b.o(.text.lv_font_get_glyph_dsc_fmt_txt)
 <LI><a href="#[aa]">kern_pair_8_compare</a> from lto-llvm-2f102b.o(.text.kern_pair_8_compare) referenced from lto-llvm-2f102b.o(.text.lv_font_get_glyph_dsc_fmt_txt)
 <LI><a href="#[b9]">lv_anim_path_ease_out</a> from lto-llvm-2f102b.o(.text.lv_anim_path_ease_out) referenced from lto-llvm-2f102b.o(.text.lv_obj_scroll_by)
 <LI><a href="#[b9]">lv_anim_path_ease_out</a> from lto-llvm-2f102b.o(.text.lv_anim_path_ease_out) referenced from lto-llvm-2f102b.o(.text.refr_position)
 <LI><a href="#[8d]">lv_anim_path_linear</a> from lto-llvm-2f102b.o(.text.lv_anim_path_linear) referenced from lto-llvm-2f102b.o(.text.lv_anim_init)
 <LI><a href="#[8d]">lv_anim_path_linear</a> from lto-llvm-2f102b.o(.text.lv_anim_path_linear) referenced from lto-llvm-2f102b.o(.text.lv_style_transition_dsc_init)
 <LI><a href="#[ff]">lv_arc_constructor</a> from lto-llvm-2f102b.o(.text.lv_arc_constructor) referenced from lto-llvm-2f102b.o(.rodata)
 <LI><a href="#[100]">lv_arc_event</a> from lto-llvm-2f102b.o(.text.lv_arc_event) referenced from lto-llvm-2f102b.o(.rodata)
 <LI><a href="#[8e]">lv_area_get_height</a> from lto-llvm-2f102b.o(.text.lv_area_get_height) referenced from lto-llvm-2f102b.o(.text.lv_bar_event)
 <LI><a href="#[89]">lv_area_get_size</a> from lto-llvm-2f102b.o(.text.lv_area_get_size) referenced from lto-llvm-2f102b.o(.text._lv_disp_refr_timer)
 <LI><a href="#[8f]">lv_area_get_width</a> from lto-llvm-2f102b.o(.text.lv_area_get_width) referenced from lto-llvm-2f102b.o(.text.lv_bar_event)
 <LI><a href="#[90]">lv_bar_anim</a> from lto-llvm-2f102b.o(.text.lv_bar_anim) referenced from lto-llvm-2f102b.o(.text.lv_bar_set_value_with_anim)
 <LI><a href="#[91]">lv_bar_anim_ready</a> from lto-llvm-2f102b.o(.text.lv_bar_anim_ready) referenced from lto-llvm-2f102b.o(.text.lv_bar_set_value_with_anim)
 <LI><a href="#[113]">lv_bar_constructor</a> from lto-llvm-2f102b.o(.text.lv_bar_constructor) referenced from lto-llvm-2f102b.o(.rodata)
 <LI><a href="#[114]">lv_bar_destructor</a> from lto-llvm-2f102b.o(.text.lv_bar_destructor) referenced from lto-llvm-2f102b.o(.rodata)
 <LI><a href="#[115]">lv_bar_event</a> from lto-llvm-2f102b.o(.text.lv_bar_event) referenced from lto-llvm-2f102b.o(.rodata)
 <LI><a href="#[a7]">lv_color_mix.504</a> from lto-llvm-2f102b.o(.text.lv_color_mix.504) referenced from lto-llvm-2f102b.o(.text.lv_draw_sw_transform)
 <LI><a href="#[c9]">lv_disp_dpx</a> from lto-llvm-2f102b.o(.text.lv_disp_dpx) referenced from lto-llvm-2f102b.o(.text.lv_theme_default_init)
 <LI><a href="#[96]">lv_draw_mask_angle</a> from lto-llvm-2f102b.o(.text.lv_draw_mask_angle) referenced from lto-llvm-2f102b.o(.text.lv_draw_sw_arc)
 <LI><a href="#[af]">lv_draw_mask_free_param</a> from lto-llvm-2f102b.o(.text.lv_draw_mask_free_param) referenced from lto-llvm-2f102b.o(.text.lv_meter_event)
 <LI><a href="#[94]">lv_draw_mask_line</a> from lto-llvm-2f102b.o(.text.lv_draw_mask_line) referenced from lto-llvm-2f102b.o(.text.lv_draw_mask_line_points_init)
 <LI><a href="#[95]">lv_draw_mask_radius</a> from lto-llvm-2f102b.o(.text.lv_draw_mask_radius) referenced from lto-llvm-2f102b.o(.text.lv_draw_mask_radius_init)
 <LI><a href="#[ae]">lv_draw_mask_radius_init</a> from lto-llvm-2f102b.o(.text.lv_draw_mask_radius_init) referenced from lto-llvm-2f102b.o(.text.lv_meter_event)
 <LI><a href="#[a6]">lv_draw_mask_remove_id</a> from lto-llvm-2f102b.o(.text.lv_draw_mask_remove_id) referenced from lto-llvm-2f102b.o(.text.lv_draw_sw_line)
 <LI><a href="#[99]">lv_draw_sw_arc</a> from lto-llvm-2f102b.o(.text.lv_draw_sw_arc) referenced from lto-llvm-2f102b.o(.text.lv_draw_sw_init_ctx)
 <LI><a href="#[97]">lv_draw_sw_bg</a> from lto-llvm-2f102b.o(.text.lv_draw_sw_bg) referenced from lto-llvm-2f102b.o(.text.lv_draw_sw_init_ctx)
 <LI><a href="#[9b]">lv_draw_sw_blend_basic</a> from lto-llvm-2f102b.o(.text.lv_draw_sw_blend_basic) referenced from lto-llvm-2f102b.o(.text.lv_draw_sw_init_ctx)
 <LI><a href="#[a0]">lv_draw_sw_buffer_copy</a> from lto-llvm-2f102b.o(.text.lv_draw_sw_buffer_copy) referenced from lto-llvm-2f102b.o(.text.lv_draw_sw_init_ctx)
 <LI><a href="#[a5]">lv_draw_sw_img_decoded</a> from lto-llvm-2f102b.o(.text.lv_draw_sw_img_decoded) referenced from lto-llvm-2f102b.o(.text.lv_draw_sw_init_ctx)
 <LI><a href="#[d8]">lv_draw_sw_init_ctx</a> from lto-llvm-2f102b.o(.text.lv_draw_sw_init_ctx) referenced from lto-llvm-2f102b.o(.text.main)
 <LI><a href="#[9e]">lv_draw_sw_layer_adjust</a> from lto-llvm-2f102b.o(.text.lv_draw_sw_layer_adjust) referenced from lto-llvm-2f102b.o(.text.lv_draw_sw_init_ctx)
 <LI><a href="#[9d]">lv_draw_sw_layer_blend</a> from lto-llvm-2f102b.o(.text.lv_draw_sw_layer_blend) referenced from lto-llvm-2f102b.o(.text.lv_draw_sw_init_ctx)
 <LI><a href="#[9f]">lv_draw_sw_layer_create</a> from lto-llvm-2f102b.o(.text.lv_draw_sw_layer_create) referenced from lto-llvm-2f102b.o(.text.lv_draw_sw_init_ctx)
 <LI><a href="#[9c]">lv_draw_sw_layer_destroy</a> from lto-llvm-2f102b.o(.text.lv_draw_sw_layer_destroy) referenced from lto-llvm-2f102b.o(.text.lv_draw_sw_init_ctx)
 <LI><a href="#[9a]">lv_draw_sw_letter</a> from lto-llvm-2f102b.o(.text.lv_draw_sw_letter) referenced from lto-llvm-2f102b.o(.text.lv_draw_sw_init_ctx)
 <LI><a href="#[a4]">lv_draw_sw_line</a> from lto-llvm-2f102b.o(.text.lv_draw_sw_line) referenced from lto-llvm-2f102b.o(.text.lv_draw_sw_init_ctx)
 <LI><a href="#[a3]">lv_draw_sw_polygon</a> from lto-llvm-2f102b.o(.text.lv_draw_sw_polygon) referenced from lto-llvm-2f102b.o(.text.lv_draw_sw_init_ctx)
 <LI><a href="#[98]">lv_draw_sw_rect</a> from lto-llvm-2f102b.o(.text.lv_draw_sw_rect) referenced from lto-llvm-2f102b.o(.text.lv_draw_sw_init_ctx)
 <LI><a href="#[a2]">lv_draw_sw_transform</a> from lto-llvm-2f102b.o(.text.lv_draw_sw_transform) referenced from lto-llvm-2f102b.o(.text.lv_draw_sw_init_ctx)
 <LI><a href="#[a1]">lv_draw_sw_wait_for_finish</a> from lto-llvm-2f102b.o(.text.lv_draw_sw_wait_for_finish) referenced from lto-llvm-2f102b.o(.text.lv_draw_sw_init_ctx)
 <LI><a href="#[101]">lv_dropdown_constructor</a> from lto-llvm-2f102b.o(.text.lv_dropdown_constructor) referenced from lto-llvm-2f102b.o(.rodata)
 <LI><a href="#[102]">lv_dropdown_destructor</a> from lto-llvm-2f102b.o(.text.lv_dropdown_destructor) referenced from lto-llvm-2f102b.o(.rodata)
 <LI><a href="#[103]">lv_dropdown_event</a> from lto-llvm-2f102b.o(.text.lv_dropdown_event) referenced from lto-llvm-2f102b.o(.rodata)
 <LI><a href="#[106]">lv_dropdown_list_event</a> from lto-llvm-2f102b.o(.text.lv_dropdown_list_event) referenced from lto-llvm-2f102b.o(.rodata)
 <LI><a href="#[104]">lv_dropdownlist_constructor</a> from lto-llvm-2f102b.o(.text.lv_dropdownlist_constructor) referenced from lto-llvm-2f102b.o(.rodata)
 <LI><a href="#[105]">lv_dropdownlist_destructor</a> from lto-llvm-2f102b.o(.text.lv_dropdownlist_destructor) referenced from lto-llvm-2f102b.o(.rodata)
 <LI><a href="#[a8]">lv_event_send</a> from lto-llvm-2f102b.o(.text.lv_event_send) referenced from lto-llvm-2f102b.o(.text.lv_dropdown_open)
 <LI><a href="#[a8]">lv_event_send</a> from lto-llvm-2f102b.o(.text.lv_event_send) referenced from lto-llvm-2f102b.o(.text.lv_obj_redraw)
 <LI><a href="#[a8]">lv_event_send</a> from lto-llvm-2f102b.o(.text.lv_event_send) referenced from lto-llvm-2f102b.o(.text.refr_obj_and_children)
 <LI><a href="#[119]">lv_font_get_bitmap_fmt_txt</a> from lto-llvm-2f102b.o(.text.lv_font_get_bitmap_fmt_txt) referenced 7 times from lto-llvm-2f102b.o(.rodata)
 <LI><a href="#[118]">lv_font_get_glyph_dsc_fmt_txt</a> from lto-llvm-2f102b.o(.text.lv_font_get_glyph_dsc_fmt_txt) referenced 7 times from lto-llvm-2f102b.o(.rodata)
 <LI><a href="#[107]">lv_img_constructor</a> from lto-llvm-2f102b.o(.text.lv_img_constructor) referenced from lto-llvm-2f102b.o(.rodata)
 <LI><a href="#[d4]">lv_img_decoder_built_in_close</a> from lto-llvm-2f102b.o(.text.lv_img_decoder_built_in_close) referenced from lto-llvm-2f102b.o(.text.main)
 <LI><a href="#[d7]">lv_img_decoder_built_in_info</a> from lto-llvm-2f102b.o(.text.lv_img_decoder_built_in_info) referenced from lto-llvm-2f102b.o(.text.main)
 <LI><a href="#[d6]">lv_img_decoder_built_in_open</a> from lto-llvm-2f102b.o(.text.lv_img_decoder_built_in_open) referenced from lto-llvm-2f102b.o(.text.main)
 <LI><a href="#[d5]">lv_img_decoder_built_in_read_line</a> from lto-llvm-2f102b.o(.text.lv_img_decoder_built_in_read_line) referenced from lto-llvm-2f102b.o(.text.main)
 <LI><a href="#[108]">lv_img_destructor</a> from lto-llvm-2f102b.o(.text.lv_img_destructor) referenced from lto-llvm-2f102b.o(.rodata)
 <LI><a href="#[109]">lv_img_event</a> from lto-llvm-2f102b.o(.text.lv_img_event) referenced from lto-llvm-2f102b.o(.rodata)
 <LI><a href="#[10f]">lv_label_constructor</a> from lto-llvm-2f102b.o(.text.lv_label_constructor) referenced from lto-llvm-2f102b.o(.rodata)
 <LI><a href="#[e7]">lv_label_create</a> from lto-llvm-2f102b.o(.text.lv_label_create) referenced from lto-llvm-2f102b.o(.text.main)
 <LI><a href="#[110]">lv_label_destructor</a> from lto-llvm-2f102b.o(.text.lv_label_destructor) referenced from lto-llvm-2f102b.o(.rodata)
 <LI><a href="#[111]">lv_label_event</a> from lto-llvm-2f102b.o(.text.lv_label_event) referenced from lto-llvm-2f102b.o(.rodata)
 <LI><a href="#[e8]">lv_label_set_text</a> from lto-llvm-2f102b.o(.text.lv_label_set_text) referenced from lto-llvm-2f102b.o(.text.main)
 <LI><a href="#[85]">lv_label_set_text_fmt</a> from lto-llvm-2f102b.o(.text.lv_label_set_text_fmt) referenced from lto-llvm-2f102b.o(.text.Start_LVGL_Meter)
 <LI><a href="#[fc]">lv_meter_constructor</a> from lto-llvm-2f102b.o(.text.lv_meter_constructor) referenced from lto-llvm-2f102b.o(.rodata)
 <LI><a href="#[fd]">lv_meter_destructor</a> from lto-llvm-2f102b.o(.text.lv_meter_destructor) referenced from lto-llvm-2f102b.o(.rodata)
 <LI><a href="#[fe]">lv_meter_event</a> from lto-llvm-2f102b.o(.text.lv_meter_event) referenced from lto-llvm-2f102b.o(.rodata)
 <LI><a href="#[f8]">lv_obj_add_style</a> from lto-llvm-2f102b.o(.text.lv_obj_add_style) referenced from lto-llvm-2f102b.o(.text.theme_apply)
 <LI><a href="#[dc]">lv_obj_clear_flag</a> from lto-llvm-2f102b.o(.text.lv_obj_clear_flag) referenced from lto-llvm-2f102b.o(.text.main)
 <LI><a href="#[10a]">lv_obj_constructor</a> from lto-llvm-2f102b.o(.text.lv_obj_constructor) referenced from lto-llvm-2f102b.o(.rodata)
 <LI><a href="#[db]">lv_obj_create</a> from lto-llvm-2f102b.o(.text.lv_obj_create) referenced from lto-llvm-2f102b.o(.text.main)
 <LI><a href="#[10b]">lv_obj_destructor</a> from lto-llvm-2f102b.o(.text.lv_obj_destructor) referenced from lto-llvm-2f102b.o(.rodata)
 <LI><a href="#[10c]">lv_obj_event</a> from lto-llvm-2f102b.o(.text.lv_obj_event) referenced from lto-llvm-2f102b.o(.rodata)
 <LI><a href="#[ab]">lv_obj_get_style_prop</a> from lto-llvm-2f102b.o(.text.lv_obj_get_style_prop) referenced from lto-llvm-2f102b.o(.text.lv_img_set_src)
 <LI><a href="#[ab]">lv_obj_get_style_prop</a> from lto-llvm-2f102b.o(.text.lv_obj_get_style_prop) referenced from lto-llvm-2f102b.o(.text.lv_obj_init_draw_label_dsc)
 <LI><a href="#[ab]">lv_obj_get_style_prop</a> from lto-llvm-2f102b.o(.text.lv_obj_get_style_prop) referenced from lto-llvm-2f102b.o(.text.lv_obj_init_draw_rect_dsc)
 <LI><a href="#[ab]">lv_obj_get_style_prop</a> from lto-llvm-2f102b.o(.text.lv_obj_get_style_prop) referenced from lto-llvm-2f102b.o(.text.lv_roller_event)
 <LI><a href="#[e1]">lv_obj_set_align</a> from lto-llvm-2f102b.o(.text.lv_obj_set_align) referenced from lto-llvm-2f102b.o(.text.main)
 <LI><a href="#[de]">lv_obj_set_height</a> from lto-llvm-2f102b.o(.text.lv_obj_set_height) referenced from lto-llvm-2f102b.o(.text.main)
 <LI><a href="#[e9]">lv_obj_set_style_bg_color</a> from lto-llvm-2f102b.o(.text.lv_obj_set_style_bg_color) referenced from lto-llvm-2f102b.o(.text.main)
 <LI><a href="#[ea]">lv_obj_set_style_bg_opa</a> from lto-llvm-2f102b.o(.text.lv_obj_set_style_bg_opa) referenced from lto-llvm-2f102b.o(.text.main)
 <LI><a href="#[e4]">lv_obj_set_style_text_color</a> from lto-llvm-2f102b.o(.text.lv_obj_set_style_text_color) referenced from lto-llvm-2f102b.o(.text.main)
 <LI><a href="#[e6]">lv_obj_set_style_text_font</a> from lto-llvm-2f102b.o(.text.lv_obj_set_style_text_font) referenced from lto-llvm-2f102b.o(.text.main)
 <LI><a href="#[e5]">lv_obj_set_style_text_opa</a> from lto-llvm-2f102b.o(.text.lv_obj_set_style_text_opa) referenced from lto-llvm-2f102b.o(.text.main)
 <LI><a href="#[dd]">lv_obj_set_width</a> from lto-llvm-2f102b.o(.text.lv_obj_set_width) referenced from lto-llvm-2f102b.o(.text.main)
 <LI><a href="#[df]">lv_obj_set_x</a> from lto-llvm-2f102b.o(.text.lv_obj_set_x) referenced from lto-llvm-2f102b.o(.text.main)
 <LI><a href="#[e0]">lv_obj_set_y</a> from lto-llvm-2f102b.o(.text.lv_obj_set_y) referenced from lto-llvm-2f102b.o(.text.main)
 <LI><a href="#[b6]">lv_obj_transform_point</a> from lto-llvm-2f102b.o(.text.lv_obj_transform_point) referenced from lto-llvm-2f102b.o(.text.lv_obj_get_transformed_area)
 <LI><a href="#[8a]">lv_point_transform</a> from lto-llvm-2f102b.o(.text.lv_point_transform) referenced from lto-llvm-2f102b.o(.text._lv_img_buf_get_transformed_area)
 <LI><a href="#[10d]">lv_roller_constructor</a> from lto-llvm-2f102b.o(.text.lv_roller_constructor) referenced from lto-llvm-2f102b.o(.rodata)
 <LI><a href="#[10e]">lv_roller_event</a> from lto-llvm-2f102b.o(.text.lv_roller_event) referenced from lto-llvm-2f102b.o(.rodata)
 <LI><a href="#[112]">lv_roller_label_event</a> from lto-llvm-2f102b.o(.text.lv_roller_label_event) referenced from lto-llvm-2f102b.o(.rodata)
 <LI><a href="#[116]">lv_slider_constructor</a> from lto-llvm-2f102b.o(.text.lv_slider_constructor) referenced from lto-llvm-2f102b.o(.rodata)
 <LI><a href="#[117]">lv_slider_event</a> from lto-llvm-2f102b.o(.text.lv_slider_event) referenced from lto-llvm-2f102b.o(.rodata)
 <LI><a href="#[b7]">lv_style_prop_has_flag</a> from lto-llvm-2f102b.o(.text.lv_style_prop_has_flag) referenced from lto-llvm-2f102b.o(.text.lv_obj_refresh_style)
 <LI><a href="#[c7]">lv_style_set_bg_color</a> from lto-llvm-2f102b.o(.text.lv_style_set_bg_color) referenced from lto-llvm-2f102b.o(.text.lv_theme_default_init)
 <LI><a href="#[ca]">lv_style_set_bg_opa</a> from lto-llvm-2f102b.o(.text.lv_style_set_bg_opa) referenced from lto-llvm-2f102b.o(.text.lv_theme_default_init)
 <LI><a href="#[d1]">lv_style_set_pad_all</a> from lto-llvm-2f102b.o(.text.lv_style_set_pad_all) referenced from lto-llvm-2f102b.o(.text.lv_theme_default_init)
 <LI><a href="#[cd]">lv_style_set_pad_column</a> from lto-llvm-2f102b.o(.text.lv_style_set_pad_column) referenced from lto-llvm-2f102b.o(.text.lv_theme_default_init)
 <LI><a href="#[ce]">lv_style_set_pad_row</a> from lto-llvm-2f102b.o(.text.lv_style_set_pad_row) referenced from lto-llvm-2f102b.o(.text.lv_theme_default_init)
 <LI><a href="#[cb]">lv_style_set_prop</a> from lto-llvm-2f102b.o(.text.lv_style_set_prop) referenced from lto-llvm-2f102b.o(.text.lv_theme_default_init)
 <LI><a href="#[c8]">lv_style_set_radius</a> from lto-llvm-2f102b.o(.text.lv_style_set_radius) referenced from lto-llvm-2f102b.o(.text.lv_theme_default_init)
 <LI><a href="#[cc]">lv_style_set_text_color</a> from lto-llvm-2f102b.o(.text.lv_style_set_text_color) referenced from lto-llvm-2f102b.o(.text.lv_theme_default_init)
 <LI><a href="#[c6]">lv_style_set_transition</a> from lto-llvm-2f102b.o(.text.lv_style_set_transition) referenced from lto-llvm-2f102b.o(.text.lv_theme_default_init)
 <LI><a href="#[92]">lv_trigo_sin</a> from lto-llvm-2f102b.o(.text.lv_trigo_sin) referenced from lto-llvm-2f102b.o(.text.lv_draw_arc_get_area)
 <LI><a href="#[92]">lv_trigo_sin</a> from lto-llvm-2f102b.o(.text.lv_trigo_sin) referenced from lto-llvm-2f102b.o(.text.lv_draw_sw_arc)
 <LI><a href="#[92]">lv_trigo_sin</a> from lto-llvm-2f102b.o(.text.lv_trigo_sin) referenced from lto-llvm-2f102b.o(.text.lv_draw_sw_transform)
 <LI><a href="#[92]">lv_trigo_sin</a> from lto-llvm-2f102b.o(.text.lv_trigo_sin) referenced from lto-llvm-2f102b.o(.text.lv_point_transform)
 <LI><a href="#[f4]">meter_set_value</a> from lto-llvm-2f102b.o(.text.meter_set_value) referenced from lto-llvm-2f102b.o(.text.meterAnimation)
 <LI><a href="#[c0]">opa_scale_anim</a> from lto-llvm-2f102b.o(.text.opa_scale_anim) referenced from lto-llvm-2f102b.o(.text.lv_scr_load_anim)
 <LI><a href="#[ed]">osThreadNew</a> from lto-llvm-2f102b.o(.text.osThreadNew) referenced from lto-llvm-2f102b.o(.text.main)
 <LI><a href="#[f2]">prvIdleTask</a> from lto-llvm-2f102b.o(.text.prvIdleTask) referenced from lto-llvm-2f102b.o(.text.main)
 <LI><a href="#[f6]">prvTaskExitError</a> from lto-llvm-2f102b.o(.text.prvTaskExitError) referenced from lto-llvm-2f102b.o(.text.prvInitialiseNewTask)
 <LI><a href="#[f3]">prvTimerTask</a> from lto-llvm-2f102b.o(.text.prvTimerTask) referenced from lto-llvm-2f102b.o(.text.main)
 <LI><a href="#[83]">puts</a> from puts.o(.text) referenced from lto-llvm-2f102b.o(.text.Start_BC260Y_init)
 <LI><a href="#[83]">puts</a> from puts.o(.text) referenced from lto-llvm-2f102b.o(.text.Start_IotUploadTask)
 <LI><a href="#[be]">scr_anim_ready</a> from lto-llvm-2f102b.o(.text.scr_anim_ready) referenced from lto-llvm-2f102b.o(.text.lv_scr_load_anim)
 <LI><a href="#[bf]">scr_load_anim_start</a> from lto-llvm-2f102b.o(.text.scr_load_anim_start) referenced from lto-llvm-2f102b.o(.text.lv_scr_load_anim)
 <LI><a href="#[b8]">scroll_anim_ready_cb</a> from lto-llvm-2f102b.o(.text.scroll_anim_ready_cb) referenced from lto-llvm-2f102b.o(.text.lv_obj_scroll_by)
 <LI><a href="#[f7]">scroll_anim_ready_cb.1014</a> from lto-llvm-2f102b.o(.text.scroll_anim_ready_cb.1014) referenced from lto-llvm-2f102b.o(.text.refr_position)
 <LI><a href="#[b5]">scroll_x_anim</a> from lto-llvm-2f102b.o(.text.scroll_x_anim) referenced from lto-llvm-2f102b.o(.text.lv_obj_event)
 <LI><a href="#[b5]">scroll_x_anim</a> from lto-llvm-2f102b.o(.text.scroll_x_anim) referenced from lto-llvm-2f102b.o(.text.lv_obj_scroll_to_x)
 <LI><a href="#[b4]">scroll_y_anim</a> from lto-llvm-2f102b.o(.text.scroll_y_anim) referenced from lto-llvm-2f102b.o(.text.lv_obj_event)
 <LI><a href="#[b4]">scroll_y_anim</a> from lto-llvm-2f102b.o(.text.scroll_y_anim) referenced from lto-llvm-2f102b.o(.text.lv_obj_scroll_to_y)
 <LI><a href="#[ac]">set_ofs_x_anim</a> from lto-llvm-2f102b.o(.text.set_ofs_x_anim) referenced from lto-llvm-2f102b.o(.text.lv_label_constructor)
 <LI><a href="#[ac]">set_ofs_x_anim</a> from lto-llvm-2f102b.o(.text.set_ofs_x_anim) referenced from lto-llvm-2f102b.o(.text.lv_label_refr_text)
 <LI><a href="#[ad]">set_ofs_y_anim</a> from lto-llvm-2f102b.o(.text.set_ofs_y_anim) referenced from lto-llvm-2f102b.o(.text.lv_label_constructor)
 <LI><a href="#[ad]">set_ofs_y_anim</a> from lto-llvm-2f102b.o(.text.set_ofs_y_anim) referenced from lto-llvm-2f102b.o(.text.lv_label_refr_text)
 <LI><a href="#[e2]">set_value</a> from lto-llvm-2f102b.o(.text.set_value) referenced from lto-llvm-2f102b.o(.text.main)
 <LI><a href="#[c2]">set_x_anim</a> from lto-llvm-2f102b.o(.text.set_x_anim) referenced from lto-llvm-2f102b.o(.text.lv_scr_load_anim)
 <LI><a href="#[c1]">set_y_anim</a> from lto-llvm-2f102b.o(.text.set_y_anim) referenced from lto-llvm-2f102b.o(.text.lv_scr_load_anim)
 <LI><a href="#[bd]">set_y_anim.1010</a> from lto-llvm-2f102b.o(.text.set_y_anim.1010) referenced from lto-llvm-2f102b.o(.text.lv_roller_event)
 <LI><a href="#[bd]">set_y_anim.1010</a> from lto-llvm-2f102b.o(.text.set_y_anim.1010) referenced from lto-llvm-2f102b.o(.text.refr_position)
 <LI><a href="#[c5]">style_init_reset</a> from lto-llvm-2f102b.o(.text.style_init_reset) referenced from lto-llvm-2f102b.o(.text.lv_theme_default_init)
 <LI><a href="#[c4]">theme_apply</a> from lto-llvm-2f102b.o(.text.theme_apply) referenced from lto-llvm-2f102b.o(.text.lv_theme_default_init)
 <LI><a href="#[bc]">trans_anim_cb</a> from lto-llvm-2f102b.o(.text.trans_anim_cb) referenced from lto-llvm-2f102b.o(.text.lv_obj_set_state)
 <LI><a href="#[ba]">trans_anim_ready_cb</a> from lto-llvm-2f102b.o(.text.trans_anim_ready_cb) referenced from lto-llvm-2f102b.o(.text.lv_obj_set_state)
 <LI><a href="#[bb]">trans_anim_start_cb</a> from lto-llvm-2f102b.o(.text.trans_anim_start_cb) referenced from lto-llvm-2f102b.o(.text.lv_obj_set_state)
 <LI><a href="#[e3]">ui_event_startup</a> from lto-llvm-2f102b.o(.text.ui_event_startup) referenced from lto-llvm-2f102b.o(.text.main)
 <LI><a href="#[8c]">unicode_list_compare</a> from lto-llvm-2f102b.o(.text.unicode_list_compare) referenced from lto-llvm-2f102b.o(.text.get_glyph_dsc_id)
 <LI><a href="#[f5]">vEventGroupSetBitsCallback</a> from lto-llvm-2f102b.o(.text.vEventGroupSetBitsCallback) referenced from lto-llvm-2f102b.o(.text.osEventFlagsSet)
</UL>
<P>
<H3>
Global Symbols
</H3>
<P><STRONG><a name="[77]"></a>__main</STRONG> (Thumb, 8 bytes, Stack size 0 bytes, __main.o(!!!main))
<BR><BR>[Calls]<UL><LI><a href="#[12e]">&gt;&gt;</a>&nbsp;&nbsp;&nbsp;__rt_entry
<LI><a href="#[12d]">&gt;&gt;</a>&nbsp;&nbsp;&nbsp;__scatterload
</UL>
<BR>[Address Reference Count : 1]<UL><LI> startup_stm32f407xx.o(.text)
</UL>
<P><STRONG><a name="[12d]"></a>__scatterload</STRONG> (Thumb, 0 bytes, Stack size unknown bytes, __scatter.o(!!!scatter))
<BR><BR>[Called By]<UL><LI><a href="#[77]">&gt;&gt;</a>&nbsp;&nbsp;&nbsp;__main
</UL>

<P><STRONG><a name="[12f]"></a>__scatterload_rt2</STRONG> (Thumb, 44 bytes, Stack size unknown bytes, __scatter.o(!!!scatter), UNUSED)
<BR><BR>[Calls]<UL><LI><a href="#[12e]">&gt;&gt;</a>&nbsp;&nbsp;&nbsp;__rt_entry
</UL>

<P><STRONG><a name="[457]"></a>__scatterload_rt2_thumb_only</STRONG> (Thumb, 0 bytes, Stack size unknown bytes, __scatter.o(!!!scatter), UNUSED)

<P><STRONG><a name="[458]"></a>__scatterload_null</STRONG> (Thumb, 0 bytes, Stack size unknown bytes, __scatter.o(!!!scatter), UNUSED)

<P><STRONG><a name="[459]"></a>__decompress</STRONG> (Thumb, 90 bytes, Stack size unknown bytes, __dczerorl2.o(!!dczerorl2), UNUSED)

<P><STRONG><a name="[45a]"></a>__decompress1</STRONG> (Thumb, 0 bytes, Stack size unknown bytes, __dczerorl2.o(!!dczerorl2), UNUSED)

<P><STRONG><a name="[45b]"></a>__scatterload_zeroinit</STRONG> (Thumb, 28 bytes, Stack size unknown bytes, __scatter_zi.o(!!handler_zi), UNUSED)

<P><STRONG><a name="[130]"></a>_printf_n</STRONG> (Thumb, 0 bytes, Stack size unknown bytes, _printf_n.o(.ARM.Collect$$_printf_percent$$00000001))
<BR><BR>[Calls]<UL><LI><a href="#[131]">&gt;&gt;</a>&nbsp;&nbsp;&nbsp;_printf_charcount
</UL>

<P><STRONG><a name="[17e]"></a>_printf_percent</STRONG> (Thumb, 0 bytes, Stack size unknown bytes, _printf_percent.o(.ARM.Collect$$_printf_percent$$00000000))
<BR><BR>[Called By]<UL><LI><a href="#[17c]">&gt;&gt;</a>&nbsp;&nbsp;&nbsp;__printf
</UL>

<P><STRONG><a name="[132]"></a>_printf_p</STRONG> (Thumb, 0 bytes, Stack size unknown bytes, _printf_p.o(.ARM.Collect$$_printf_percent$$00000002))
<BR><BR>[Stack]<UL><LI>Max Depth = 64 + Unknown Stack Size
<LI>Call Chain = _printf_p &rArr; _printf_hex_ptr &rArr; _printf_longlong_hex &rArr; _printf_int_common &rArr; _printf_post_padding
</UL>
<BR>[Calls]<UL><LI><a href="#[133]">&gt;&gt;</a>&nbsp;&nbsp;&nbsp;_printf_hex_ptr
</UL>

<P><STRONG><a name="[134]"></a>_printf_f</STRONG> (Thumb, 0 bytes, Stack size unknown bytes, _printf_f.o(.ARM.Collect$$_printf_percent$$00000003))
<BR><BR>[Stack]<UL><LI>Max Depth = 324 + Unknown Stack Size
<LI>Call Chain = _printf_f &rArr; _printf_fp_dec &rArr; _printf_fp_dec_real &rArr; _fp_digits &rArr; _btod_etento &rArr; _btod_emul &rArr; _e2e
</UL>
<BR>[Calls]<UL><LI><a href="#[135]">&gt;&gt;</a>&nbsp;&nbsp;&nbsp;_printf_fp_dec
</UL>

<P><STRONG><a name="[136]"></a>_printf_e</STRONG> (Thumb, 0 bytes, Stack size unknown bytes, _printf_e.o(.ARM.Collect$$_printf_percent$$00000004))
<BR><BR>[Stack]<UL><LI>Max Depth = 324 + Unknown Stack Size
<LI>Call Chain = _printf_e &rArr; _printf_fp_dec &rArr; _printf_fp_dec_real &rArr; _fp_digits &rArr; _btod_etento &rArr; _btod_emul &rArr; _e2e
</UL>
<BR>[Calls]<UL><LI><a href="#[135]">&gt;&gt;</a>&nbsp;&nbsp;&nbsp;_printf_fp_dec
</UL>

<P><STRONG><a name="[137]"></a>_printf_g</STRONG> (Thumb, 0 bytes, Stack size unknown bytes, _printf_g.o(.ARM.Collect$$_printf_percent$$00000005))
<BR><BR>[Stack]<UL><LI>Max Depth = 324 + Unknown Stack Size
<LI>Call Chain = _printf_g &rArr; _printf_fp_dec &rArr; _printf_fp_dec_real &rArr; _fp_digits &rArr; _btod_etento &rArr; _btod_emul &rArr; _e2e
</UL>
<BR>[Calls]<UL><LI><a href="#[135]">&gt;&gt;</a>&nbsp;&nbsp;&nbsp;_printf_fp_dec
</UL>

<P><STRONG><a name="[138]"></a>_printf_a</STRONG> (Thumb, 0 bytes, Stack size unknown bytes, _printf_a.o(.ARM.Collect$$_printf_percent$$00000006))
<BR><BR>[Stack]<UL><LI>Max Depth = 112 + Unknown Stack Size
<LI>Call Chain = _printf_a &rArr; _printf_fp_hex &rArr; _printf_fp_hex_real &rArr; _printf_fp_infnan &rArr; _printf_post_padding
</UL>
<BR>[Calls]<UL><LI><a href="#[139]">&gt;&gt;</a>&nbsp;&nbsp;&nbsp;_printf_fp_hex
</UL>

<P><STRONG><a name="[45c]"></a>_printf_ll</STRONG> (Thumb, 0 bytes, Stack size unknown bytes, _printf_ll.o(.ARM.Collect$$_printf_percent$$00000007))

<P><STRONG><a name="[13a]"></a>_printf_i</STRONG> (Thumb, 0 bytes, Stack size unknown bytes, _printf_i.o(.ARM.Collect$$_printf_percent$$00000008))
<BR><BR>[Stack]<UL><LI>Max Depth = 72 + Unknown Stack Size
<LI>Call Chain = _printf_i &rArr; _printf_int_dec &rArr; _printf_int_common &rArr; _printf_post_padding
</UL>
<BR>[Calls]<UL><LI><a href="#[13b]">&gt;&gt;</a>&nbsp;&nbsp;&nbsp;_printf_int_dec
</UL>

<P><STRONG><a name="[13c]"></a>_printf_d</STRONG> (Thumb, 0 bytes, Stack size unknown bytes, _printf_d.o(.ARM.Collect$$_printf_percent$$00000009))
<BR><BR>[Stack]<UL><LI>Max Depth = 72 + Unknown Stack Size
<LI>Call Chain = _printf_d &rArr; _printf_int_dec &rArr; _printf_int_common &rArr; _printf_post_padding
</UL>
<BR>[Calls]<UL><LI><a href="#[13b]">&gt;&gt;</a>&nbsp;&nbsp;&nbsp;_printf_int_dec
</UL>

<P><STRONG><a name="[13d]"></a>_printf_u</STRONG> (Thumb, 0 bytes, Stack size unknown bytes, _printf_u.o(.ARM.Collect$$_printf_percent$$0000000A))
<BR><BR>[Stack]<UL><LI>Max Depth = 72 + Unknown Stack Size
<LI>Call Chain = _printf_u &rArr; _printf_int_dec &rArr; _printf_int_common &rArr; _printf_post_padding
</UL>
<BR>[Calls]<UL><LI><a href="#[13b]">&gt;&gt;</a>&nbsp;&nbsp;&nbsp;_printf_int_dec
</UL>

<P><STRONG><a name="[13e]"></a>_printf_o</STRONG> (Thumb, 0 bytes, Stack size unknown bytes, _printf_o.o(.ARM.Collect$$_printf_percent$$0000000B))
<BR><BR>[Stack]<UL><LI>Max Depth = 64 + Unknown Stack Size
<LI>Call Chain = _printf_o &rArr; _printf_int_oct &rArr; _printf_longlong_oct &rArr; _printf_int_common &rArr; _printf_post_padding
</UL>
<BR>[Calls]<UL><LI><a href="#[13f]">&gt;&gt;</a>&nbsp;&nbsp;&nbsp;_printf_int_oct
</UL>

<P><STRONG><a name="[140]"></a>_printf_x</STRONG> (Thumb, 0 bytes, Stack size unknown bytes, _printf_x.o(.ARM.Collect$$_printf_percent$$0000000C))
<BR><BR>[Stack]<UL><LI>Max Depth = 80 + Unknown Stack Size
<LI>Call Chain = _printf_x &rArr; _printf_int_hex &rArr; _printf_longlong_hex &rArr; _printf_int_common &rArr; _printf_post_padding
</UL>
<BR>[Calls]<UL><LI><a href="#[141]">&gt;&gt;</a>&nbsp;&nbsp;&nbsp;_printf_int_hex
</UL>

<P><STRONG><a name="[142]"></a>_printf_lli</STRONG> (Thumb, 0 bytes, Stack size unknown bytes, _printf_lli.o(.ARM.Collect$$_printf_percent$$0000000D))
<BR><BR>[Stack]<UL><LI>Max Depth = 72 + Unknown Stack Size
<LI>Call Chain = _printf_lli &rArr; _printf_longlong_dec &rArr; _printf_int_common &rArr; _printf_post_padding
</UL>
<BR>[Calls]<UL><LI><a href="#[143]">&gt;&gt;</a>&nbsp;&nbsp;&nbsp;_printf_longlong_dec
</UL>

<P><STRONG><a name="[144]"></a>_printf_lld</STRONG> (Thumb, 0 bytes, Stack size unknown bytes, _printf_lld.o(.ARM.Collect$$_printf_percent$$0000000E))
<BR><BR>[Stack]<UL><LI>Max Depth = 72 + Unknown Stack Size
<LI>Call Chain = _printf_lld &rArr; _printf_longlong_dec &rArr; _printf_int_common &rArr; _printf_post_padding
</UL>
<BR>[Calls]<UL><LI><a href="#[143]">&gt;&gt;</a>&nbsp;&nbsp;&nbsp;_printf_longlong_dec
</UL>

<P><STRONG><a name="[145]"></a>_printf_llu</STRONG> (Thumb, 0 bytes, Stack size unknown bytes, _printf_llu.o(.ARM.Collect$$_printf_percent$$0000000F))
<BR><BR>[Stack]<UL><LI>Max Depth = 72 + Unknown Stack Size
<LI>Call Chain = _printf_llu &rArr; _printf_longlong_dec &rArr; _printf_int_common &rArr; _printf_post_padding
</UL>
<BR>[Calls]<UL><LI><a href="#[143]">&gt;&gt;</a>&nbsp;&nbsp;&nbsp;_printf_longlong_dec
</UL>

<P><STRONG><a name="[146]"></a>_printf_llo</STRONG> (Thumb, 0 bytes, Stack size unknown bytes, _printf_llo.o(.ARM.Collect$$_printf_percent$$00000010))
<BR><BR>[Stack]<UL><LI>Max Depth = 56 + Unknown Stack Size
<LI>Call Chain = _printf_llo &rArr; _printf_ll_oct &rArr; _printf_longlong_oct &rArr; _printf_int_common &rArr; _printf_post_padding
</UL>
<BR>[Calls]<UL><LI><a href="#[147]">&gt;&gt;</a>&nbsp;&nbsp;&nbsp;_printf_ll_oct
</UL>

<P><STRONG><a name="[148]"></a>_printf_llx</STRONG> (Thumb, 0 bytes, Stack size unknown bytes, _printf_llx.o(.ARM.Collect$$_printf_percent$$00000011))
<BR><BR>[Stack]<UL><LI>Max Depth = 64 + Unknown Stack Size
<LI>Call Chain = _printf_llx &rArr; _printf_ll_hex &rArr; _printf_longlong_hex &rArr; _printf_int_common &rArr; _printf_post_padding
</UL>
<BR>[Calls]<UL><LI><a href="#[149]">&gt;&gt;</a>&nbsp;&nbsp;&nbsp;_printf_ll_hex
</UL>

<P><STRONG><a name="[45d]"></a>_printf_l</STRONG> (Thumb, 0 bytes, Stack size unknown bytes, _printf_l.o(.ARM.Collect$$_printf_percent$$00000012))

<P><STRONG><a name="[14a]"></a>_printf_c</STRONG> (Thumb, 0 bytes, Stack size unknown bytes, _printf_c.o(.ARM.Collect$$_printf_percent$$00000013))
<BR><BR>[Stack]<UL><LI>Max Depth = 40 + Unknown Stack Size
<LI>Call Chain = _printf_c &rArr; _printf_char &rArr; _printf_cs_common &rArr; _printf_str &rArr; _printf_post_padding
</UL>
<BR>[Calls]<UL><LI><a href="#[14b]">&gt;&gt;</a>&nbsp;&nbsp;&nbsp;_printf_char
</UL>

<P><STRONG><a name="[14c]"></a>_printf_s</STRONG> (Thumb, 0 bytes, Stack size unknown bytes, _printf_s.o(.ARM.Collect$$_printf_percent$$00000014))
<BR><BR>[Stack]<UL><LI>Max Depth = 40 + Unknown Stack Size
<LI>Call Chain = _printf_s &rArr; _printf_string &rArr; _printf_cs_common &rArr; _printf_str &rArr; _printf_post_padding
</UL>
<BR>[Calls]<UL><LI><a href="#[14d]">&gt;&gt;</a>&nbsp;&nbsp;&nbsp;_printf_string
</UL>

<P><STRONG><a name="[14e]"></a>_printf_lc</STRONG> (Thumb, 0 bytes, Stack size unknown bytes, _printf_lc.o(.ARM.Collect$$_printf_percent$$00000015))
<BR><BR>[Stack]<UL><LI>Max Depth = 88 + Unknown Stack Size
<LI>Call Chain = _printf_lc &rArr; _printf_wchar &rArr; _printf_lcs_common &rArr; _printf_wctomb &rArr; _wcrtomb
</UL>
<BR>[Calls]<UL><LI><a href="#[14f]">&gt;&gt;</a>&nbsp;&nbsp;&nbsp;_printf_wchar
</UL>

<P><STRONG><a name="[150]"></a>_printf_ls</STRONG> (Thumb, 0 bytes, Stack size unknown bytes, _printf_ls.o(.ARM.Collect$$_printf_percent$$00000016))
<BR><BR>[Stack]<UL><LI>Max Depth = 88 + Unknown Stack Size
<LI>Call Chain = _printf_ls &rArr; _printf_wstring &rArr; _printf_lcs_common &rArr; _printf_wctomb &rArr; _wcrtomb
</UL>
<BR>[Calls]<UL><LI><a href="#[151]">&gt;&gt;</a>&nbsp;&nbsp;&nbsp;_printf_wstring
</UL>

<P><STRONG><a name="[45e]"></a>_printf_percent_end</STRONG> (Thumb, 0 bytes, Stack size unknown bytes, _printf_percent_end.o(.ARM.Collect$$_printf_percent$$00000017))

<P><STRONG><a name="[162]"></a>__rt_lib_init</STRONG> (Thumb, 0 bytes, Stack size unknown bytes, libinit.o(.ARM.Collect$$libinit$$00000000))
<BR><BR>[Called By]<UL><LI><a href="#[161]">&gt;&gt;</a>&nbsp;&nbsp;&nbsp;__rt_entry_li
</UL>

<P><STRONG><a name="[152]"></a>__rt_lib_init_fp_1</STRONG> (Thumb, 0 bytes, Stack size unknown bytes, libinit2.o(.ARM.Collect$$libinit$$00000001))
<BR><BR>[Calls]<UL><LI><a href="#[153]">&gt;&gt;</a>&nbsp;&nbsp;&nbsp;_fp_init
</UL>

<P><STRONG><a name="[154]"></a>__rt_lib_init_heap_2</STRONG> (Thumb, 0 bytes, Stack size unknown bytes, libinit2.o(.ARM.Collect$$libinit$$00000007))
<BR><BR>[Stack]<UL><LI>Max Depth = 64 + Unknown Stack Size
<LI>Call Chain = __rt_lib_init_heap_2 &rArr; _init_alloc &rArr; __rt_SIGRTMEM &rArr; __rt_SIGRTMEM_inner &rArr; __default_signal_display &rArr; _ttywrch
</UL>
<BR>[Calls]<UL><LI><a href="#[155]">&gt;&gt;</a>&nbsp;&nbsp;&nbsp;_init_alloc
</UL>

<P><STRONG><a name="[45f]"></a>__rt_lib_init_preinit_1</STRONG> (Thumb, 0 bytes, Stack size unknown bytes, libinit2.o(.ARM.Collect$$libinit$$00000006))

<P><STRONG><a name="[460]"></a>__rt_lib_init_relocate_pie_1</STRONG> (Thumb, 0 bytes, Stack size unknown bytes, libinit2.o(.ARM.Collect$$libinit$$00000004))

<P><STRONG><a name="[461]"></a>__rt_lib_init_heap_1</STRONG> (Thumb, 0 bytes, Stack size unknown bytes, libinit2.o(.ARM.Collect$$libinit$$0000000C))

<P><STRONG><a name="[156]"></a>__rt_lib_init_lc_common</STRONG> (Thumb, 0 bytes, Stack size unknown bytes, libinit2.o(.ARM.Collect$$libinit$$00000011))
<BR><BR>[Calls]<UL><LI><a href="#[157]">&gt;&gt;</a>&nbsp;&nbsp;&nbsp;__rt_locale
</UL>

<P><STRONG><a name="[462]"></a>__rt_lib_init_rand_1</STRONG> (Thumb, 0 bytes, Stack size unknown bytes, libinit2.o(.ARM.Collect$$libinit$$00000010))

<P><STRONG><a name="[463]"></a>__rt_lib_init_user_alloc_1</STRONG> (Thumb, 0 bytes, Stack size unknown bytes, libinit2.o(.ARM.Collect$$libinit$$0000000E))

<P><STRONG><a name="[464]"></a>__rt_lib_init_lc_collate_1</STRONG> (Thumb, 0 bytes, Stack size unknown bytes, libinit2.o(.ARM.Collect$$libinit$$00000013))

<P><STRONG><a name="[158]"></a>__rt_lib_init_lc_ctype_2</STRONG> (Thumb, 0 bytes, Stack size unknown bytes, libinit2.o(.ARM.Collect$$libinit$$00000014))
<BR><BR>[Stack]<UL><LI>Max Depth = 16 + Unknown Stack Size
<LI>Call Chain = __rt_lib_init_lc_ctype_2 &rArr; _get_lc_ctype &rArr; strcmp
</UL>
<BR>[Calls]<UL><LI><a href="#[7a]">&gt;&gt;</a>&nbsp;&nbsp;&nbsp;_get_lc_ctype
</UL>

<P><STRONG><a name="[465]"></a>__rt_lib_init_lc_ctype_1</STRONG> (Thumb, 0 bytes, Stack size unknown bytes, libinit2.o(.ARM.Collect$$libinit$$00000015))

<P><STRONG><a name="[466]"></a>__rt_lib_init_lc_monetary_1</STRONG> (Thumb, 0 bytes, Stack size unknown bytes, libinit2.o(.ARM.Collect$$libinit$$00000017))

<P><STRONG><a name="[159]"></a>__rt_lib_init_lc_numeric_2</STRONG> (Thumb, 0 bytes, Stack size unknown bytes, libinit2.o(.ARM.Collect$$libinit$$00000018))
<BR><BR>[Stack]<UL><LI>Max Depth = 16 + Unknown Stack Size
<LI>Call Chain = __rt_lib_init_lc_numeric_2 &rArr; _get_lc_numeric &rArr; strcmp
</UL>
<BR>[Calls]<UL><LI><a href="#[15a]">&gt;&gt;</a>&nbsp;&nbsp;&nbsp;_get_lc_numeric
</UL>

<P><STRONG><a name="[467]"></a>__rt_lib_init_atexit_1</STRONG> (Thumb, 0 bytes, Stack size unknown bytes, libinit2.o(.ARM.Collect$$libinit$$0000001D))

<P><STRONG><a name="[468]"></a>__rt_lib_init_clock_1</STRONG> (Thumb, 0 bytes, Stack size unknown bytes, libinit2.o(.ARM.Collect$$libinit$$00000023))

<P><STRONG><a name="[469]"></a>__rt_lib_init_fp_trap_1</STRONG> (Thumb, 0 bytes, Stack size unknown bytes, libinit2.o(.ARM.Collect$$libinit$$00000021))

<P><STRONG><a name="[46a]"></a>__rt_lib_init_getenv_1</STRONG> (Thumb, 0 bytes, Stack size unknown bytes, libinit2.o(.ARM.Collect$$libinit$$00000025))

<P><STRONG><a name="[46b]"></a>__rt_lib_init_lc_numeric_1</STRONG> (Thumb, 0 bytes, Stack size unknown bytes, libinit2.o(.ARM.Collect$$libinit$$00000019))

<P><STRONG><a name="[46c]"></a>__rt_lib_init_lc_time_1</STRONG> (Thumb, 0 bytes, Stack size unknown bytes, libinit2.o(.ARM.Collect$$libinit$$0000001B))

<P><STRONG><a name="[46d]"></a>__rt_lib_init_signal_1</STRONG> (Thumb, 0 bytes, Stack size unknown bytes, libinit2.o(.ARM.Collect$$libinit$$0000001F))

<P><STRONG><a name="[15b]"></a>__rt_lib_init_stdio_2</STRONG> (Thumb, 0 bytes, Stack size unknown bytes, libinit2.o(.ARM.Collect$$libinit$$00000026))
<BR><BR>[Stack]<UL><LI>Max Depth = 112 + Unknown Stack Size
<LI>Call Chain = __rt_lib_init_stdio_2 &rArr; _initio &rArr; freopen &rArr; _fclose_internal &rArr; _fflush &rArr; _writebuf
</UL>
<BR>[Calls]<UL><LI><a href="#[15c]">&gt;&gt;</a>&nbsp;&nbsp;&nbsp;_initio
</UL>

<P><STRONG><a name="[46e]"></a>__rt_lib_init_alloca_1</STRONG> (Thumb, 0 bytes, Stack size unknown bytes, libinit2.o(.ARM.Collect$$libinit$$00000030))

<P><STRONG><a name="[46f]"></a>__rt_lib_init_argv_1</STRONG> (Thumb, 0 bytes, Stack size unknown bytes, libinit2.o(.ARM.Collect$$libinit$$0000002E))

<P><STRONG><a name="[470]"></a>__rt_lib_init_cpp_1</STRONG> (Thumb, 0 bytes, Stack size unknown bytes, libinit2.o(.ARM.Collect$$libinit$$00000034))

<P><STRONG><a name="[471]"></a>__rt_lib_init_exceptions_1</STRONG> (Thumb, 0 bytes, Stack size unknown bytes, libinit2.o(.ARM.Collect$$libinit$$00000032))

<P><STRONG><a name="[472]"></a>__rt_lib_init_return</STRONG> (Thumb, 0 bytes, Stack size unknown bytes, libinit2.o(.ARM.Collect$$libinit$$00000035))

<P><STRONG><a name="[473]"></a>__rt_lib_init_stdio_1</STRONG> (Thumb, 0 bytes, Stack size unknown bytes, libinit2.o(.ARM.Collect$$libinit$$00000027))

<P><STRONG><a name="[167]"></a>__rt_lib_shutdown</STRONG> (Thumb, 0 bytes, Stack size unknown bytes, libshutdown.o(.ARM.Collect$$libshutdown$$00000000))
<BR><BR>[Called By]<UL><LI><a href="#[166]">&gt;&gt;</a>&nbsp;&nbsp;&nbsp;__rt_exit_ls
</UL>

<P><STRONG><a name="[474]"></a>__rt_lib_shutdown_cpp_1</STRONG> (Thumb, 0 bytes, Stack size unknown bytes, libshutdown2.o(.ARM.Collect$$libshutdown$$00000002))

<P><STRONG><a name="[15d]"></a>__rt_lib_shutdown_stdio_2</STRONG> (Thumb, 0 bytes, Stack size unknown bytes, libshutdown2.o(.ARM.Collect$$libshutdown$$00000003))
<BR><BR>[Stack]<UL><LI>Max Depth = 96 + Unknown Stack Size
<LI>Call Chain = __rt_lib_shutdown_stdio_2 &rArr; _terminateio &rArr; _fclose_internal &rArr; _fflush &rArr; _writebuf
</UL>
<BR>[Calls]<UL><LI><a href="#[15e]">&gt;&gt;</a>&nbsp;&nbsp;&nbsp;_terminateio
</UL>

<P><STRONG><a name="[475]"></a>__rt_lib_shutdown_fp_trap_1</STRONG> (Thumb, 0 bytes, Stack size unknown bytes, libshutdown2.o(.ARM.Collect$$libshutdown$$00000007))

<P><STRONG><a name="[476]"></a>__rt_lib_shutdown_heap_1</STRONG> (Thumb, 0 bytes, Stack size unknown bytes, libshutdown2.o(.ARM.Collect$$libshutdown$$0000000F))

<P><STRONG><a name="[477]"></a>__rt_lib_shutdown_return</STRONG> (Thumb, 0 bytes, Stack size unknown bytes, libshutdown2.o(.ARM.Collect$$libshutdown$$00000010))

<P><STRONG><a name="[478]"></a>__rt_lib_shutdown_signal_1</STRONG> (Thumb, 0 bytes, Stack size unknown bytes, libshutdown2.o(.ARM.Collect$$libshutdown$$0000000A))

<P><STRONG><a name="[479]"></a>__rt_lib_shutdown_stdio_1</STRONG> (Thumb, 0 bytes, Stack size unknown bytes, libshutdown2.o(.ARM.Collect$$libshutdown$$00000004))

<P><STRONG><a name="[47a]"></a>__rt_lib_shutdown_user_alloc_1</STRONG> (Thumb, 0 bytes, Stack size unknown bytes, libshutdown2.o(.ARM.Collect$$libshutdown$$0000000C))

<P><STRONG><a name="[12e]"></a>__rt_entry</STRONG> (Thumb, 0 bytes, Stack size unknown bytes, __rtentry.o(.ARM.Collect$$rtentry$$00000000))
<BR><BR>[Called By]<UL><LI><a href="#[77]">&gt;&gt;</a>&nbsp;&nbsp;&nbsp;__main
<LI><a href="#[12f]">&gt;&gt;</a>&nbsp;&nbsp;&nbsp;__scatterload_rt2
</UL>

<P><STRONG><a name="[47b]"></a>__rt_entry_presh_1</STRONG> (Thumb, 0 bytes, Stack size unknown bytes, __rtentry2.o(.ARM.Collect$$rtentry$$00000002))

<P><STRONG><a name="[15f]"></a>__rt_entry_sh</STRONG> (Thumb, 0 bytes, Stack size unknown bytes, __rtentry4.o(.ARM.Collect$$rtentry$$00000004))
<BR><BR>[Stack]<UL><LI>Max Depth = 8 + Unknown Stack Size
<LI>Call Chain = __rt_entry_sh &rArr; __user_setup_stackheap
</UL>
<BR>[Calls]<UL><LI><a href="#[160]">&gt;&gt;</a>&nbsp;&nbsp;&nbsp;__user_setup_stackheap
</UL>

<P><STRONG><a name="[161]"></a>__rt_entry_li</STRONG> (Thumb, 0 bytes, Stack size unknown bytes, __rtentry2.o(.ARM.Collect$$rtentry$$0000000A))
<BR><BR>[Calls]<UL><LI><a href="#[162]">&gt;&gt;</a>&nbsp;&nbsp;&nbsp;__rt_lib_init
</UL>

<P><STRONG><a name="[47c]"></a>__rt_entry_postsh_1</STRONG> (Thumb, 0 bytes, Stack size unknown bytes, __rtentry2.o(.ARM.Collect$$rtentry$$00000009))

<P><STRONG><a name="[163]"></a>__rt_entry_main</STRONG> (Thumb, 0 bytes, Stack size unknown bytes, __rtentry2.o(.ARM.Collect$$rtentry$$0000000D))
<BR><BR>[Stack]<UL><LI>Max Depth = 792 + Unknown Stack Size
<LI>Call Chain = __rt_entry_main &rArr; main &rArr; lv_scr_load_anim &rArr; lv_obj_del &rArr; lv_obj_update_layout &rArr; layout_update_core &rArr;  layout_update_core (Cycle)
</UL>
<BR>[Calls]<UL><LI><a href="#[165]">&gt;&gt;</a>&nbsp;&nbsp;&nbsp;exit
<LI><a href="#[164]">&gt;&gt;</a>&nbsp;&nbsp;&nbsp;main
</UL>

<P><STRONG><a name="[47d]"></a>__rt_entry_postli_1</STRONG> (Thumb, 0 bytes, Stack size unknown bytes, __rtentry2.o(.ARM.Collect$$rtentry$$0000000C))

<P><STRONG><a name="[1a7]"></a>__rt_exit</STRONG> (Thumb, 0 bytes, Stack size unknown bytes, rtexit.o(.ARM.Collect$$rtexit$$00000000))
<BR><BR>[Called By]<UL><LI><a href="#[165]">&gt;&gt;</a>&nbsp;&nbsp;&nbsp;exit
</UL>

<P><STRONG><a name="[166]"></a>__rt_exit_ls</STRONG> (Thumb, 0 bytes, Stack size unknown bytes, rtexit2.o(.ARM.Collect$$rtexit$$00000003))
<BR><BR>[Calls]<UL><LI><a href="#[167]">&gt;&gt;</a>&nbsp;&nbsp;&nbsp;__rt_lib_shutdown
</UL>

<P><STRONG><a name="[47e]"></a>__rt_exit_prels_1</STRONG> (Thumb, 0 bytes, Stack size unknown bytes, rtexit2.o(.ARM.Collect$$rtexit$$00000002))

<P><STRONG><a name="[168]"></a>__rt_exit_exit</STRONG> (Thumb, 0 bytes, Stack size unknown bytes, rtexit2.o(.ARM.Collect$$rtexit$$00000004))
<BR><BR>[Calls]<UL><LI><a href="#[169]">&gt;&gt;</a>&nbsp;&nbsp;&nbsp;_sys_exit
</UL>

<P><STRONG><a name="[1b]"></a>Reset_Handler</STRONG> (Thumb, 8 bytes, Stack size 0 bytes, startup_stm32f407xx.o(.text))
<BR>[Address Reference Count : 1]<UL><LI> startup_stm32f407xx.o(RESET)
</UL>
<P><STRONG><a name="[37]"></a>ADC_IRQHandler</STRONG> (Thumb, 0 bytes, Stack size 0 bytes, startup_stm32f407xx.o(.text))
<BR><BR>[Calls]<UL><LI><a href="#[37]">&gt;&gt;</a>&nbsp;&nbsp;&nbsp;ADC_IRQHandler
</UL>
<BR>[Called By]<UL><LI><a href="#[37]">&gt;&gt;</a>&nbsp;&nbsp;&nbsp;ADC_IRQHandler
</UL>
<BR>[Address Reference Count : 1]<UL><LI> startup_stm32f407xx.o(RESET)
</UL>
<P><STRONG><a name="[3a]"></a>CAN1_RX1_IRQHandler</STRONG> (Thumb, 0 bytes, Stack size 0 bytes, startup_stm32f407xx.o(.text))
<BR>[Address Reference Count : 1]<UL><LI> startup_stm32f407xx.o(RESET)
</UL>
<P><STRONG><a name="[3b]"></a>CAN1_SCE_IRQHandler</STRONG> (Thumb, 0 bytes, Stack size 0 bytes, startup_stm32f407xx.o(.text))
<BR>[Address Reference Count : 1]<UL><LI> startup_stm32f407xx.o(RESET)
</UL>
<P><STRONG><a name="[38]"></a>CAN1_TX_IRQHandler</STRONG> (Thumb, 0 bytes, Stack size 0 bytes, startup_stm32f407xx.o(.text))
<BR>[Address Reference Count : 1]<UL><LI> startup_stm32f407xx.o(RESET)
</UL>
<P><STRONG><a name="[65]"></a>CAN2_RX0_IRQHandler</STRONG> (Thumb, 0 bytes, Stack size 0 bytes, startup_stm32f407xx.o(.text))
<BR>[Address Reference Count : 1]<UL><LI> startup_stm32f407xx.o(RESET)
</UL>
<P><STRONG><a name="[66]"></a>CAN2_RX1_IRQHandler</STRONG> (Thumb, 0 bytes, Stack size 0 bytes, startup_stm32f407xx.o(.text))
<BR>[Address Reference Count : 1]<UL><LI> startup_stm32f407xx.o(RESET)
</UL>
<P><STRONG><a name="[67]"></a>CAN2_SCE_IRQHandler</STRONG> (Thumb, 0 bytes, Stack size 0 bytes, startup_stm32f407xx.o(.text))
<BR>[Address Reference Count : 1]<UL><LI> startup_stm32f407xx.o(RESET)
</UL>
<P><STRONG><a name="[64]"></a>CAN2_TX_IRQHandler</STRONG> (Thumb, 0 bytes, Stack size 0 bytes, startup_stm32f407xx.o(.text))
<BR>[Address Reference Count : 1]<UL><LI> startup_stm32f407xx.o(RESET)
</UL>
<P><STRONG><a name="[73]"></a>DCMI_IRQHandler</STRONG> (Thumb, 0 bytes, Stack size 0 bytes, startup_stm32f407xx.o(.text))
<BR>[Address Reference Count : 1]<UL><LI> startup_stm32f407xx.o(RESET)
</UL>
<P><STRONG><a name="[30]"></a>DMA1_Stream0_IRQHandler</STRONG> (Thumb, 0 bytes, Stack size 0 bytes, startup_stm32f407xx.o(.text))
<BR>[Address Reference Count : 1]<UL><LI> startup_stm32f407xx.o(RESET)
</UL>
<P><STRONG><a name="[31]"></a>DMA1_Stream1_IRQHandler</STRONG> (Thumb, 0 bytes, Stack size 0 bytes, startup_stm32f407xx.o(.text))
<BR>[Address Reference Count : 1]<UL><LI> startup_stm32f407xx.o(RESET)
</UL>
<P><STRONG><a name="[32]"></a>DMA1_Stream2_IRQHandler</STRONG> (Thumb, 0 bytes, Stack size 0 bytes, startup_stm32f407xx.o(.text))
<BR>[Address Reference Count : 1]<UL><LI> startup_stm32f407xx.o(RESET)
</UL>
<P><STRONG><a name="[33]"></a>DMA1_Stream3_IRQHandler</STRONG> (Thumb, 0 bytes, Stack size 0 bytes, startup_stm32f407xx.o(.text))
<BR>[Address Reference Count : 1]<UL><LI> startup_stm32f407xx.o(RESET)
</UL>
<P><STRONG><a name="[34]"></a>DMA1_Stream4_IRQHandler</STRONG> (Thumb, 0 bytes, Stack size 0 bytes, startup_stm32f407xx.o(.text))
<BR>[Address Reference Count : 1]<UL><LI> startup_stm32f407xx.o(RESET)
</UL>
<P><STRONG><a name="[35]"></a>DMA1_Stream5_IRQHandler</STRONG> (Thumb, 0 bytes, Stack size 0 bytes, startup_stm32f407xx.o(.text))
<BR>[Address Reference Count : 1]<UL><LI> startup_stm32f407xx.o(RESET)
</UL>
<P><STRONG><a name="[36]"></a>DMA1_Stream6_IRQHandler</STRONG> (Thumb, 0 bytes, Stack size 0 bytes, startup_stm32f407xx.o(.text))
<BR>[Address Reference Count : 1]<UL><LI> startup_stm32f407xx.o(RESET)
</UL>
<P><STRONG><a name="[54]"></a>DMA1_Stream7_IRQHandler</STRONG> (Thumb, 0 bytes, Stack size 0 bytes, startup_stm32f407xx.o(.text))
<BR>[Address Reference Count : 1]<UL><LI> startup_stm32f407xx.o(RESET)
</UL>
<P><STRONG><a name="[5d]"></a>DMA2_Stream0_IRQHandler</STRONG> (Thumb, 0 bytes, Stack size 0 bytes, startup_stm32f407xx.o(.text))
<BR>[Address Reference Count : 1]<UL><LI> startup_stm32f407xx.o(RESET)
</UL>
<P><STRONG><a name="[5f]"></a>DMA2_Stream2_IRQHandler</STRONG> (Thumb, 0 bytes, Stack size 0 bytes, startup_stm32f407xx.o(.text))
<BR>[Address Reference Count : 1]<UL><LI> startup_stm32f407xx.o(RESET)
</UL>
<P><STRONG><a name="[60]"></a>DMA2_Stream3_IRQHandler</STRONG> (Thumb, 0 bytes, Stack size 0 bytes, startup_stm32f407xx.o(.text))
<BR>[Address Reference Count : 1]<UL><LI> startup_stm32f407xx.o(RESET)
</UL>
<P><STRONG><a name="[61]"></a>DMA2_Stream4_IRQHandler</STRONG> (Thumb, 0 bytes, Stack size 0 bytes, startup_stm32f407xx.o(.text))
<BR>[Address Reference Count : 1]<UL><LI> startup_stm32f407xx.o(RESET)
</UL>
<P><STRONG><a name="[69]"></a>DMA2_Stream5_IRQHandler</STRONG> (Thumb, 0 bytes, Stack size 0 bytes, startup_stm32f407xx.o(.text))
<BR>[Address Reference Count : 1]<UL><LI> startup_stm32f407xx.o(RESET)
</UL>
<P><STRONG><a name="[6a]"></a>DMA2_Stream6_IRQHandler</STRONG> (Thumb, 0 bytes, Stack size 0 bytes, startup_stm32f407xx.o(.text))
<BR>[Address Reference Count : 1]<UL><LI> startup_stm32f407xx.o(RESET)
</UL>
<P><STRONG><a name="[6b]"></a>DMA2_Stream7_IRQHandler</STRONG> (Thumb, 0 bytes, Stack size 0 bytes, startup_stm32f407xx.o(.text))
<BR>[Address Reference Count : 1]<UL><LI> startup_stm32f407xx.o(RESET)
</UL>
<P><STRONG><a name="[62]"></a>ETH_IRQHandler</STRONG> (Thumb, 0 bytes, Stack size 0 bytes, startup_stm32f407xx.o(.text))
<BR>[Address Reference Count : 1]<UL><LI> startup_stm32f407xx.o(RESET)
</UL>
<P><STRONG><a name="[63]"></a>ETH_WKUP_IRQHandler</STRONG> (Thumb, 0 bytes, Stack size 0 bytes, startup_stm32f407xx.o(.text))
<BR>[Address Reference Count : 1]<UL><LI> startup_stm32f407xx.o(RESET)
</UL>
<P><STRONG><a name="[2b]"></a>EXTI0_IRQHandler</STRONG> (Thumb, 0 bytes, Stack size 0 bytes, startup_stm32f407xx.o(.text))
<BR>[Address Reference Count : 1]<UL><LI> startup_stm32f407xx.o(RESET)
</UL>
<P><STRONG><a name="[4d]"></a>EXTI15_10_IRQHandler</STRONG> (Thumb, 0 bytes, Stack size 0 bytes, startup_stm32f407xx.o(.text))
<BR>[Address Reference Count : 1]<UL><LI> startup_stm32f407xx.o(RESET)
</UL>
<P><STRONG><a name="[2c]"></a>EXTI1_IRQHandler</STRONG> (Thumb, 0 bytes, Stack size 0 bytes, startup_stm32f407xx.o(.text))
<BR>[Address Reference Count : 1]<UL><LI> startup_stm32f407xx.o(RESET)
</UL>
<P><STRONG><a name="[2d]"></a>EXTI2_IRQHandler</STRONG> (Thumb, 0 bytes, Stack size 0 bytes, startup_stm32f407xx.o(.text))
<BR>[Address Reference Count : 1]<UL><LI> startup_stm32f407xx.o(RESET)
</UL>
<P><STRONG><a name="[2e]"></a>EXTI3_IRQHandler</STRONG> (Thumb, 0 bytes, Stack size 0 bytes, startup_stm32f407xx.o(.text))
<BR>[Address Reference Count : 1]<UL><LI> startup_stm32f407xx.o(RESET)
</UL>
<P><STRONG><a name="[2f]"></a>EXTI4_IRQHandler</STRONG> (Thumb, 0 bytes, Stack size 0 bytes, startup_stm32f407xx.o(.text))
<BR>[Address Reference Count : 1]<UL><LI> startup_stm32f407xx.o(RESET)
</UL>
<P><STRONG><a name="[3c]"></a>EXTI9_5_IRQHandler</STRONG> (Thumb, 0 bytes, Stack size 0 bytes, startup_stm32f407xx.o(.text))
<BR>[Address Reference Count : 1]<UL><LI> startup_stm32f407xx.o(RESET)
</UL>
<P><STRONG><a name="[29]"></a>FLASH_IRQHandler</STRONG> (Thumb, 0 bytes, Stack size 0 bytes, startup_stm32f407xx.o(.text))
<BR>[Address Reference Count : 1]<UL><LI> startup_stm32f407xx.o(RESET)
</UL>
<P><STRONG><a name="[55]"></a>FMC_IRQHandler</STRONG> (Thumb, 0 bytes, Stack size 0 bytes, startup_stm32f407xx.o(.text))
<BR>[Address Reference Count : 1]<UL><LI> startup_stm32f407xx.o(RESET)
</UL>
<P><STRONG><a name="[75]"></a>FPU_IRQHandler</STRONG> (Thumb, 0 bytes, Stack size 0 bytes, startup_stm32f407xx.o(.text))
<BR>[Address Reference Count : 1]<UL><LI> startup_stm32f407xx.o(RESET)
</UL>
<P><STRONG><a name="[74]"></a>HASH_RNG_IRQHandler</STRONG> (Thumb, 0 bytes, Stack size 0 bytes, startup_stm32f407xx.o(.text))
<BR>[Address Reference Count : 1]<UL><LI> startup_stm32f407xx.o(RESET)
</UL>
<P><STRONG><a name="[45]"></a>I2C1_ER_IRQHandler</STRONG> (Thumb, 0 bytes, Stack size 0 bytes, startup_stm32f407xx.o(.text))
<BR>[Address Reference Count : 1]<UL><LI> startup_stm32f407xx.o(RESET)
</UL>
<P><STRONG><a name="[44]"></a>I2C1_EV_IRQHandler</STRONG> (Thumb, 0 bytes, Stack size 0 bytes, startup_stm32f407xx.o(.text))
<BR>[Address Reference Count : 1]<UL><LI> startup_stm32f407xx.o(RESET)
</UL>
<P><STRONG><a name="[47]"></a>I2C2_ER_IRQHandler</STRONG> (Thumb, 0 bytes, Stack size 0 bytes, startup_stm32f407xx.o(.text))
<BR>[Address Reference Count : 1]<UL><LI> startup_stm32f407xx.o(RESET)
</UL>
<P><STRONG><a name="[46]"></a>I2C2_EV_IRQHandler</STRONG> (Thumb, 0 bytes, Stack size 0 bytes, startup_stm32f407xx.o(.text))
<BR>[Address Reference Count : 1]<UL><LI> startup_stm32f407xx.o(RESET)
</UL>
<P><STRONG><a name="[6e]"></a>I2C3_ER_IRQHandler</STRONG> (Thumb, 0 bytes, Stack size 0 bytes, startup_stm32f407xx.o(.text))
<BR>[Address Reference Count : 1]<UL><LI> startup_stm32f407xx.o(RESET)
</UL>
<P><STRONG><a name="[6d]"></a>I2C3_EV_IRQHandler</STRONG> (Thumb, 0 bytes, Stack size 0 bytes, startup_stm32f407xx.o(.text))
<BR>[Address Reference Count : 1]<UL><LI> startup_stm32f407xx.o(RESET)
</UL>
<P><STRONG><a name="[4f]"></a>OTG_FS_WKUP_IRQHandler</STRONG> (Thumb, 0 bytes, Stack size 0 bytes, startup_stm32f407xx.o(.text))
<BR>[Address Reference Count : 1]<UL><LI> startup_stm32f407xx.o(RESET)
</UL>
<P><STRONG><a name="[70]"></a>OTG_HS_EP1_IN_IRQHandler</STRONG> (Thumb, 0 bytes, Stack size 0 bytes, startup_stm32f407xx.o(.text))
<BR>[Address Reference Count : 1]<UL><LI> startup_stm32f407xx.o(RESET)
</UL>
<P><STRONG><a name="[6f]"></a>OTG_HS_EP1_OUT_IRQHandler</STRONG> (Thumb, 0 bytes, Stack size 0 bytes, startup_stm32f407xx.o(.text))
<BR>[Address Reference Count : 1]<UL><LI> startup_stm32f407xx.o(RESET)
</UL>
<P><STRONG><a name="[72]"></a>OTG_HS_IRQHandler</STRONG> (Thumb, 0 bytes, Stack size 0 bytes, startup_stm32f407xx.o(.text))
<BR>[Address Reference Count : 1]<UL><LI> startup_stm32f407xx.o(RESET)
</UL>
<P><STRONG><a name="[71]"></a>OTG_HS_WKUP_IRQHandler</STRONG> (Thumb, 0 bytes, Stack size 0 bytes, startup_stm32f407xx.o(.text))
<BR>[Address Reference Count : 1]<UL><LI> startup_stm32f407xx.o(RESET)
</UL>
<P><STRONG><a name="[26]"></a>PVD_IRQHandler</STRONG> (Thumb, 0 bytes, Stack size 0 bytes, startup_stm32f407xx.o(.text))
<BR>[Address Reference Count : 1]<UL><LI> startup_stm32f407xx.o(RESET)
</UL>
<P><STRONG><a name="[2a]"></a>RCC_IRQHandler</STRONG> (Thumb, 0 bytes, Stack size 0 bytes, startup_stm32f407xx.o(.text))
<BR>[Address Reference Count : 1]<UL><LI> startup_stm32f407xx.o(RESET)
</UL>
<P><STRONG><a name="[4e]"></a>RTC_Alarm_IRQHandler</STRONG> (Thumb, 0 bytes, Stack size 0 bytes, startup_stm32f407xx.o(.text))
<BR>[Address Reference Count : 1]<UL><LI> startup_stm32f407xx.o(RESET)
</UL>
<P><STRONG><a name="[28]"></a>RTC_WKUP_IRQHandler</STRONG> (Thumb, 0 bytes, Stack size 0 bytes, startup_stm32f407xx.o(.text))
<BR>[Address Reference Count : 1]<UL><LI> startup_stm32f407xx.o(RESET)
</UL>
<P><STRONG><a name="[56]"></a>SDIO_IRQHandler</STRONG> (Thumb, 0 bytes, Stack size 0 bytes, startup_stm32f407xx.o(.text))
<BR>[Address Reference Count : 1]<UL><LI> startup_stm32f407xx.o(RESET)
</UL>
<P><STRONG><a name="[48]"></a>SPI1_IRQHandler</STRONG> (Thumb, 0 bytes, Stack size 0 bytes, startup_stm32f407xx.o(.text))
<BR>[Address Reference Count : 1]<UL><LI> startup_stm32f407xx.o(RESET)
</UL>
<P><STRONG><a name="[49]"></a>SPI2_IRQHandler</STRONG> (Thumb, 0 bytes, Stack size 0 bytes, startup_stm32f407xx.o(.text))
<BR>[Address Reference Count : 1]<UL><LI> startup_stm32f407xx.o(RESET)
</UL>
[...]
</UL>
<BR>[Called By]<UL><LI><a href="#[42c]">&gt;&gt;</a>&nbsp;&nbsp;&nbsp;pvPortMalloc
<LI><a href="#[43b]">&gt;&gt;</a>&nbsp;&nbsp;&nbsp;vPortFree
</UL>

<P><STRONG><a name="[0]"></a>USBD_COMPOSITE_Init</STRONG> (Thumb, 22 bytes, Stack size 16 bytes, lto-llvm-2f102b.o(.text.USBD_COMPOSITE_Init))
<BR><BR>[Stack]<UL><LI>Max Depth = 104<LI>Call Chain = USBD_COMPOSITE_Init &rArr; USBD_CDC_Init &rArr; USBD_LL_PrepareReceive &rArr; USB_EPStartXfer &rArr; USB_WritePacket
</UL>
<BR>[Calls]<UL><LI><a href="#[124]">&gt;&gt;</a>&nbsp;&nbsp;&nbsp;USBD_HID_Init
<LI><a href="#[11a]">&gt;&gt;</a>&nbsp;&nbsp;&nbsp;USBD_CDC_Init
</UL>
<BR>[Address Reference Count : 1]<UL><LI> lto-llvm-2f102b.o(.data)
</UL>
<P><STRONG><a name="[11a]"></a>USBD_CDC_Init</STRONG> (Thumb, 220 bytes, Stack size 40 bytes, lto-llvm-2f102b.o(.text.USBD_CDC_Init))
<BR><BR>[Stack]<UL><LI>Max Depth = 88<LI>Call Chain = USBD_CDC_Init &rArr; USBD_LL_PrepareReceive &rArr; USB_EPStartXfer &rArr; USB_WritePacket
</UL>
<BR>[Calls]<UL><LI><a href="#[1bb]">&gt;&gt;</a>&nbsp;&nbsp;&nbsp;USBD_LL_PrepareReceive
</UL>
<BR>[Called By]<UL><LI><a href="#[0]">&gt;&gt;</a>&nbsp;&nbsp;&nbsp;USBD_COMPOSITE_Init
</UL>
<BR>[Address Reference Count : 1]<UL><LI> lto-llvm-2f102b.o(.rodata)
</UL>
<P><STRONG><a name="[124]"></a>USBD_HID_Init</STRONG> (Thumb, 48 bytes, Stack size 16 bytes, lto-llvm-2f102b.o(.text.USBD_HID_Init))
<BR><BR>[Stack]<UL><LI>Max Depth = 32<LI>Call Chain = USBD_HID_Init &rArr; USBD_LL_OpenEP
</UL>
<BR>[Calls]<UL><LI><a href="#[88]">&gt;&gt;</a>&nbsp;&nbsp;&nbsp;USBD_LL_OpenEP
</UL>
<BR>[Called By]<UL><LI><a href="#[0]">&gt;&gt;</a>&nbsp;&nbsp;&nbsp;USBD_COMPOSITE_Init
</UL>
<BR>[Address Reference Count : 1]<UL><LI> lto-llvm-2f102b.o(.rodata)
</UL>
<P><STRONG><a name="[1]"></a>USBD_COMPOSITE_DeInit</STRONG> (Thumb, 22 bytes, Stack size 16 bytes, lto-llvm-2f102b.o(.text.USBD_COMPOSITE_DeInit))
<BR><BR>[Stack]<UL><LI>Max Depth = 48<LI>Call Chain = USBD_COMPOSITE_DeInit &rArr; USBD_CDC_DeInit
</UL>
<BR>[Calls]<UL><LI><a href="#[125]">&gt;&gt;</a>&nbsp;&nbsp;&nbsp;USBD_HID_DeInit
<LI><a href="#[11b]">&gt;&gt;</a>&nbsp;&nbsp;&nbsp;USBD_CDC_DeInit
</UL>
<BR>[Address Reference Count : 1]<UL><LI> lto-llvm-2f102b.o(.data)
</UL>
<P><STRONG><a name="[11b]"></a>USBD_CDC_DeInit</STRONG> (Thumb, 140 bytes, Stack size 32 bytes, lto-llvm-2f102b.o(.text.USBD_CDC_DeInit))
<BR><BR>[Stack]<UL><LI>Max Depth = 32<LI>Call Chain = USBD_CDC_DeInit
</UL>
<BR>[Called By]<UL><LI><a href="#[1]">&gt;&gt;</a>&nbsp;&nbsp;&nbsp;USBD_COMPOSITE_DeInit
</UL>
<BR>[Address Reference Count : 1]<UL><LI> lto-llvm-2f102b.o(.rodata)
</UL>
<P><STRONG><a name="[125]"></a>USBD_HID_DeInit</STRONG> (Thumb, 28 bytes, Stack size 8 bytes, lto-llvm-2f102b.o(.text.USBD_HID_DeInit))
<BR><BR>[Stack]<UL><LI>Max Depth = 24<LI>Call Chain = USBD_HID_DeInit &rArr; USBD_LL_CloseEP
</UL>
<BR>[Calls]<UL><LI><a href="#[87]">&gt;&gt;</a>&nbsp;&nbsp;&nbsp;USBD_LL_CloseEP
</UL>
<BR>[Called By]<UL><LI><a href="#[1]">&gt;&gt;</a>&nbsp;&nbsp;&nbsp;USBD_COMPOSITE_DeInit
</UL>
<BR>[Address Reference Count : 1]<UL><LI> lto-llvm-2f102b.o(.rodata)
</UL>
<P><STRONG><a name="[2]"></a>USBD_COMPOSITE_Setup</STRONG> (Thumb, 56 bytes, Stack size 16 bytes, lto-llvm-2f102b.o(.text.USBD_COMPOSITE_Setup))
<BR><BR>[Stack]<UL><LI>Max Depth = 16<LI>Call Chain = USBD_COMPOSITE_Setup
</UL>
<BR>[Address Reference Count : 1]<UL><LI> lto-llvm-2f102b.o(.data)
</UL>
<P><STRONG><a name="[3]"></a>USBD_COMPOSITE_EP0_TxReady</STRONG> (Thumb, 4 bytes, Stack size 0 bytes, lto-llvm-2f102b.o(.text.USBD_COMPOSITE_EP0_TxReady))
<BR>[Address Reference Count : 1]<UL><LI> lto-llvm-2f102b.o(.data)
</UL>
<P><STRONG><a name="[4]"></a>USBD_COMPOSITE_EP0_RxReady</STRONG> (Thumb, 10 bytes, Stack size 8 bytes, lto-llvm-2f102b.o(.text.USBD_COMPOSITE_EP0_RxReady))
<BR><BR>[Stack]<UL><LI>Max Depth = 32<LI>Call Chain = USBD_COMPOSITE_EP0_RxReady &rArr; USBD_CDC_EP0_RxReady
</UL>
<BR>[Calls]<UL><LI><a href="#[11d]">&gt;&gt;</a>&nbsp;&nbsp;&nbsp;USBD_CDC_EP0_RxReady
</UL>
<BR>[Address Reference Count : 1]<UL><LI> lto-llvm-2f102b.o(.data)
</UL>
<P><STRONG><a name="[11d]"></a>USBD_CDC_EP0_RxReady</STRONG> (Thumb, 68 bytes, Stack size 24 bytes, lto-llvm-2f102b.o(.text.USBD_CDC_EP0_RxReady))
<BR><BR>[Stack]<UL><LI>Max Depth = 24<LI>Call Chain = USBD_CDC_EP0_RxReady
</UL>
<BR>[Called By]<UL><LI><a href="#[4]">&gt;&gt;</a>&nbsp;&nbsp;&nbsp;USBD_COMPOSITE_EP0_RxReady
</UL>
<BR>[Address Reference Count : 1]<UL><LI> lto-llvm-2f102b.o(.rodata)
</UL>
<P><STRONG><a name="[5]"></a>USBD_COMPOSITE_DataIn</STRONG> (Thumb, 56 bytes, Stack size 8 bytes, lto-llvm-2f102b.o(.text.USBD_COMPOSITE_DataIn))
<BR><BR>[Stack]<UL><LI>Max Depth = 8<LI>Call Chain = USBD_COMPOSITE_DataIn
</UL>
<BR>[Address Reference Count : 1]<UL><LI> lto-llvm-2f102b.o(.data)
</UL>
<P><STRONG><a name="[6]"></a>USBD_COMPOSITE_DataOut</STRONG> (Thumb, 20 bytes, Stack size 8 bytes, lto-llvm-2f102b.o(.text.USBD_COMPOSITE_DataOut))
<BR><BR>[Stack]<UL><LI>Max Depth = 16<LI>Call Chain = USBD_COMPOSITE_DataOut &rArr; USBD_CDC_DataOut
</UL>
<BR>[Calls]<UL><LI><a href="#[11f]">&gt;&gt;</a>&nbsp;&nbsp;&nbsp;USBD_CDC_DataOut
</UL>
<BR>[Address Reference Count : 1]<UL><LI> lto-llvm-2f102b.o(.data)
</UL>
<P><STRONG><a name="[11f]"></a>USBD_CDC_DataOut</STRONG> (Thumb, 52 bytes, Stack size 8 bytes, lto-llvm-2f102b.o(.text.USBD_CDC_DataOut))
<BR><BR>[Stack]<UL><LI>Max Depth = 8<LI>Call Chain = USBD_CDC_DataOut
</UL>
<BR>[Called By]<UL><LI><a href="#[6]">&gt;&gt;</a>&nbsp;&nbsp;&nbsp;USBD_COMPOSITE_DataOut
</UL>
<BR>[Address Reference Count : 1]<UL><LI> lto-llvm-2f102b.o(.rodata)
</UL>
<P><STRONG><a name="[7]"></a>USBD_COMPOSITE_SOF</STRONG> (Thumb, 4 bytes, Stack size 0 bytes, lto-llvm-2f102b.o(.text.USBD_COMPOSITE_SOF))
<BR>[Address Reference Count : 1]<UL><LI> lto-llvm-2f102b.o(.data)
</UL>
<P><STRONG><a name="[8]"></a>USBD_COMPOSITE_IsoINIncomplete</STRONG> (Thumb, 4 bytes, Stack size 0 bytes, lto-llvm-2f102b.o(.text.USBD_COMPOSITE_IsoINIncomplete))
<BR>[Address Reference Count : 1]<UL><LI> lto-llvm-2f102b.o(.data)
</UL>
<P><STRONG><a name="[9]"></a>USBD_COMPOSITE_IsoOutIncomplete</STRONG> (Thumb, 4 bytes, Stack size 0 bytes, lto-llvm-2f102b.o(.text.USBD_COMPOSITE_IsoOutIncomplete))
<BR>[Address Reference Count : 1]<UL><LI> lto-llvm-2f102b.o(.data)
</UL>
<P><STRONG><a name="[a]"></a>USBD_COMPOSITE_GetHSCfgDesc</STRONG> (Thumb, 8 bytes, Stack size 0 bytes, lto-llvm-2f102b.o(.text.USBD_COMPOSITE_GetHSCfgDesc))
<BR>[Address Reference Count : 1]<UL><LI> lto-llvm-2f102b.o(.data)
</UL>
<P><STRONG><a name="[b]"></a>USBD_COMPOSITE_GetFSCfgDesc</STRONG> (Thumb, 8 bytes, Stack size 0 bytes, lto-llvm-2f102b.o(.text.USBD_COMPOSITE_GetFSCfgDesc))
<BR>[Address Reference Count : 1]<UL><LI> lto-llvm-2f102b.o(.data)
</UL>
<P><STRONG><a name="[c]"></a>USBD_COMPOSITE_GetOtherSpeedCfgDesc</STRONG> (Thumb, 8 bytes, Stack size 0 bytes, lto-llvm-2f102b.o(.text.USBD_COMPOSITE_GetOtherSpeedCfgDesc))
<BR>[Address Reference Count : 1]<UL><LI> lto-llvm-2f102b.o(.data)
</UL>
<P><STRONG><a name="[d]"></a>USBD_COMPOSITE_GetDeviceQualifierDesc</STRONG> (Thumb, 8 bytes, Stack size 0 bytes, lto-llvm-2f102b.o(.text.USBD_COMPOSITE_GetDeviceQualifierDesc))
<BR>[Address Reference Count : 1]<UL><LI> lto-llvm-2f102b.o(.data)
</UL>
<P><STRONG><a name="[e]"></a>USBD_COMPOSITE_GetUsrStringDesc</STRONG> (Thumb, 84 bytes, Stack size 40 bytes, lto-llvm-2f102b.o(.text.USBD_COMPOSITE_GetUsrStringDesc))
<BR><BR>[Stack]<UL><LI>Max Depth = 176 + Unknown Stack Size
<LI>Call Chain = USBD_COMPOSITE_GetUsrStringDesc &rArr; __2snprintf &rArr; _printf_char_common &rArr; __printf
</UL>
<BR>[Calls]<UL><LI><a href="#[171]">&gt;&gt;</a>&nbsp;&nbsp;&nbsp;__2snprintf
<LI><a href="#[261]">&gt;&gt;</a>&nbsp;&nbsp;&nbsp;USBD_GetString
</UL>
<BR>[Address Reference Count : 1]<UL><LI> lto-llvm-2f102b.o(.data)
</UL>
<P><STRONG><a name="[261]"></a>USBD_GetString</STRONG> (Thumb, 58 bytes, Stack size 16 bytes, lto-llvm-2f102b.o(.text.USBD_GetString))
<BR><BR>[Stack]<UL><LI>Max Depth = 16<LI>Call Chain = USBD_GetString
</UL>
<BR>[Called By]<UL><LI><a href="#[260]">&gt;&gt;</a>&nbsp;&nbsp;&nbsp;OUTLINED_FUNCTION_232
<LI><a href="#[e]">&gt;&gt;</a>&nbsp;&nbsp;&nbsp;USBD_COMPOSITE_GetUsrStringDesc
</UL>

<P><STRONG><a name="[1cb]"></a>USBD_CtlError</STRONG> (Thumb, 22 bytes, Stack size 8 bytes, lto-llvm-2f102b.o(.text.USBD_CtlError))
<BR><BR>[Stack]<UL><LI>Max Depth = 24<LI>Call Chain = USBD_CtlError &rArr; USBD_LL_StallEP &rArr; USB_EP0_OutStart
</UL>
<BR>[Calls]<UL><LI><a href="#[1c8]">&gt;&gt;</a>&nbsp;&nbsp;&nbsp;USBD_LL_StallEP
</UL>
<BR>[Called By]<UL><LI><a href="#[1c7]">&gt;&gt;</a>&nbsp;&nbsp;&nbsp;HAL_PCD_SetupStageCallback
<LI><a href="#[126]">&gt;&gt;</a>&nbsp;&nbsp;&nbsp;USBD_HID_Setup
<LI><a href="#[11c]">&gt;&gt;</a>&nbsp;&nbsp;&nbsp;USBD_CDC_Setup
</UL>

<P><STRONG><a name="[1ca]"></a>USBD_CtlSendData</STRONG> (Thumb, 26 bytes, Stack size 8 bytes, lto-llvm-2f102b.o(.text.USBD_CtlSendData))
<BR><BR>[Stack]<UL><LI>Max Depth = 56<LI>Call Chain = USBD_CtlSendData &rArr; USBD_LL_Transmit &rArr; USB_EPStartXfer &rArr; USB_WritePacket
</UL>
<BR>[Calls]<UL><LI><a href="#[2a7]">&gt;&gt;</a>&nbsp;&nbsp;&nbsp;USBD_LL_Transmit
</UL>
<BR>[Called By]<UL><LI><a href="#[1c7]">&gt;&gt;</a>&nbsp;&nbsp;&nbsp;HAL_PCD_SetupStageCallback
<LI><a href="#[126]">&gt;&gt;</a>&nbsp;&nbsp;&nbsp;USBD_HID_Setup
<LI><a href="#[11c]">&gt;&gt;</a>&nbsp;&nbsp;&nbsp;USBD_CDC_Setup
</UL>

<P><STRONG><a name="[1c4]"></a>USBD_CtlSendStatus</STRONG> (Thumb, 16 bytes, Stack size 0 bytes, lto-llvm-2f102b.o(.text.USBD_CtlSendStatus))
<BR><BR>[Stack]<UL><LI>Max Depth = 48<LI>Call Chain = USBD_CtlSendStatus &rArr; USBD_LL_Transmit &rArr; USB_EPStartXfer &rArr; USB_WritePacket
</UL>
<BR>[Calls]<UL><LI><a href="#[2a7]">&gt;&gt;</a>&nbsp;&nbsp;&nbsp;USBD_LL_Transmit
</UL>
<BR>[Called By]<UL><LI><a href="#[1c7]">&gt;&gt;</a>&nbsp;&nbsp;&nbsp;HAL_PCD_SetupStageCallback
<LI><a href="#[1c2]">&gt;&gt;</a>&nbsp;&nbsp;&nbsp;HAL_PCD_DataOutStageCallback
<LI><a href="#[1c9]">&gt;&gt;</a>&nbsp;&nbsp;&nbsp;OUTLINED_FUNCTION_214
</UL>

<P><STRONG><a name="[14]"></a>USBD_DeviceDescriptor</STRONG> (Thumb, 8 bytes, Stack size 0 bytes, lto-llvm-2f102b.o(.text.USBD_DeviceDescriptor))
<BR>[Address Reference Count : 1]<UL><LI> lto-llvm-2f102b.o(.data)
</UL>
<P><STRONG><a name="[15]"></a>USBD_LangIDStrDescriptor</STRONG> (Thumb, 8 bytes, Stack size 0 bytes, lto-llvm-2f102b.o(.text.USBD_LangIDStrDescriptor))
<BR>[Address Reference Count : 1]<UL><LI> lto-llvm-2f102b.o(.data)
</UL>
<P><STRONG><a name="[16]"></a>USBD_ManufacturerStrDescriptor</STRONG> (Thumb, 16 bytes, Stack size 8 bytes, lto-llvm-2f102b.o(.text.USBD_ManufacturerStrDescriptor))
<BR><BR>[Stack]<UL><LI>Max Depth = 24<LI>Call Chain = USBD_ManufacturerStrDescriptor &rArr; OUTLINED_FUNCTION_232 &rArr; USBD_GetString
</UL>
<BR>[Calls]<UL><LI><a href="#[260]">&gt;&gt;</a>&nbsp;&nbsp;&nbsp;OUTLINED_FUNCTION_232
</UL>
<BR>[Address Reference Count : 1]<UL><LI> lto-llvm-2f102b.o(.data)
</UL>
<P><STRONG><a name="[260]"></a>OUTLINED_FUNCTION_232</STRONG> (Thumb, 6 bytes, Stack size 0 bytes, lto-llvm-2f102b.o(.text.OUTLINED_FUNCTION_232))
<BR><BR>[Stack]<UL><LI>Max Depth = 16<LI>Call Chain = OUTLINED_FUNCTION_232 &rArr; USBD_GetString
</UL>
<BR>[Calls]<UL><LI><a href="#[261]">&gt;&gt;</a>&nbsp;&nbsp;&nbsp;USBD_GetString
</UL>
<BR>[Called By]<UL><LI><a href="#[1a]">&gt;&gt;</a>&nbsp;&nbsp;&nbsp;USBD_InterfaceStrDescriptor
<LI><a href="#[19]">&gt;&gt;</a>&nbsp;&nbsp;&nbsp;USBD_ConfigStrDescriptor
<LI><a href="#[17]">&gt;&gt;</a>&nbsp;&nbsp;&nbsp;USBD_ProductStrDescriptor
<LI><a href="#[16]">&gt;&gt;</a>&nbsp;&nbsp;&nbsp;USBD_ManufacturerStrDescriptor
</UL>

<P><STRONG><a name="[17]"></a>USBD_ProductStrDescriptor</STRONG> (Thumb, 16 bytes, Stack size 8 bytes, lto-llvm-2f102b.o(.text.USBD_ProductStrDescriptor))
<BR><BR>[Stack]<UL><LI>Max Depth = 24<LI>Call Chain = USBD_ProductStrDescriptor &rArr; OUTLINED_FUNCTION_232 &rArr; USBD_GetString
</UL>
<BR>[Calls]<UL><LI><a href="#[260]">&gt;&gt;</a>&nbsp;&nbsp;&nbsp;OUTLINED_FUNCTION_232
</UL>
<BR>[Address Reference Count : 1]<UL><LI> lto-llvm-2f102b.o(.data)
</UL>
<P><STRONG><a name="[18]"></a>USBD_SerialStrDescriptor</STRONG> (Thumb, 44 bytes, Stack size 16 bytes, lto-llvm-2f102b.o(.text.USBD_SerialStrDescriptor))
<BR><BR>[Stack]<UL><LI>Max Depth = 32<LI>Call Chain = USBD_SerialStrDescriptor &rArr; IntToUnicode
</UL>
<BR>[Calls]<UL><LI><a href="#[2b4]">&gt;&gt;</a>&nbsp;&nbsp;&nbsp;IntToUnicode
</UL>
<BR>[Address Reference Count : 1]<UL><LI> lto-llvm-2f102b.o(.data)
</UL>
<P><STRONG><a name="[2b4]"></a>IntToUnicode</STRONG> (Thumb, 42 bytes, Stack size 16 bytes, lto-llvm-2f102b.o(.text.IntToUnicode))
<BR><BR>[Stack]<UL><LI>Max Depth = 16<LI>Call Chain = IntToUnicode
</UL>
<BR>[Called By]<UL><LI><a href="#[18]">&gt;&gt;</a>&nbsp;&nbsp;&nbsp;USBD_SerialStrDescriptor
</UL>

<P><STRONG><a name="[19]"></a>USBD_ConfigStrDescriptor</STRONG> (Thumb, 16 bytes, Stack size 8 bytes, lto-llvm-2f102b.o(.text.USBD_ConfigStrDescriptor))
<BR><BR>[Stack]<UL><LI>Max Depth = 24<LI>Call Chain = USBD_ConfigStrDescriptor &rArr; OUTLINED_FUNCTION_232 &rArr; USBD_GetString
</UL>
<BR>[Calls]<UL><LI><a href="#[260]">&gt;&gt;</a>&nbsp;&nbsp;&nbsp;OUTLINED_FUNCTION_232
</UL>
<BR>[Address Reference Count : 1]<UL><LI> lto-llvm-2f102b.o(.data)
</UL>
<P><STRONG><a name="[1a]"></a>USBD_InterfaceStrDescriptor</STRONG> (Thumb, 16 bytes, Stack size 8 bytes, lto-llvm-2f102b.o(.text.USBD_InterfaceStrDescriptor))
<BR><BR>[Stack]<UL><LI>Max Depth = 24<LI>Call Chain = USBD_InterfaceStrDescriptor &rArr; OUTLINED_FUNCTION_232 &rArr; USBD_GetString
</UL>
<BR>[Calls]<UL><LI><a href="#[260]">&gt;&gt;</a>&nbsp;&nbsp;&nbsp;OUTLINED_FUNCTION_232
</UL>
<BR>[Address Reference Count : 1]<UL><LI> lto-llvm-2f102b.o(.data)
</UL>
<P><STRONG><a name="[1c9]"></a>OUTLINED_FUNCTION_214</STRONG> (Thumb, 6 bytes, Stack size 0 bytes, lto-llvm-2f102b.o(.text.OUTLINED_FUNCTION_214))
<BR><BR>[Stack]<UL><LI>Max Depth = 48<LI>Call Chain = OUTLINED_FUNCTION_214 &rArr; USBD_CtlSendStatus &rArr; USBD_LL_Transmit &rArr; USB_EPStartXfer &rArr; USB_WritePacket
</UL>
<BR>[Calls]<UL><LI><a href="#[1c4]">&gt;&gt;</a>&nbsp;&nbsp;&nbsp;USBD_CtlSendStatus
</UL>
<BR>[Called By]<UL><LI><a href="#[1c7]">&gt;&gt;</a>&nbsp;&nbsp;&nbsp;HAL_PCD_SetupStageCallback
</UL>

<P><STRONG><a name="[2b1]"></a>OUTLINED_FUNCTION_95</STRONG> (Thumb, 18 bytes, Stack size 0 bytes, lto-llvm-2f102b.o(.text.OUTLINED_FUNCTION_95))
<BR><BR>[Called By]<UL><LI><a href="#[88]">&gt;&gt;</a>&nbsp;&nbsp;&nbsp;USBD_LL_OpenEP
</UL>

<P><STRONG><a name="[87]"></a>USBD_LL_CloseEP</STRONG> (Thumb, 176 bytes, Stack size 16 bytes, lto-llvm-2f102b.o(.text.USBD_LL_CloseEP))
<BR><BR>[Stack]<UL><LI>Max Depth = 16<LI>Call Chain = USBD_LL_CloseEP
</UL>
<BR>[Called By]<UL><LI><a href="#[125]">&gt;&gt;</a>&nbsp;&nbsp;&nbsp;USBD_HID_DeInit
</UL>
<BR>[Address Reference Count : 1]<UL><LI> lto-llvm-2f102b.o(.text.USBD_CDC_DeInit)
</UL>
<P><STRONG><a name="[11c]"></a>USBD_CDC_Setup</STRONG> (Thumb, 204 bytes, Stack size 32 bytes, lto-llvm-2f102b.o(.text.USBD_CDC_Setup))
<BR><BR>[Stack]<UL><LI>Max Depth = 88<LI>Call Chain = USBD_CDC_Setup &rArr; USBD_CtlSendData &rArr; USBD_LL_Transmit &rArr; USB_EPStartXfer &rArr; USB_WritePacket
</UL>
<BR>[Calls]<UL><LI><a href="#[1bb]">&gt;&gt;</a>&nbsp;&nbsp;&nbsp;USBD_LL_PrepareReceive
<LI><a href="#[1c3]">&gt;&gt;</a>&nbsp;&nbsp;&nbsp;OUTLINED_FUNCTION_112
<LI><a href="#[1ca]">&gt;&gt;</a>&nbsp;&nbsp;&nbsp;USBD_CtlSendData
<LI><a href="#[1cb]">&gt;&gt;</a>&nbsp;&nbsp;&nbsp;USBD_CtlError
</UL>
<BR>[Address Reference Count : 1]<UL><LI> lto-llvm-2f102b.o(.rodata)
</UL>
<P><STRONG><a name="[11e]"></a>USBD_CDC_DataIn</STRONG> (Thumb, 92 bytes, Stack size 16 bytes, lto-llvm-2f102b.o(.text.USBD_CDC_DataIn))
<BR><BR>[Stack]<UL><LI>Max Depth = 64<LI>Call Chain = USBD_CDC_DataIn &rArr; USBD_LL_Transmit &rArr; USB_EPStartXfer &rArr; USB_WritePacket
</UL>
<BR>[Calls]<UL><LI><a href="#[2a7]">&gt;&gt;</a>&nbsp;&nbsp;&nbsp;USBD_LL_Transmit
</UL>
<BR>[Address Reference Count : 1]<UL><LI> lto-llvm-2f102b.o(.rodata)
</UL>
<P><STRONG><a name="[120]"></a>USBD_CDC_GetHSCfgDesc</STRONG> (Thumb, 8 bytes, Stack size 0 bytes, lto-llvm-2f102b.o(.text.USBD_CDC_GetHSCfgDesc))
<BR>[Address Reference Count : 1]<UL><LI> lto-llvm-2f102b.o(.rodata)
</UL>
<P><STRONG><a name="[121]"></a>USBD_CDC_GetFSCfgDesc</STRONG> (Thumb, 8 bytes, Stack size 0 bytes, lto-llvm-2f102b.o(.text.USBD_CDC_GetFSCfgDesc))
<BR>[Address Reference Count : 1]<UL><LI> lto-llvm-2f102b.o(.rodata)
</UL>
<P><STRONG><a name="[122]"></a>USBD_CDC_GetOtherSpeedCfgDesc</STRONG> (Thumb, 8 bytes, Stack size 0 bytes, lto-llvm-2f102b.o(.text.USBD_CDC_GetOtherSpeedCfgDesc))
<BR>[Address Reference Count : 1]<UL><LI> lto-llvm-2f102b.o(.rodata)
</UL>
<P><STRONG><a name="[123]"></a>USBD_CDC_GetDeviceQualifierDescriptor</STRONG> (Thumb, 8 bytes, Stack size 0 bytes, lto-llvm-2f102b.o(.text.USBD_CDC_GetDeviceQualifierDescriptor))
<BR>[Address Reference Count : 1]<UL><LI> lto-llvm-2f102b.o(.rodata)
</UL>
<P><STRONG><a name="[f]"></a>CDC_Init</STRONG> (Thumb, 24 bytes, Stack size 0 bytes, lto-llvm-2f102b.o(.text.CDC_Init))
<BR>[Address Reference Count : 1]<UL><LI> lto-llvm-2f102b.o(.data)
</UL>
<P><STRONG><a name="[10]"></a>CDC_DeInit</STRONG> (Thumb, 4 bytes, Stack size 0 bytes, lto-llvm-2f102b.o(.text.CDC_DeInit))
<BR>[Address Reference Count : 1]<UL><LI> lto-llvm-2f102b.o(.data)
</UL>
<P><STRONG><a name="[11]"></a>CDC_Control</STRONG> (Thumb, 64 bytes, Stack size 0 bytes, lto-llvm-2f102b.o(.text.CDC_Control))
<BR>[Address Reference Count : 1]<UL><LI> lto-llvm-2f102b.o(.data)
</UL>
<P><STRONG><a name="[12]"></a>CDC_Receive</STRONG> (Thumb, 132 bytes, Stack size 24 bytes, lto-llvm-2f102b.o(.text.CDC_Receive))
<BR><BR>[Stack]<UL><LI>Max Depth = 176<LI>Call Chain = CDC_Receive &rArr; osEventFlagsSet &rArr; xEventGroupSetBits &rArr; xTaskResumeAll &rArr; xTaskIncrementTick &rArr; vListInsertEnd
</UL>
<BR>[Calls]<UL><LI><a href="#[1bb]">&gt;&gt;</a>&nbsp;&nbsp;&nbsp;USBD_LL_PrepareReceive
<LI><a href="#[1ba]">&gt;&gt;</a>&nbsp;&nbsp;&nbsp;osEventFlagsSet
</UL>
<BR>[Address Reference Count : 1]<UL><LI> lto-llvm-2f102b.o(.data)
</UL>
<P><STRONG><a name="[13]"></a>CDC_TransmitCplt</STRONG> (Thumb, 4 bytes, Stack size 0 bytes, lto-llvm-2f102b.o(.text.CDC_TransmitCplt))
<BR>[Address Reference Count : 1]<UL><LI> lto-llvm-2f102b.o(.data)
</UL>
<P><STRONG><a name="[126]"></a>USBD_HID_Setup</STRONG> (Thumb, 196 bytes, Stack size 24 bytes, lto-llvm-2f102b.o(.text.USBD_HID_Setup))
<BR><BR>[Stack]<UL><LI>Max Depth = 80<LI>Call Chain = USBD_HID_Setup &rArr; USBD_CtlSendData &rArr; USBD_LL_Transmit &rArr; USB_EPStartXfer &rArr; USB_WritePacket
</UL>
<BR>[Calls]<UL><LI><a href="#[1ca]">&gt;&gt;</a>&nbsp;&nbsp;&nbsp;USBD_CtlSendData
<LI><a href="#[1cb]">&gt;&gt;</a>&nbsp;&nbsp;&nbsp;USBD_CtlError
</UL>
<BR>[Address Reference Count : 1]<UL><LI> lto-llvm-2f102b.o(.rodata)
</UL>
<P><STRONG><a name="[127]"></a>USBD_HID_DataIn</STRONG> (Thumb, 12 bytes, Stack size 0 bytes, lto-llvm-2f102b.o(.text.USBD_HID_DataIn))
<BR>[Address Reference Count : 1]<UL><LI> lto-llvm-2f102b.o(.rodata)
</UL>
<P><STRONG><a name="[128]"></a>USBD_HID_GetHSCfgDesc</STRONG> (Thumb, 12 bytes, Stack size 0 bytes, lto-llvm-2f102b.o(.text.USBD_HID_GetHSCfgDesc))
<BR>[Address Reference Count : 1]<UL><LI> lto-llvm-2f102b.o(.rodata)
</UL>
<P><STRONG><a name="[129]"></a>USBD_HID_GetFSCfgDesc</STRONG> (Thumb, 8 bytes, Stack size 0 bytes, lto-llvm-2f102b.o(.text.USBD_HID_GetFSCfgDesc))
<BR>[Address Reference Count : 1]<UL><LI> lto-llvm-2f102b.o(.rodata)
</UL>
<P><STRONG><a name="[12a]"></a>USBD_HID_GetOtherSpeedCfgDesc</STRONG> (Thumb, 8 bytes, Stack size 0 bytes, lto-llvm-2f102b.o(.text.USBD_HID_GetOtherSpeedCfgDesc))
<BR>[Address Reference Count : 1]<UL><LI> lto-llvm-2f102b.o(.rodata)
</UL>
<P><STRONG><a name="[12b]"></a>USBD_HID_GetDeviceQualifierDesc</STRONG> (Thumb, 8 bytes, Stack size 0 bytes, lto-llvm-2f102b.o(.text.USBD_HID_GetDeviceQualifierDesc))
<BR>[Address Reference Count : 1]<UL><LI> lto-llvm-2f102b.o(.rodata)
</UL><P>
<H3>
Undefined Global Symbols
</H3><HR></body></html>
