<!doctype html public "-//w3c//dtd html 4.0 transitional//en">
<html><head>
<title>Static Call Graph - [stm32F407zet6\stm32F407zet6.axf]</title></head>
<body><HR>
<H1>Static Call Graph for image stm32F407zet6\stm32F407zet6.axf</H1><HR>
<BR><P>#&#060CALLGRAPH&#062# ARM Linker, 6180002: Last Updated: Sun Jan 15 17:15:40 2023
<BR><P>
<H3>Maximum Stack Usage =       1480 bytes + Unknown(Functions without stacksize, Cycles, Untraceable Function Pointers)</H3><H3>
Call chain for Maximum Stack Depth:</H3>
lv_slider_event &rArr; lv_bar_event &rArr; lv_obj_event &rArr; layout_update_core &rArr;  layout_update_core (Cycle)
<P>
<H3>
Functions with no stack information
</H3><UL>
 <LI><a href="#[158]">__user_initial_stackheap</a>
</UL>
</UL>
<P>
<H3>
Mutually Recursive functions
</H3> <LI><a href="#[1c]">ADC_IRQHandler</a>&nbsp;&nbsp;&nbsp;&rArr;&nbsp;&nbsp;&nbsp;<a href="#[1c]">ADC_IRQHandler</a><BR>
 <LI><a href="#[4]">BusFault_Handler</a>&nbsp;&nbsp;&nbsp;&rArr;&nbsp;&nbsp;&nbsp;<a href="#[4]">BusFault_Handler</a><BR>
 <LI><a href="#[2]">HardFault_Handler</a>&nbsp;&nbsp;&nbsp;&rArr;&nbsp;&nbsp;&nbsp;<a href="#[2]">HardFault_Handler</a><BR>
 <LI><a href="#[3]">MemManage_Handler</a>&nbsp;&nbsp;&nbsp;&rArr;&nbsp;&nbsp;&nbsp;<a href="#[3]">MemManage_Handler</a><BR>
 <LI><a href="#[1]">NMI_Handler</a>&nbsp;&nbsp;&nbsp;&rArr;&nbsp;&nbsp;&nbsp;<a href="#[1]">NMI_Handler</a><BR>
 <LI><a href="#[5]">UsageFault_Handler</a>&nbsp;&nbsp;&nbsp;&rArr;&nbsp;&nbsp;&nbsp;<a href="#[5]">UsageFault_Handler</a><BR>
 <LI><a href="#[247]">lv_obj_redraw</a>&nbsp;&nbsp;&nbsp;&rArr;&nbsp;&nbsp;&nbsp;<a href="#[248]">refr_obj</a><BR>
 <LI><a href="#[18f]">event_send_core</a>&nbsp;&nbsp;&nbsp;&rArr;&nbsp;&nbsp;&nbsp;<a href="#[18f]">event_send_core</a><BR>
 <LI><a href="#[245]">lv_obj_transform_point</a>&nbsp;&nbsp;&nbsp;&rArr;&nbsp;&nbsp;&nbsp;<a href="#[245]">lv_obj_transform_point</a><BR>
 <LI><a href="#[252]">lv_refr_get_top_obj</a>&nbsp;&nbsp;&nbsp;&rArr;&nbsp;&nbsp;&nbsp;<a href="#[252]">lv_refr_get_top_obj</a><BR>
 <LI><a href="#[24a]">refresh_children_style</a>&nbsp;&nbsp;&nbsp;&rArr;&nbsp;&nbsp;&nbsp;<a href="#[24a]">refresh_children_style</a><BR>
 <LI><a href="#[1b9]">lv_obj_move_children_by</a>&nbsp;&nbsp;&nbsp;&rArr;&nbsp;&nbsp;&nbsp;<a href="#[1b9]">lv_obj_move_children_by</a><BR>
 <LI><a href="#[249]">lv_obj_scroll_by_bounded</a>&nbsp;&nbsp;&nbsp;&rArr;&nbsp;&nbsp;&nbsp;<a href="#[199]">layout_update_core</a><BR>
 <LI><a href="#[199]">layout_update_core</a>&nbsp;&nbsp;&nbsp;&rArr;&nbsp;&nbsp;&nbsp;<a href="#[199]">layout_update_core</a><BR>
 <LI><a href="#[1ac]">_vsnprintf</a>&nbsp;&nbsp;&nbsp;&rArr;&nbsp;&nbsp;&nbsp;<a href="#[1ac]">_vsnprintf</a><BR>
 <LI><a href="#[23a]">lv_obj_construct</a>&nbsp;&nbsp;&nbsp;&rArr;&nbsp;&nbsp;&nbsp;<a href="#[23a]">lv_obj_construct</a><BR>
 <LI><a href="#[1ad]">apply_theme</a>&nbsp;&nbsp;&nbsp;&rArr;&nbsp;&nbsp;&nbsp;<a href="#[1ad]">apply_theme</a><BR>
 <LI><a href="#[23c]">obj_del_core</a>&nbsp;&nbsp;&nbsp;&rArr;&nbsp;&nbsp;&nbsp;<a href="#[23c]">obj_del_core</a><BR>
 <LI><a href="#[262]">report_style_change_core</a>&nbsp;&nbsp;&nbsp;&rArr;&nbsp;&nbsp;&nbsp;<a href="#[262]">report_style_change_core</a><BR>
</UL>
<P>
<H3>
Function Pointers
</H3><UL>
 <LI><a href="#[1c]">ADC_IRQHandler</a> from startup_stm32f407xx.o(.text) referenced from startup_stm32f407xx.o(RESET)
 <LI><a href="#[4]">BusFault_Handler</a> from lto-llvm-6a46d2.o(.text.BusFault_Handler) referenced from startup_stm32f407xx.o(RESET)
 <LI><a href="#[1e]">CAN1_RX0_IRQHandler</a> from lto-llvm-6a46d2.o(.text.CAN1_RX0_IRQHandler) referenced from startup_stm32f407xx.o(RESET)
 <LI><a href="#[1f]">CAN1_RX1_IRQHandler</a> from startup_stm32f407xx.o(.text) referenced from startup_stm32f407xx.o(RESET)
 <LI><a href="#[20]">CAN1_SCE_IRQHandler</a> from startup_stm32f407xx.o(.text) referenced from startup_stm32f407xx.o(RESET)
 <LI><a href="#[1d]">CAN1_TX_IRQHandler</a> from startup_stm32f407xx.o(.text) referenced from startup_stm32f407xx.o(RESET)
 <LI><a href="#[4a]">CAN2_RX0_IRQHandler</a> from startup_stm32f407xx.o(.text) referenced from startup_stm32f407xx.o(RESET)
 <LI><a href="#[4b]">CAN2_RX1_IRQHandler</a> from startup_stm32f407xx.o(.text) referenced from startup_stm32f407xx.o(RESET)
 <LI><a href="#[4c]">CAN2_SCE_IRQHandler</a> from startup_stm32f407xx.o(.text) referenced from startup_stm32f407xx.o(RESET)
 <LI><a href="#[49]">CAN2_TX_IRQHandler</a> from startup_stm32f407xx.o(.text) referenced from startup_stm32f407xx.o(RESET)
 <LI><a href="#[58]">DCMI_IRQHandler</a> from startup_stm32f407xx.o(.text) referenced from startup_stm32f407xx.o(RESET)
 <LI><a href="#[15]">DMA1_Stream0_IRQHandler</a> from startup_stm32f407xx.o(.text) referenced from startup_stm32f407xx.o(RESET)
 <LI><a href="#[16]">DMA1_Stream1_IRQHandler</a> from startup_stm32f407xx.o(.text) referenced from startup_stm32f407xx.o(RESET)
 <LI><a href="#[17]">DMA1_Stream2_IRQHandler</a> from startup_stm32f407xx.o(.text) referenced from startup_stm32f407xx.o(RESET)
 <LI><a href="#[18]">DMA1_Stream3_IRQHandler</a> from startup_stm32f407xx.o(.text) referenced from startup_stm32f407xx.o(RESET)
 <LI><a href="#[19]">DMA1_Stream4_IRQHandler</a> from startup_stm32f407xx.o(.text) referenced from startup_stm32f407xx.o(RESET)
 <LI><a href="#[1a]">DMA1_Stream5_IRQHandler</a> from startup_stm32f407xx.o(.text) referenced from startup_stm32f407xx.o(RESET)
 <LI><a href="#[1b]">DMA1_Stream6_IRQHandler</a> from startup_stm32f407xx.o(.text) referenced from startup_stm32f407xx.o(RESET)
 <LI><a href="#[39]">DMA1_Stream7_IRQHandler</a> from startup_stm32f407xx.o(.text) referenced from startup_stm32f407xx.o(RESET)
 <LI><a href="#[42]">DMA2_Stream0_IRQHandler</a> from startup_stm32f407xx.o(.text) referenced from startup_stm32f407xx.o(RESET)
 <LI><a href="#[43]">DMA2_Stream1_IRQHandler</a> from lto-llvm-6a46d2.o(.text.DMA2_Stream1_IRQHandler) referenced from startup_stm32f407xx.o(RESET)
 <LI><a href="#[44]">DMA2_Stream2_IRQHandler</a> from startup_stm32f407xx.o(.text) referenced from startup_stm32f407xx.o(RESET)
 <LI><a href="#[45]">DMA2_Stream3_IRQHandler</a> from startup_stm32f407xx.o(.text) referenced from startup_stm32f407xx.o(RESET)
 <LI><a href="#[46]">DMA2_Stream4_IRQHandler</a> from startup_stm32f407xx.o(.text) referenced from startup_stm32f407xx.o(RESET)
 <LI><a href="#[4e]">DMA2_Stream5_IRQHandler</a> from startup_stm32f407xx.o(.text) referenced from startup_stm32f407xx.o(RESET)
 <LI><a href="#[4f]">DMA2_Stream6_IRQHandler</a> from startup_stm32f407xx.o(.text) referenced from startup_stm32f407xx.o(RESET)
 <LI><a href="#[50]">DMA2_Stream7_IRQHandler</a> from startup_stm32f407xx.o(.text) referenced from startup_stm32f407xx.o(RESET)
 <LI><a href="#[7]">DebugMon_Handler</a> from lto-llvm-6a46d2.o(.text.DebugMon_Handler) referenced from startup_stm32f407xx.o(RESET)
 <LI><a href="#[47]">ETH_IRQHandler</a> from startup_stm32f407xx.o(.text) referenced from startup_stm32f407xx.o(RESET)
 <LI><a href="#[48]">ETH_WKUP_IRQHandler</a> from startup_stm32f407xx.o(.text) referenced from startup_stm32f407xx.o(RESET)
 <LI><a href="#[10]">EXTI0_IRQHandler</a> from startup_stm32f407xx.o(.text) referenced from startup_stm32f407xx.o(RESET)
 <LI><a href="#[32]">EXTI15_10_IRQHandler</a> from startup_stm32f407xx.o(.text) referenced from startup_stm32f407xx.o(RESET)
 <LI><a href="#[11]">EXTI1_IRQHandler</a> from startup_stm32f407xx.o(.text) referenced from startup_stm32f407xx.o(RESET)
 <LI><a href="#[12]">EXTI2_IRQHandler</a> from startup_stm32f407xx.o(.text) referenced from startup_stm32f407xx.o(RESET)
 <LI><a href="#[13]">EXTI3_IRQHandler</a> from startup_stm32f407xx.o(.text) referenced from startup_stm32f407xx.o(RESET)
 <LI><a href="#[14]">EXTI4_IRQHandler</a> from startup_stm32f407xx.o(.text) referenced from startup_stm32f407xx.o(RESET)
 <LI><a href="#[21]">EXTI9_5_IRQHandler</a> from startup_stm32f407xx.o(.text) referenced from startup_stm32f407xx.o(RESET)
 <LI><a href="#[e]">FLASH_IRQHandler</a> from startup_stm32f407xx.o(.text) referenced from startup_stm32f407xx.o(RESET)
 <LI><a href="#[3a]">FMC_IRQHandler</a> from startup_stm32f407xx.o(.text) referenced from startup_stm32f407xx.o(RESET)
 <LI><a href="#[5a]">FPU_IRQHandler</a> from startup_stm32f407xx.o(.text) referenced from startup_stm32f407xx.o(RESET)
 <LI><a href="#[59]">HASH_RNG_IRQHandler</a> from startup_stm32f407xx.o(.text) referenced from startup_stm32f407xx.o(RESET)
 <LI><a href="#[2]">HardFault_Handler</a> from lto-llvm-6a46d2.o(.text.HardFault_Handler) referenced from startup_stm32f407xx.o(RESET)
 <LI><a href="#[2a]">I2C1_ER_IRQHandler</a> from startup_stm32f407xx.o(.text) referenced from startup_stm32f407xx.o(RESET)
 <LI><a href="#[29]">I2C1_EV_IRQHandler</a> from startup_stm32f407xx.o(.text) referenced from startup_stm32f407xx.o(RESET)
 <LI><a href="#[2c]">I2C2_ER_IRQHandler</a> from startup_stm32f407xx.o(.text) referenced from startup_stm32f407xx.o(RESET)
 <LI><a href="#[2b]">I2C2_EV_IRQHandler</a> from startup_stm32f407xx.o(.text) referenced from startup_stm32f407xx.o(RESET)
 <LI><a href="#[53]">I2C3_ER_IRQHandler</a> from startup_stm32f407xx.o(.text) referenced from startup_stm32f407xx.o(RESET)
 <LI><a href="#[52]">I2C3_EV_IRQHandler</a> from startup_stm32f407xx.o(.text) referenced from startup_stm32f407xx.o(RESET)
 <LI><a href="#[3]">MemManage_Handler</a> from lto-llvm-6a46d2.o(.text.MemManage_Handler) referenced from startup_stm32f407xx.o(RESET)
 <LI><a href="#[1]">NMI_Handler</a> from lto-llvm-6a46d2.o(.text.NMI_Handler) referenced from startup_stm32f407xx.o(RESET)
 <LI><a href="#[4d]">OTG_FS_IRQHandler</a> from startup_stm32f407xx.o(.text) referenced from startup_stm32f407xx.o(RESET)
 <LI><a href="#[34]">OTG_FS_WKUP_IRQHandler</a> from startup_stm32f407xx.o(.text) referenced from startup_stm32f407xx.o(RESET)
 <LI><a href="#[55]">OTG_HS_EP1_IN_IRQHandler</a> from startup_stm32f407xx.o(.text) referenced from startup_stm32f407xx.o(RESET)
 <LI><a href="#[54]">OTG_HS_EP1_OUT_IRQHandler</a> from startup_stm32f407xx.o(.text) referenced from startup_stm32f407xx.o(RESET)
 <LI><a href="#[57]">OTG_HS_IRQHandler</a> from startup_stm32f407xx.o(.text) referenced from startup_stm32f407xx.o(RESET)
 <LI><a href="#[56]">OTG_HS_WKUP_IRQHandler</a> from startup_stm32f407xx.o(.text) referenced from startup_stm32f407xx.o(RESET)
 <LI><a href="#[b]">PVD_IRQHandler</a> from startup_stm32f407xx.o(.text) referenced from startup_stm32f407xx.o(RESET)
 <LI><a href="#[8]">PendSV_Handler</a> from lto-llvm-6a46d2.o(.text.PendSV_Handler) referenced from startup_stm32f407xx.o(RESET)
 <LI><a href="#[f]">RCC_IRQHandler</a> from startup_stm32f407xx.o(.text) referenced from startup_stm32f407xx.o(RESET)
 <LI><a href="#[33]">RTC_Alarm_IRQHandler</a> from startup_stm32f407xx.o(.text) referenced from startup_stm32f407xx.o(RESET)
 <LI><a href="#[d]">RTC_WKUP_IRQHandler</a> from startup_stm32f407xx.o(.text) referenced from startup_stm32f407xx.o(RESET)
 <LI><a href="#[0]">Reset_Handler</a> from startup_stm32f407xx.o(.text) referenced from startup_stm32f407xx.o(RESET)
 <LI><a href="#[3b]">SDIO_IRQHandler</a> from startup_stm32f407xx.o(.text) referenced from startup_stm32f407xx.o(RESET)
 <LI><a href="#[2d]">SPI1_IRQHandler</a> from startup_stm32f407xx.o(.text) referenced from startup_stm32f407xx.o(RESET)
 <LI><a href="#[2e]">SPI2_IRQHandler</a> from startup_stm32f407xx.o(.text) referenced from startup_stm32f407xx.o(RESET)
 <LI><a href="#[3d]">SPI3_IRQHandler</a> from startup_stm32f407xx.o(.text) referenced from startup_stm32f407xx.o(RESET)
 <LI><a href="#[6]">SVC_Handler</a> from lto-llvm-6a46d2.o(.text.SVC_Handler) referenced from startup_stm32f407xx.o(RESET)
 <LI><a href="#[b5]">Start_IotUploadTask</a> from lto-llvm-6a46d2.o(.text.Start_IotUploadTask) referenced 2 times from lto-llvm-6a46d2.o(.text.main)
 <LI><a href="#[b8]">Start_LVGL_Lap_Timer</a> from lto-llvm-6a46d2.o(.text.Start_LVGL_Lap_Timer) referenced 2 times from lto-llvm-6a46d2.o(.text.main)
 <LI><a href="#[b7]">Start_LVGL_Meter</a> from lto-llvm-6a46d2.o(.text.Start_LVGL_Meter) referenced 2 times from lto-llvm-6a46d2.o(.text.main)
 <LI><a href="#[b6]">Start_LVGL_Task</a> from lto-llvm-6a46d2.o(.text.Start_LVGL_Task) referenced 2 times from lto-llvm-6a46d2.o(.text.main)
 <LI><a href="#[9]">SysTick_Handler</a> from lto-llvm-6a46d2.o(.text.SysTick_Handler) referenced from startup_stm32f407xx.o(RESET)
 <LI><a href="#[5b]">SystemInit</a> from lto-llvm-6a46d2.o(.text.SystemInit) referenced from startup_stm32f407xx.o(.text)
 <LI><a href="#[c]">TAMP_STAMP_IRQHandler</a> from startup_stm32f407xx.o(.text) referenced from startup_stm32f407xx.o(RESET)
 <LI><a href="#[22]">TIM1_BRK_TIM9_IRQHandler</a> from startup_stm32f407xx.o(.text) referenced from startup_stm32f407xx.o(RESET)
 <LI><a href="#[25]">TIM1_CC_IRQHandler</a> from startup_stm32f407xx.o(.text) referenced from startup_stm32f407xx.o(RESET)
 <LI><a href="#[24]">TIM1_TRG_COM_TIM11_IRQHandler</a> from startup_stm32f407xx.o(.text) referenced from startup_stm32f407xx.o(RESET)
 <LI><a href="#[23]">TIM1_UP_TIM10_IRQHandler</a> from startup_stm32f407xx.o(.text) referenced from startup_stm32f407xx.o(RESET)
 <LI><a href="#[26]">TIM2_IRQHandler</a> from lto-llvm-6a46d2.o(.text.TIM2_IRQHandler) referenced from startup_stm32f407xx.o(RESET)
 <LI><a href="#[27]">TIM3_IRQHandler</a> from lto-llvm-6a46d2.o(.text.TIM3_IRQHandler) referenced from startup_stm32f407xx.o(RESET)
 <LI><a href="#[28]">TIM4_IRQHandler</a> from startup_stm32f407xx.o(.text) referenced from startup_stm32f407xx.o(RESET)
 <LI><a href="#[3c]">TIM5_IRQHandler</a> from startup_stm32f407xx.o(.text) referenced from startup_stm32f407xx.o(RESET)
 <LI><a href="#[40]">TIM6_DAC_IRQHandler</a> from startup_stm32f407xx.o(.text) referenced from startup_stm32f407xx.o(RESET)
 <LI><a href="#[41]">TIM7_IRQHandler</a> from startup_stm32f407xx.o(.text) referenced from startup_stm32f407xx.o(RESET)
 <LI><a href="#[35]">TIM8_BRK_TIM12_IRQHandler</a> from startup_stm32f407xx.o(.text) referenced from startup_stm32f407xx.o(RESET)
 <LI><a href="#[38]">TIM8_CC_IRQHandler</a> from startup_stm32f407xx.o(.text) referenced from startup_stm32f407xx.o(RESET)
 <LI><a href="#[37]">TIM8_TRG_COM_TIM14_IRQHandler</a> from startup_stm32f407xx.o(.text) referenced from startup_stm32f407xx.o(RESET)
 <LI><a href="#[36]">TIM8_UP_TIM13_IRQHandler</a> from startup_stm32f407xx.o(.text) referenced from startup_stm32f407xx.o(RESET)
 <LI><a href="#[3e]">UART4_IRQHandler</a> from startup_stm32f407xx.o(.text) referenced from startup_stm32f407xx.o(RESET)
 <LI><a href="#[3f]">UART5_IRQHandler</a> from startup_stm32f407xx.o(.text) referenced from startup_stm32f407xx.o(RESET)
 <LI><a href="#[62]">UART_DMAAbortOnError</a> from lto-llvm-6a46d2.o(.text.UART_DMAAbortOnError) referenced 2 times from lto-llvm-6a46d2.o(.text.HAL_UART_IRQHandler)
 <LI><a href="#[2f]">USART1_IRQHandler</a> from lto-llvm-6a46d2.o(.text.USART1_IRQHandler) referenced from startup_stm32f407xx.o(RESET)
 <LI><a href="#[30]">USART2_IRQHandler</a> from startup_stm32f407xx.o(.text) referenced from startup_stm32f407xx.o(RESET)
 <LI><a href="#[31]">USART3_IRQHandler</a> from lto-llvm-6a46d2.o(.text.USART3_IRQHandler) referenced from startup_stm32f407xx.o(RESET)
 <LI><a href="#[51]">USART6_IRQHandler</a> from startup_stm32f407xx.o(.text) referenced from startup_stm32f407xx.o(RESET)
 <LI><a href="#[5]">UsageFault_Handler</a> from lto-llvm-6a46d2.o(.text.UsageFault_Handler) referenced from startup_stm32f407xx.o(RESET)
 <LI><a href="#[a]">WWDG_IRQHandler</a> from startup_stm32f407xx.o(.text) referenced from startup_stm32f407xx.o(RESET)
 <LI><a href="#[5c]">__main</a> from __main.o(!!!main) referenced from startup_stm32f407xx.o(.text)
 <LI><a href="#[60]">_get_lc_ctype</a> from lc_ctype_c.o(locale$$code) referenced from rt_ctype_table.o(.text)
 <LI><a href="#[aa]">_lv_disp_refr_timer</a> from lto-llvm-6a46d2.o(.text._lv_disp_refr_timer) referenced 2 times from lto-llvm-6a46d2.o(.text.main)
 <LI><a href="#[8d]">_lv_ll_get_head</a> from lto-llvm-6a46d2.o(.text._lv_ll_get_head) referenced 2 times from lto-llvm-6a46d2.o(.text.lv_obj_destructor)
 <LI><a href="#[8e]">_lv_ll_get_next</a> from lto-llvm-6a46d2.o(.text._lv_ll_get_next) referenced 2 times from lto-llvm-6a46d2.o(.text.lv_obj_destructor)
 <LI><a href="#[90]">_lv_ll_get_prev</a> from lto-llvm-6a46d2.o(.text._lv_ll_get_prev) referenced 2 times from lto-llvm-6a46d2.o(.text.lv_obj_destructor)
 <LI><a href="#[8f]">_lv_ll_get_tail</a> from lto-llvm-6a46d2.o(.text._lv_ll_get_tail) referenced 2 times from lto-llvm-6a46d2.o(.text.lv_obj_destructor)
 <LI><a href="#[8a]">_out_buffer</a> from lto-llvm-6a46d2.o(.text._out_buffer) referenced 4 times from lto-llvm-6a46d2.o(.text.lv_label_set_text_fmt)
 <LI><a href="#[8a]">_out_buffer</a> from lto-llvm-6a46d2.o(.text._out_buffer) referenced 2 times from lto-llvm-6a46d2.o(.text.lv_snprintf)
 <LI><a href="#[65]">_out_null</a> from lto-llvm-6a46d2.o(.text._out_null) referenced 2 times from lto-llvm-6a46d2.o(.text._vsnprintf)
 <LI><a href="#[5e]">_printf_input_char</a> from _printf_char_common.o(.text) referenced from _printf_char_common.o(.text)
 <LI><a href="#[5d]">_sputc</a> from _sputc.o(.text) referenced from noretval__2sprintf.o(.text)
 <LI><a href="#[a9]">anim_timer</a> from lto-llvm-6a46d2.o(.text.anim_timer) referenced 2 times from lto-llvm-6a46d2.o(.text.main)
 <LI><a href="#[9d]">arc_anim_end_angle</a> from lto-llvm-6a46d2.o(.text.arc_anim_end_angle) referenced 2 times from lto-llvm-6a46d2.o(.text.lv_spinner_constructor)
 <LI><a href="#[9f]">arc_anim_start_angle</a> from lto-llvm-6a46d2.o(.text.arc_anim_start_angle) referenced 2 times from lto-llvm-6a46d2.o(.text.lv_spinner_constructor)
 <LI><a href="#[a2]">btns_value_changed_event_cb</a> from lto-llvm-6a46d2.o(.text.btns_value_changed_event_cb) referenced 2 times from lto-llvm-6a46d2.o(.text.lv_tabview_constructor)
 <LI><a href="#[c5]">color_blend_true_color_additive</a> from lto-llvm-6a46d2.o(.text.color_blend_true_color_additive) referenced from lto-llvm-6a46d2.o(.rodata)
 <LI><a href="#[c7]">color_blend_true_color_multiply</a> from lto-llvm-6a46d2.o(.text.color_blend_true_color_multiply) referenced from lto-llvm-6a46d2.o(.rodata)
 <LI><a href="#[c6]">color_blend_true_color_subtractive</a> from lto-llvm-6a46d2.o(.text.color_blend_true_color_subtractive) referenced from lto-llvm-6a46d2.o(.rodata)
 <LI><a href="#[a3]">cont_scroll_end_event_cb</a> from lto-llvm-6a46d2.o(.text.cont_scroll_end_event_cb) referenced 2 times from lto-llvm-6a46d2.o(.text.lv_tabview_constructor)
 <LI><a href="#[6e]">cursor_blink_anim_cb</a> from lto-llvm-6a46d2.o(.text.cursor_blink_anim_cb) referenced 4 times from lto-llvm-6a46d2.o(.text.label_event_cb)
 <LI><a href="#[6e]">cursor_blink_anim_cb</a> from lto-llvm-6a46d2.o(.text.cursor_blink_anim_cb) referenced 4 times from lto-llvm-6a46d2.o(.text.lv_textarea_constructor)
 <LI><a href="#[6e]">cursor_blink_anim_cb</a> from lto-llvm-6a46d2.o(.text.cursor_blink_anim_cb) referenced 4 times from lto-llvm-6a46d2.o(.text.lv_textarea_event)
 <LI><a href="#[6e]">cursor_blink_anim_cb</a> from lto-llvm-6a46d2.o(.text.cursor_blink_anim_cb) referenced 4 times from lto-llvm-6a46d2.o(.text.lv_textarea_set_cursor_pos)
 <LI><a href="#[c2]">dark_color_filter_cb</a> from lto-llvm-6a46d2.o(.text.dark_color_filter_cb) referenced 2 times from lto-llvm-6a46d2.o(.text.style_init)
 <LI><a href="#[a8]">disp_flush</a> from lto-llvm-6a46d2.o(.text.disp_flush) referenced 2 times from lto-llvm-6a46d2.o(.text.main)
 <LI><a href="#[74]">draw_part_begin_event_cb</a> from lto-llvm-6a46d2.o(.text.draw_part_begin_event_cb) referenced 2 times from lto-llvm-6a46d2.o(.text.lv_calendar_constructor)
 <LI><a href="#[af]">flex_update</a> from lto-llvm-6a46d2.o(.text.flex_update) referenced 2 times from lto-llvm-6a46d2.o(.text.main)
 <LI><a href="#[5f]">fputc</a> from lto-llvm-6a46d2.o(.text.fputc) referenced from _printf_char_file.o(.text)
 <LI><a href="#[c3]">grey_filter_cb</a> from lto-llvm-6a46d2.o(.text.grey_filter_cb) referenced 2 times from lto-llvm-6a46d2.o(.text.style_init)
 <LI><a href="#[b0]">grid_update</a> from lto-llvm-6a46d2.o(.text.grid_update) referenced 2 times from lto-llvm-6a46d2.o(.text.main)
 <LI><a href="#[b4]">iotStatusUpdate</a> from lto-llvm-6a46d2.o(.text.iotStatusUpdate) referenced 2 times from lto-llvm-6a46d2.o(.text.main)
 <LI><a href="#[a4]">label_event_cb</a> from lto-llvm-6a46d2.o(.text.label_event_cb) referenced 2 times from lto-llvm-6a46d2.o(.text.lv_textarea_constructor)
 <LI><a href="#[c4]">lapTimer_cb</a> from lto-llvm-6a46d2.o(.text.lapTimer_cb) referenced 2 times from lto-llvm-6a46d2.o(.text.ui_event_startup)
 <LI><a href="#[9e]">lv_anim_path_ease_in_out</a> from lto-llvm-6a46d2.o(.text.lv_anim_path_ease_in_out) referenced 2 times from lto-llvm-6a46d2.o(.text.lv_spinner_constructor)
 <LI><a href="#[92]">lv_anim_path_ease_out</a> from lto-llvm-6a46d2.o(.text.lv_anim_path_ease_out) referenced 2 times from lto-llvm-6a46d2.o(.text.lv_obj_scroll_by)
 <LI><a href="#[92]">lv_anim_path_ease_out</a> from lto-llvm-6a46d2.o(.text.lv_anim_path_ease_out) referenced 2 times from lto-llvm-6a46d2.o(.text.refr_position)
 <LI><a href="#[63]">lv_anim_path_linear</a> from lto-llvm-6a46d2.o(.text.lv_anim_path_linear) referenced 2 times from lto-llvm-6a46d2.o(.text.Start_LVGL_Meter)
 <LI><a href="#[63]">lv_anim_path_linear</a> from lto-llvm-6a46d2.o(.text.lv_anim_path_linear) referenced 2 times from lto-llvm-6a46d2.o(.text.lv_anim_init)
 <LI><a href="#[63]">lv_anim_path_linear</a> from lto-llvm-6a46d2.o(.text.lv_anim_path_linear) referenced 2 times from lto-llvm-6a46d2.o(.text.lv_bar_set_start_value)
 <LI><a href="#[63]">lv_anim_path_linear</a> from lto-llvm-6a46d2.o(.text.lv_anim_path_linear) referenced 2 times from lto-llvm-6a46d2.o(.text.lv_bar_set_value)
 <LI><a href="#[63]">lv_anim_path_linear</a> from lto-llvm-6a46d2.o(.text.lv_anim_path_linear) referenced 4 times from lto-llvm-6a46d2.o(.text.lv_label_refr_text)
 <LI><a href="#[63]">lv_anim_path_linear</a> from lto-llvm-6a46d2.o(.text.lv_anim_path_linear) referenced 2 times from lto-llvm-6a46d2.o(.text.lv_obj_scroll_by)
 <LI><a href="#[63]">lv_anim_path_linear</a> from lto-llvm-6a46d2.o(.text.lv_anim_path_linear) referenced 2 times from lto-llvm-6a46d2.o(.text.lv_scr_load_anim)
 <LI><a href="#[63]">lv_anim_path_linear</a> from lto-llvm-6a46d2.o(.text.lv_anim_path_linear) referenced 2 times from lto-llvm-6a46d2.o(.text.lv_spinner_constructor)
 <LI><a href="#[63]">lv_anim_path_linear</a> from lto-llvm-6a46d2.o(.text.lv_anim_path_linear) referenced 2 times from lto-llvm-6a46d2.o(.text.lv_switch_event)
 <LI><a href="#[63]">lv_anim_path_linear</a> from lto-llvm-6a46d2.o(.text.lv_anim_path_linear) referenced 2 times from lto-llvm-6a46d2.o(.text.main)
 <LI><a href="#[63]">lv_anim_path_linear</a> from lto-llvm-6a46d2.o(.text.lv_anim_path_linear) referenced 2 times from lto-llvm-6a46d2.o(.text.style_init)
 <LI><a href="#[63]">lv_anim_path_linear</a> from lto-llvm-6a46d2.o(.text.lv_anim_path_linear) referenced 2 times from lto-llvm-6a46d2.o(.text.ui_speedMeter_update)
 <LI><a href="#[6f]">lv_anim_path_step</a> from lto-llvm-6a46d2.o(.text.lv_anim_path_step) referenced 2 times from lto-llvm-6a46d2.o(.text.label_event_cb)
 <LI><a href="#[6f]">lv_anim_path_step</a> from lto-llvm-6a46d2.o(.text.lv_anim_path_step) referenced 2 times from lto-llvm-6a46d2.o(.text.lv_spinbox_updatevalue)
 <LI><a href="#[6f]">lv_anim_path_step</a> from lto-llvm-6a46d2.o(.text.lv_anim_path_step) referenced 2 times from lto-llvm-6a46d2.o(.text.lv_textarea_add_char)
 <LI><a href="#[6f]">lv_anim_path_step</a> from lto-llvm-6a46d2.o(.text.lv_anim_path_step) referenced 2 times from lto-llvm-6a46d2.o(.text.lv_textarea_add_text)
 <LI><a href="#[6f]">lv_anim_path_step</a> from lto-llvm-6a46d2.o(.text.lv_anim_path_step) referenced 2 times from lto-llvm-6a46d2.o(.text.lv_textarea_constructor)
 <LI><a href="#[6f]">lv_anim_path_step</a> from lto-llvm-6a46d2.o(.text.lv_anim_path_step) referenced 2 times from lto-llvm-6a46d2.o(.text.lv_textarea_event)
 <LI><a href="#[6f]">lv_anim_path_step</a> from lto-llvm-6a46d2.o(.text.lv_anim_path_step) referenced 2 times from lto-llvm-6a46d2.o(.text.lv_textarea_set_cursor_pos)
 <LI><a href="#[e5]">lv_arc_constructor</a> from lto-llvm-6a46d2.o(.text.lv_arc_constructor) referenced from lto-llvm-6a46d2.o(.rodata)
 <LI><a href="#[e6]">lv_arc_event</a> from lto-llvm-6a46d2.o(.text.lv_arc_event) referenced from lto-llvm-6a46d2.o(.rodata)
 <LI><a href="#[69]">lv_area_get_height</a> from lto-llvm-6a46d2.o(.text.lv_area_get_height) referenced 2 times from lto-llvm-6a46d2.o(.text.children_repos)
 <LI><a href="#[71]">lv_area_get_height.993</a> from lto-llvm-6a46d2.o(.text.lv_area_get_height.993) referenced 4 times from lto-llvm-6a46d2.o(.text.lv_bar_event)
 <LI><a href="#[68]">lv_area_get_width</a> from lto-llvm-6a46d2.o(.text.lv_area_get_width) referenced 2 times from lto-llvm-6a46d2.o(.text.children_repos)
 <LI><a href="#[70]">lv_area_get_width.992</a> from lto-llvm-6a46d2.o(.text.lv_area_get_width.992) referenced 4 times from lto-llvm-6a46d2.o(.text.lv_bar_event)
 <LI><a href="#[66]">lv_area_set_height</a> from lto-llvm-6a46d2.o(.text.lv_area_set_height) referenced 2 times from lto-llvm-6a46d2.o(.text.children_repos)
 <LI><a href="#[67]">lv_area_set_width</a> from lto-llvm-6a46d2.o(.text.lv_area_set_width) referenced 2 times from lto-llvm-6a46d2.o(.text.children_repos)
 <LI><a href="#[72]">lv_bar_anim</a> from lto-llvm-6a46d2.o(.text.lv_bar_anim) referenced 2 times from lto-llvm-6a46d2.o(.text.lv_bar_set_start_value)
 <LI><a href="#[72]">lv_bar_anim</a> from lto-llvm-6a46d2.o(.text.lv_bar_anim) referenced 2 times from lto-llvm-6a46d2.o(.text.lv_bar_set_value)
 <LI><a href="#[73]">lv_bar_anim_ready</a> from lto-llvm-6a46d2.o(.text.lv_bar_anim_ready) referenced 2 times from lto-llvm-6a46d2.o(.text.lv_bar_set_start_value)
 <LI><a href="#[73]">lv_bar_anim_ready</a> from lto-llvm-6a46d2.o(.text.lv_bar_anim_ready) referenced 2 times from lto-llvm-6a46d2.o(.text.lv_bar_set_value)
 <LI><a href="#[ff]">lv_bar_constructor</a> from lto-llvm-6a46d2.o(.text.lv_bar_constructor) referenced from lto-llvm-6a46d2.o(.rodata)
 <LI><a href="#[100]">lv_bar_destructor</a> from lto-llvm-6a46d2.o(.text.lv_bar_destructor) referenced from lto-llvm-6a46d2.o(.rodata)
 <LI><a href="#[101]">lv_bar_event</a> from lto-llvm-6a46d2.o(.text.lv_bar_event) referenced from lto-llvm-6a46d2.o(.rodata)
 <LI><a href="#[e7]">lv_btn_constructor</a> from lto-llvm-6a46d2.o(.text.lv_btn_constructor) referenced from lto-llvm-6a46d2.o(.rodata)
 <LI><a href="#[e8]">lv_btnmatrix_constructor</a> from lto-llvm-6a46d2.o(.text.lv_btnmatrix_constructor) referenced from lto-llvm-6a46d2.o(.rodata)
 <LI><a href="#[e9]">lv_btnmatrix_destructor</a> from lto-llvm-6a46d2.o(.text.lv_btnmatrix_destructor) referenced from lto-llvm-6a46d2.o(.rodata)
 <LI><a href="#[ea]">lv_btnmatrix_event</a> from lto-llvm-6a46d2.o(.text.lv_btnmatrix_event) referenced from lto-llvm-6a46d2.o(.rodata)
 <LI><a href="#[c9]">lv_calendar_constructor</a> from lto-llvm-6a46d2.o(.text.lv_calendar_constructor) referenced from lto-llvm-6a46d2.o(.rodata)
 <LI><a href="#[cb]">lv_chart_constructor</a> from lto-llvm-6a46d2.o(.text.lv_chart_constructor) referenced from lto-llvm-6a46d2.o(.rodata)
 <LI><a href="#[cc]">lv_chart_destructor</a> from lto-llvm-6a46d2.o(.text.lv_chart_destructor) referenced from lto-llvm-6a46d2.o(.rodata)
 <LI><a href="#[cd]">lv_chart_event</a> from lto-llvm-6a46d2.o(.text.lv_chart_event) referenced from lto-llvm-6a46d2.o(.rodata)
 <LI><a href="#[eb]">lv_checkbox_constructor</a> from lto-llvm-6a46d2.o(.text.lv_checkbox_constructor) referenced from lto-llvm-6a46d2.o(.rodata)
 <LI><a href="#[ec]">lv_checkbox_destructor</a> from lto-llvm-6a46d2.o(.text.lv_checkbox_destructor) referenced from lto-llvm-6a46d2.o(.rodata)
 <LI><a href="#[ed]">lv_checkbox_event</a> from lto-llvm-6a46d2.o(.text.lv_checkbox_event) referenced from lto-llvm-6a46d2.o(.rodata)
 <LI><a href="#[ce]">lv_colorwheel_constructor</a> from lto-llvm-6a46d2.o(.text.lv_colorwheel_constructor) referenced from lto-llvm-6a46d2.o(.rodata)
 <LI><a href="#[cf]">lv_colorwheel_event</a> from lto-llvm-6a46d2.o(.text.lv_colorwheel_event) referenced from lto-llvm-6a46d2.o(.rodata)
 <LI><a href="#[77]">lv_draw_mask_angle</a> from lto-llvm-6a46d2.o(.text.lv_draw_mask_angle) referenced 2 times from lto-llvm-6a46d2.o(.text.lv_draw_sw_arc)
 <LI><a href="#[75]">lv_draw_mask_line</a> from lto-llvm-6a46d2.o(.text.lv_draw_mask_line) referenced 2 times from lto-llvm-6a46d2.o(.text.lv_draw_mask_line_points_init)
 <LI><a href="#[76]">lv_draw_mask_radius</a> from lto-llvm-6a46d2.o(.text.lv_draw_mask_radius) referenced 2 times from lto-llvm-6a46d2.o(.text.lv_draw_mask_radius_init)
 <LI><a href="#[78]">lv_draw_sw_arc</a> from lto-llvm-6a46d2.o(.text.lv_draw_sw_arc) referenced 2 times from lto-llvm-6a46d2.o(.text.lv_draw_sw_init_ctx)
 <LI><a href="#[7e]">lv_draw_sw_bg</a> from lto-llvm-6a46d2.o(.text.lv_draw_sw_bg) referenced 2 times from lto-llvm-6a46d2.o(.text.lv_draw_sw_init_ctx)
 <LI><a href="#[84]">lv_draw_sw_blend_basic</a> from lto-llvm-6a46d2.o(.text.lv_draw_sw_blend_basic) referenced 2 times from lto-llvm-6a46d2.o(.text.lv_draw_sw_init_ctx)
 <LI><a href="#[82]">lv_draw_sw_buffer_copy</a> from lto-llvm-6a46d2.o(.text.lv_draw_sw_buffer_copy) referenced 2 times from lto-llvm-6a46d2.o(.text.lv_draw_sw_init_ctx)
 <LI><a href="#[7b]">lv_draw_sw_img_decoded</a> from lto-llvm-6a46d2.o(.text.lv_draw_sw_img_decoded) referenced 2 times from lto-llvm-6a46d2.o(.text.lv_draw_sw_init_ctx)
 <LI><a href="#[a7]">lv_draw_sw_init_ctx</a> from lto-llvm-6a46d2.o(.text.lv_draw_sw_init_ctx) referenced 2 times from lto-llvm-6a46d2.o(.text.main)
 <LI><a href="#[83]">lv_draw_sw_layer_adjust</a> from lto-llvm-6a46d2.o(.text.lv_draw_sw_layer_adjust) referenced 2 times from lto-llvm-6a46d2.o(.text.lv_draw_sw_init_ctx)
 <LI><a href="#[85]">lv_draw_sw_layer_blend</a> from lto-llvm-6a46d2.o(.text.lv_draw_sw_layer_blend) referenced 2 times from lto-llvm-6a46d2.o(.text.lv_draw_sw_init_ctx)
 <LI><a href="#[80]">lv_draw_sw_layer_create</a> from lto-llvm-6a46d2.o(.text.lv_draw_sw_layer_create) referenced 2 times from lto-llvm-6a46d2.o(.text.lv_draw_sw_init_ctx)
 <LI><a href="#[86]">lv_draw_sw_layer_destroy</a> from lto-llvm-6a46d2.o(.text.lv_draw_sw_layer_destroy) referenced 2 times from lto-llvm-6a46d2.o(.text.lv_draw_sw_init_ctx)
 <LI><a href="#[7a]">lv_draw_sw_letter</a> from lto-llvm-6a46d2.o(.text.lv_draw_sw_letter) referenced 2 times from lto-llvm-6a46d2.o(.text.lv_draw_sw_init_ctx)
 <LI><a href="#[7c]">lv_draw_sw_line</a> from lto-llvm-6a46d2.o(.text.lv_draw_sw_line) referenced 2 times from lto-llvm-6a46d2.o(.text.lv_draw_sw_init_ctx)
 <LI><a href="#[7d]">lv_draw_sw_polygon</a> from lto-llvm-6a46d2.o(.text.lv_draw_sw_polygon) referenced 2 times from lto-llvm-6a46d2.o(.text.lv_draw_sw_init_ctx)
 <LI><a href="#[79]">lv_draw_sw_rect</a> from lto-llvm-6a46d2.o(.text.lv_draw_sw_rect) referenced 2 times from lto-llvm-6a46d2.o(.text.lv_draw_sw_init_ctx)
 <LI><a href="#[7f]">lv_draw_sw_transform</a> from lto-llvm-6a46d2.o(.text.lv_draw_sw_transform) referenced 2 times from lto-llvm-6a46d2.o(.text.lv_draw_sw_init_ctx)
 <LI><a href="#[81]">lv_draw_sw_wait_for_finish</a> from lto-llvm-6a46d2.o(.text.lv_draw_sw_wait_for_finish) referenced 2 times from lto-llvm-6a46d2.o(.text.lv_draw_sw_init_ctx)
 <LI><a href="#[ee]">lv_dropdown_constructor</a> from lto-llvm-6a46d2.o(.text.lv_dropdown_constructor) referenced from lto-llvm-6a46d2.o(.rodata)
 <LI><a href="#[ef]">lv_dropdown_destructor</a> from lto-llvm-6a46d2.o(.text.lv_dropdown_destructor) referenced from lto-llvm-6a46d2.o(.rodata)
 <LI><a href="#[f0]">lv_dropdown_event</a> from lto-llvm-6a46d2.o(.text.lv_dropdown_event) referenced from lto-llvm-6a46d2.o(.rodata)
 <LI><a href="#[f3]">lv_dropdown_list_event</a> from lto-llvm-6a46d2.o(.text.lv_dropdown_list_event) referenced from lto-llvm-6a46d2.o(.rodata)
 <LI><a href="#[f1]">lv_dropdownlist_constructor</a> from lto-llvm-6a46d2.o(.text.lv_dropdownlist_constructor) referenced from lto-llvm-6a46d2.o(.rodata)
 <LI><a href="#[f2]">lv_dropdownlist_destructor</a> from lto-llvm-6a46d2.o(.text.lv_dropdownlist_destructor) referenced from lto-llvm-6a46d2.o(.rodata)
 <LI><a href="#[111]">lv_font_get_bitmap_fmt_txt</a> from lto-llvm-6a46d2.o(.text.lv_font_get_bitmap_fmt_txt) referenced 7 times from lto-llvm-6a46d2.o(.rodata)
 <LI><a href="#[110]">lv_font_get_glyph_dsc_fmt_txt</a> from lto-llvm-6a46d2.o(.text.lv_font_get_glyph_dsc_fmt_txt) referenced 7 times from lto-llvm-6a46d2.o(.rodata)
 <LI><a href="#[f4]">lv_img_constructor</a> from lto-llvm-6a46d2.o(.text.lv_img_constructor) referenced from lto-llvm-6a46d2.o(.rodata)
 <LI><a href="#[ae]">lv_img_decoder_built_in_close</a> from lto-llvm-6a46d2.o(.text.lv_img_decoder_built_in_close) referenced 2 times from lto-llvm-6a46d2.o(.text.main)
 <LI><a href="#[ab]">lv_img_decoder_built_in_info</a> from lto-llvm-6a46d2.o(.text.lv_img_decoder_built_in_info) referenced 2 times from lto-llvm-6a46d2.o(.text.main)
 <LI><a href="#[ac]">lv_img_decoder_built_in_open</a> from lto-llvm-6a46d2.o(.text.lv_img_decoder_built_in_open) referenced 2 times from lto-llvm-6a46d2.o(.text.main)
 <LI><a href="#[ad]">lv_img_decoder_built_in_read_line</a> from lto-llvm-6a46d2.o(.text.lv_img_decoder_built_in_read_line) referenced 2 times from lto-llvm-6a46d2.o(.text.main)
 <LI><a href="#[f5]">lv_img_destructor</a> from lto-llvm-6a46d2.o(.text.lv_img_destructor) referenced from lto-llvm-6a46d2.o(.rodata)
 <LI><a href="#[f6]">lv_img_event</a> from lto-llvm-6a46d2.o(.text.lv_img_event) referenced from lto-llvm-6a46d2.o(.rodata)
 <LI><a href="#[e4]">lv_keyboard_constructor</a> from lto-llvm-6a46d2.o(.text.lv_keyboard_constructor) referenced from lto-llvm-6a46d2.o(.rodata)
 <LI><a href="#[87]">lv_keyboard_def_event_cb</a> from lto-llvm-6a46d2.o(.text.lv_keyboard_def_event_cb) referenced 2 times from lto-llvm-6a46d2.o(.text.lv_keyboard_constructor)
 <LI><a href="#[fb]">lv_label_constructor</a> from lto-llvm-6a46d2.o(.text.lv_label_constructor) referenced from lto-llvm-6a46d2.o(.rodata)
 <LI><a href="#[fc]">lv_label_destructor</a> from lto-llvm-6a46d2.o(.text.lv_label_destructor) referenced from lto-llvm-6a46d2.o(.rodata)
 <LI><a href="#[fd]">lv_label_event</a> from lto-llvm-6a46d2.o(.text.lv_label_event) referenced from lto-llvm-6a46d2.o(.rodata)
 <LI><a href="#[d0]">lv_led_constructor</a> from lto-llvm-6a46d2.o(.text.lv_led_constructor) referenced from lto-llvm-6a46d2.o(.rodata)
 <LI><a href="#[d1]">lv_led_event</a> from lto-llvm-6a46d2.o(.text.lv_led_event) referenced from lto-llvm-6a46d2.o(.rodata)
 <LI><a href="#[f7]">lv_line_constructor</a> from lto-llvm-6a46d2.o(.text.lv_line_constructor) referenced from lto-llvm-6a46d2.o(.rodata)
 <LI><a href="#[f8]">lv_line_event</a> from lto-llvm-6a46d2.o(.text.lv_line_event) referenced from lto-llvm-6a46d2.o(.rodata)
 <LI><a href="#[8b]">lv_menu_back_event_cb</a> from lto-llvm-6a46d2.o(.text.lv_menu_back_event_cb) referenced 2 times from lto-llvm-6a46d2.o(.text.lv_menu_constructor)
 <LI><a href="#[d2]">lv_menu_constructor</a> from lto-llvm-6a46d2.o(.text.lv_menu_constructor) referenced from lto-llvm-6a46d2.o(.rodata)
 <LI><a href="#[d6]">lv_menu_cont_constructor</a> from lto-llvm-6a46d2.o(.text.lv_menu_cont_constructor) referenced from lto-llvm-6a46d2.o(.rodata)
 <LI><a href="#[d3]">lv_menu_destructor</a> from lto-llvm-6a46d2.o(.text.lv_menu_destructor) referenced from lto-llvm-6a46d2.o(.rodata)
 <LI><a href="#[d4]">lv_menu_page_constructor</a> from lto-llvm-6a46d2.o(.text.lv_menu_page_constructor) referenced from lto-llvm-6a46d2.o(.rodata)
 <LI><a href="#[d5]">lv_menu_page_destructor</a> from lto-llvm-6a46d2.o(.text.lv_menu_page_destructor) referenced from lto-llvm-6a46d2.o(.rodata)
 <LI><a href="#[d7]">lv_menu_section_constructor</a> from lto-llvm-6a46d2.o(.text.lv_menu_section_constructor) referenced from lto-llvm-6a46d2.o(.rodata)
 <LI><a href="#[8c]">lv_menu_value_changed_event_cb</a> from lto-llvm-6a46d2.o(.text.lv_menu_value_changed_event_cb) referenced 2 times from lto-llvm-6a46d2.o(.text.lv_menu_constructor)
 <LI><a href="#[d8]">lv_meter_constructor</a> from lto-llvm-6a46d2.o(.text.lv_meter_constructor) referenced from lto-llvm-6a46d2.o(.rodata)
 <LI><a href="#[d9]">lv_meter_destructor</a> from lto-llvm-6a46d2.o(.text.lv_meter_destructor) referenced from lto-llvm-6a46d2.o(.rodata)
 <LI><a href="#[da]">lv_meter_event</a> from lto-llvm-6a46d2.o(.text.lv_meter_event) referenced from lto-llvm-6a46d2.o(.rodata)
 <LI><a href="#[10a]">lv_obj_constructor</a> from lto-llvm-6a46d2.o(.text.lv_obj_constructor) referenced from lto-llvm-6a46d2.o(.rodata)
 <LI><a href="#[10b]">lv_obj_destructor</a> from lto-llvm-6a46d2.o(.text.lv_obj_destructor) referenced from lto-llvm-6a46d2.o(.rodata)
 <LI><a href="#[10c]">lv_obj_event</a> from lto-llvm-6a46d2.o(.text.lv_obj_event) referenced from lto-llvm-6a46d2.o(.rodata)
 <LI><a href="#[6d]">lv_obj_get_height</a> from lto-llvm-6a46d2.o(.text.lv_obj_get_height) referenced 2 times from lto-llvm-6a46d2.o(.text.find_track_end)
 <LI><a href="#[6c]">lv_obj_get_width</a> from lto-llvm-6a46d2.o(.text.lv_obj_get_width) referenced 2 times from lto-llvm-6a46d2.o(.text.find_track_end)
 <LI><a href="#[f9]">lv_roller_constructor</a> from lto-llvm-6a46d2.o(.text.lv_roller_constructor) referenced from lto-llvm-6a46d2.o(.rodata)
 <LI><a href="#[fa]">lv_roller_event</a> from lto-llvm-6a46d2.o(.text.lv_roller_event) referenced from lto-llvm-6a46d2.o(.rodata)
 <LI><a href="#[fe]">lv_roller_label_event</a> from lto-llvm-6a46d2.o(.text.lv_roller_label_event) referenced from lto-llvm-6a46d2.o(.rodata)
 <LI><a href="#[102]">lv_slider_constructor</a> from lto-llvm-6a46d2.o(.text.lv_slider_constructor) referenced from lto-llvm-6a46d2.o(.rodata)
 <LI><a href="#[103]">lv_slider_event</a> from lto-llvm-6a46d2.o(.text.lv_slider_event) referenced from lto-llvm-6a46d2.o(.rodata)
 <LI><a href="#[db]">lv_spinbox_constructor</a> from lto-llvm-6a46d2.o(.text.lv_spinbox_constructor) referenced from lto-llvm-6a46d2.o(.rodata)
 <LI><a href="#[dc]">lv_spinbox_event</a> from lto-llvm-6a46d2.o(.text.lv_spinbox_event) referenced from lto-llvm-6a46d2.o(.rodata)
 <LI><a href="#[dd]">lv_spinner_constructor</a> from lto-llvm-6a46d2.o(.text.lv_spinner_constructor) referenced from lto-llvm-6a46d2.o(.rodata)
 <LI><a href="#[a0]">lv_switch_anim_exec_cb</a> from lto-llvm-6a46d2.o(.text.lv_switch_anim_exec_cb) referenced 2 times from lto-llvm-6a46d2.o(.text.lv_switch_event)
 <LI><a href="#[a1]">lv_switch_anim_ready</a> from lto-llvm-6a46d2.o(.text.lv_switch_anim_ready) referenced 2 times from lto-llvm-6a46d2.o(.text.lv_switch_event)
 <LI><a href="#[104]">lv_switch_constructor</a> from lto-llvm-6a46d2.o(.text.lv_switch_constructor) referenced from lto-llvm-6a46d2.o(.rodata)
 <LI><a href="#[105]">lv_switch_destructor</a> from lto-llvm-6a46d2.o(.text.lv_switch_destructor) referenced from lto-llvm-6a46d2.o(.rodata)
 <LI><a href="#[106]">lv_switch_event</a> from lto-llvm-6a46d2.o(.text.lv_switch_event) referenced from lto-llvm-6a46d2.o(.rodata)
 <LI><a href="#[107]">lv_table_constructor</a> from lto-llvm-6a46d2.o(.text.lv_table_constructor) referenced from lto-llvm-6a46d2.o(.rodata)
 <LI><a href="#[108]">lv_table_destructor</a> from lto-llvm-6a46d2.o(.text.lv_table_destructor) referenced from lto-llvm-6a46d2.o(.rodata)
 <LI><a href="#[109]">lv_table_event</a> from lto-llvm-6a46d2.o(.text.lv_table_event) referenced from lto-llvm-6a46d2.o(.rodata)
 <LI><a href="#[de]">lv_tabview_constructor</a> from lto-llvm-6a46d2.o(.text.lv_tabview_constructor) referenced from lto-llvm-6a46d2.o(.rodata)
 <LI><a href="#[df]">lv_tabview_destructor</a> from lto-llvm-6a46d2.o(.text.lv_tabview_destructor) referenced from lto-llvm-6a46d2.o(.rodata)
 <LI><a href="#[e0]">lv_tabview_event</a> from lto-llvm-6a46d2.o(.text.lv_tabview_event) referenced from lto-llvm-6a46d2.o(.rodata)
 <LI><a href="#[10d]">lv_textarea_constructor</a> from lto-llvm-6a46d2.o(.text.lv_textarea_constructor) referenced from lto-llvm-6a46d2.o(.rodata)
 <LI><a href="#[10e]">lv_textarea_destructor</a> from lto-llvm-6a46d2.o(.text.lv_textarea_destructor) referenced from lto-llvm-6a46d2.o(.rodata)
 <LI><a href="#[10f]">lv_textarea_event</a> from lto-llvm-6a46d2.o(.text.lv_textarea_event) referenced from lto-llvm-6a46d2.o(.rodata)
 <LI><a href="#[e1]">lv_tileview_constructor</a> from lto-llvm-6a46d2.o(.text.lv_tileview_constructor) referenced from lto-llvm-6a46d2.o(.rodata)
 <LI><a href="#[e2]">lv_tileview_tile_constructor</a> from lto-llvm-6a46d2.o(.text.lv_tileview_tile_constructor) referenced from lto-llvm-6a46d2.o(.rodata)
 <LI><a href="#[e3]">lv_win_constructor</a> from lto-llvm-6a46d2.o(.text.lv_win_constructor) referenced from lto-llvm-6a46d2.o(.rodata)
 <LI><a href="#[64]">meter_set_value</a> from lto-llvm-6a46d2.o(.text.meter_set_value) referenced 2 times from lto-llvm-6a46d2.o(.text.Start_LVGL_Meter)
 <LI><a href="#[64]">meter_set_value</a> from lto-llvm-6a46d2.o(.text.meter_set_value) referenced 2 times from lto-llvm-6a46d2.o(.text.ui_speedMeter_update)
 <LI><a href="#[bb]">month_event_cb</a> from lto-llvm-6a46d2.o(.text.month_event_cb) referenced 2 times from lto-llvm-6a46d2.o(.text.my_constructor)
 <LI><a href="#[be]">month_event_cb.486</a> from lto-llvm-6a46d2.o(.text.month_event_cb.486) referenced 2 times from lto-llvm-6a46d2.o(.text.my_constructor.483)
 <LI><a href="#[c8]">my_constructor</a> from lto-llvm-6a46d2.o(.text.my_constructor) referenced from lto-llvm-6a46d2.o(.rodata)
 <LI><a href="#[ca]">my_constructor.483</a> from lto-llvm-6a46d2.o(.text.my_constructor.483) referenced from lto-llvm-6a46d2.o(.rodata)
 <LI><a href="#[b9]">prvIdleTask</a> from lto-llvm-6a46d2.o(.text.prvIdleTask) referenced 2 times from lto-llvm-6a46d2.o(.text.main)
 <LI><a href="#[c0]">prvTaskExitError</a> from lto-llvm-6a46d2.o(.text.prvTaskExitError) referenced 2 times from lto-llvm-6a46d2.o(.text.prvInitialiseNewTask)
 <LI><a href="#[ba]">prvTimerTask</a> from lto-llvm-6a46d2.o(.text.prvTimerTask) referenced 2 times from lto-llvm-6a46d2.o(.text.main)
 <LI><a href="#[9b]">pwd_char_hider_anim</a> from lto-llvm-6a46d2.o(.text.pwd_char_hider_anim) referenced 2 times from lto-llvm-6a46d2.o(.text.lv_spinbox_updatevalue)
 <LI><a href="#[9b]">pwd_char_hider_anim</a> from lto-llvm-6a46d2.o(.text.pwd_char_hider_anim) referenced 2 times from lto-llvm-6a46d2.o(.text.lv_textarea_add_char)
 <LI><a href="#[9b]">pwd_char_hider_anim</a> from lto-llvm-6a46d2.o(.text.pwd_char_hider_anim) referenced 2 times from lto-llvm-6a46d2.o(.text.lv_textarea_add_text)
 <LI><a href="#[9c]">pwd_char_hider_anim_ready</a> from lto-llvm-6a46d2.o(.text.pwd_char_hider_anim_ready) referenced 2 times from lto-llvm-6a46d2.o(.text.lv_spinbox_updatevalue)
 <LI><a href="#[9c]">pwd_char_hider_anim_ready</a> from lto-llvm-6a46d2.o(.text.pwd_char_hider_anim_ready) referenced 2 times from lto-llvm-6a46d2.o(.text.lv_textarea_add_char)
 <LI><a href="#[9c]">pwd_char_hider_anim_ready</a> from lto-llvm-6a46d2.o(.text.pwd_char_hider_anim_ready) referenced 2 times from lto-llvm-6a46d2.o(.text.lv_textarea_add_text)
 <LI><a href="#[98]">scr_anim_ready</a> from lto-llvm-6a46d2.o(.text.scr_anim_ready) referenced 2 times from lto-llvm-6a46d2.o(.text.lv_scr_load_anim)
 <LI><a href="#[97]">scr_load_anim_start</a> from lto-llvm-6a46d2.o(.text.scr_load_anim_start) referenced 2 times from lto-llvm-6a46d2.o(.text.lv_scr_load_anim)
 <LI><a href="#[91]">scroll_anim_ready_cb</a> from lto-llvm-6a46d2.o(.text.scroll_anim_ready_cb) referenced 2 times from lto-llvm-6a46d2.o(.text.lv_obj_scroll_by)
 <LI><a href="#[c1]">scroll_anim_ready_cb.1077</a> from lto-llvm-6a46d2.o(.text.scroll_anim_ready_cb.1077) referenced 2 times from lto-llvm-6a46d2.o(.text.refr_position)
 <LI><a href="#[6a]">scroll_x_anim</a> from lto-llvm-6a46d2.o(.text.scroll_x_anim) referenced 2 times from lto-llvm-6a46d2.o(.text.cont_scroll_end_event_cb)
 <LI><a href="#[6a]">scroll_x_anim</a> from lto-llvm-6a46d2.o(.text.scroll_x_anim) referenced 2 times from lto-llvm-6a46d2.o(.text.lv_obj_event)
 <LI><a href="#[6a]">scroll_x_anim</a> from lto-llvm-6a46d2.o(.text.scroll_x_anim) referenced 4 times from lto-llvm-6a46d2.o(.text.lv_obj_refr_size)
 <LI><a href="#[6a]">scroll_x_anim</a> from lto-llvm-6a46d2.o(.text.scroll_x_anim) referenced 4 times from lto-llvm-6a46d2.o(.text.lv_obj_scroll_by)
 <LI><a href="#[6a]">scroll_x_anim</a> from lto-llvm-6a46d2.o(.text.scroll_x_anim) referenced 2 times from lto-llvm-6a46d2.o(.text.lv_obj_scroll_to_x)
 <LI><a href="#[6a]">scroll_x_anim</a> from lto-llvm-6a46d2.o(.text.scroll_x_anim) referenced 2 times from lto-llvm-6a46d2.o(.text.lv_spinbox_constructor)
 <LI><a href="#[6a]">scroll_x_anim</a> from lto-llvm-6a46d2.o(.text.scroll_x_anim) referenced 2 times from lto-llvm-6a46d2.o(.text.lv_tabview_set_act)
 <LI><a href="#[6a]">scroll_x_anim</a> from lto-llvm-6a46d2.o(.text.scroll_x_anim) referenced 4 times from lto-llvm-6a46d2.o(.text.lv_textarea_set_cursor_pos)
 <LI><a href="#[6a]">scroll_x_anim</a> from lto-llvm-6a46d2.o(.text.scroll_x_anim) referenced 2 times from lto-llvm-6a46d2.o(.text.tileview_event_cb)
 <LI><a href="#[6b]">scroll_y_anim</a> from lto-llvm-6a46d2.o(.text.scroll_y_anim) referenced 2 times from lto-llvm-6a46d2.o(.text.cont_scroll_end_event_cb)
 <LI><a href="#[6b]">scroll_y_anim</a> from lto-llvm-6a46d2.o(.text.scroll_y_anim) referenced 2 times from lto-llvm-6a46d2.o(.text.lv_obj_event)
 <LI><a href="#[6b]">scroll_y_anim</a> from lto-llvm-6a46d2.o(.text.scroll_y_anim) referenced 4 times from lto-llvm-6a46d2.o(.text.lv_obj_refr_size)
 <LI><a href="#[6b]">scroll_y_anim</a> from lto-llvm-6a46d2.o(.text.scroll_y_anim) referenced 4 times from lto-llvm-6a46d2.o(.text.lv_obj_scroll_by)
 <LI><a href="#[6b]">scroll_y_anim</a> from lto-llvm-6a46d2.o(.text.scroll_y_anim) referenced 2 times from lto-llvm-6a46d2.o(.text.lv_obj_scroll_to_y)
 <LI><a href="#[6b]">scroll_y_anim</a> from lto-llvm-6a46d2.o(.text.scroll_y_anim) referenced 2 times from lto-llvm-6a46d2.o(.text.lv_spinbox_constructor)
 <LI><a href="#[6b]">scroll_y_anim</a> from lto-llvm-6a46d2.o(.text.scroll_y_anim) referenced 2 times from lto-llvm-6a46d2.o(.text.lv_tabview_set_act)
 <LI><a href="#[6b]">scroll_y_anim</a> from lto-llvm-6a46d2.o(.text.scroll_y_anim) referenced 4 times from lto-llvm-6a46d2.o(.text.lv_textarea_set_cursor_pos)
 <LI><a href="#[6b]">scroll_y_anim</a> from lto-llvm-6a46d2.o(.text.scroll_y_anim) referenced 2 times from lto-llvm-6a46d2.o(.text.position_to_selected)
 <LI><a href="#[6b]">scroll_y_anim</a> from lto-llvm-6a46d2.o(.text.scroll_y_anim) referenced 2 times from lto-llvm-6a46d2.o(.text.tileview_event_cb)
 <LI><a href="#[88]">set_ofs_x_anim</a> from lto-llvm-6a46d2.o(.text.set_ofs_x_anim) referenced 8 times from lto-llvm-6a46d2.o(.text.lv_label_refr_text)
 <LI><a href="#[88]">set_ofs_x_anim</a> from lto-llvm-6a46d2.o(.text.set_ofs_x_anim) referenced 2 times from lto-llvm-6a46d2.o(.text.lv_label_set_long_mode)
 <LI><a href="#[89]">set_ofs_y_anim</a> from lto-llvm-6a46d2.o(.text.set_ofs_y_anim) referenced 6 times from lto-llvm-6a46d2.o(.text.lv_label_refr_text)
 <LI><a href="#[89]">set_ofs_y_anim</a> from lto-llvm-6a46d2.o(.text.set_ofs_y_anim) referenced 2 times from lto-llvm-6a46d2.o(.text.lv_label_set_long_mode)
 <LI><a href="#[b1]">set_value</a> from lto-llvm-6a46d2.o(.text.set_value) referenced 2 times from lto-llvm-6a46d2.o(.text.main)
 <LI><a href="#[99]">set_x_anim</a> from lto-llvm-6a46d2.o(.text.set_x_anim) referenced 8 times from lto-llvm-6a46d2.o(.text.lv_scr_load_anim)
 <LI><a href="#[9a]">set_y_anim</a> from lto-llvm-6a46d2.o(.text.set_y_anim) referenced 4 times from lto-llvm-6a46d2.o(.text.lv_scr_load_anim)
 <LI><a href="#[96]">set_y_anim.1076</a> from lto-llvm-6a46d2.o(.text.set_y_anim.1076) referenced 2 times from lto-llvm-6a46d2.o(.text.lv_roller_event)
 <LI><a href="#[96]">set_y_anim.1076</a> from lto-llvm-6a46d2.o(.text.set_y_anim.1076) referenced 4 times from lto-llvm-6a46d2.o(.text.refr_position)
 <LI><a href="#[a5]">theme_apply.442</a> from lto-llvm-6a46d2.o(.text.theme_apply.442) referenced 2 times from lto-llvm-6a46d2.o(.text.lv_theme_default_init)
 <LI><a href="#[a6]">tileview_event_cb</a> from lto-llvm-6a46d2.o(.text.tileview_event_cb) referenced 2 times from lto-llvm-6a46d2.o(.text.lv_tileview_constructor)
 <LI><a href="#[93]">trans_anim_cb</a> from lto-llvm-6a46d2.o(.text.trans_anim_cb) referenced 2 times from lto-llvm-6a46d2.o(.text.lv_obj_set_state)
 <LI><a href="#[95]">trans_anim_ready_cb</a> from lto-llvm-6a46d2.o(.text.trans_anim_ready_cb) referenced 2 times from lto-llvm-6a46d2.o(.text.lv_obj_set_state)
 <LI><a href="#[94]">trans_anim_start_cb</a> from lto-llvm-6a46d2.o(.text.trans_anim_start_cb) referenced 2 times from lto-llvm-6a46d2.o(.text.lv_obj_set_state)
 <LI><a href="#[b2]">ui_event_startup</a> from lto-llvm-6a46d2.o(.text.ui_event_startup) referenced 2 times from lto-llvm-6a46d2.o(.text.main)
 <LI><a href="#[b3]">ui_speedMeter_update</a> from lto-llvm-6a46d2.o(.text.ui_speedMeter_update) referenced 2 times from lto-llvm-6a46d2.o(.text.main)
 <LI><a href="#[61]">vEventGroupSetBitsCallback</a> from lto-llvm-6a46d2.o(.text.vEventGroupSetBitsCallback) referenced 2 times from lto-llvm-6a46d2.o(.text.CAN1_RX0_IRQHandler)
 <LI><a href="#[bc]">value_changed_event_cb</a> from lto-llvm-6a46d2.o(.text.value_changed_event_cb) referenced 2 times from lto-llvm-6a46d2.o(.text.my_constructor)
 <LI><a href="#[bf]">value_changed_event_cb.487</a> from lto-llvm-6a46d2.o(.text.value_changed_event_cb.487) referenced 2 times from lto-llvm-6a46d2.o(.text.my_constructor.483)
 <LI><a href="#[bd]">year_event_cb</a> from lto-llvm-6a46d2.o(.text.year_event_cb) referenced 2 times from lto-llvm-6a46d2.o(.text.my_constructor.483)
</UL>
<P>
<H3>
Global Symbols
</H3>
<P><STRONG><a name="[5c]"></a>__main</STRONG> (Thumb, 8 bytes, Stack size 0 bytes, __main.o(!!!main))
<BR><BR>[Calls]<UL><LI><a href="#[114]">&gt;&gt;</a>&nbsp;&nbsp;&nbsp;__rt_entry
<LI><a href="#[113]">&gt;&gt;</a>&nbsp;&nbsp;&nbsp;__scatterload
</UL>
<BR>[Address Reference Count : 1]<UL><LI> startup_stm32f407xx.o(.text)
</UL>
<P><STRONG><a name="[113]"></a>__scatterload</STRONG> (Thumb, 0 bytes, Stack size unknown bytes, __scatter.o(!!!scatter))
<BR><BR>[Called By]<UL><LI><a href="#[5c]">&gt;&gt;</a>&nbsp;&nbsp;&nbsp;__main
</UL>

<P><STRONG><a name="[115]"></a>__scatterload_rt2</STRONG> (Thumb, 44 bytes, Stack size unknown bytes, __scatter.o(!!!scatter), UNUSED)
<BR><BR>[Calls]<UL><LI><a href="#[114]">&gt;&gt;</a>&nbsp;&nbsp;&nbsp;__rt_entry
</UL>

<P><STRONG><a name="[275]"></a>__scatterload_rt2_thumb_only</STRONG> (Thumb, 0 bytes, Stack size unknown bytes, __scatter.o(!!!scatter), UNUSED)

<P><STRONG><a name="[276]"></a>__scatterload_null</STRONG> (Thumb, 0 bytes, Stack size unknown bytes, __scatter.o(!!!scatter), UNUSED)

<P><STRONG><a name="[116]"></a>__scatterload_copy</STRONG> (Thumb, 26 bytes, Stack size unknown bytes, __scatter_copy.o(!!handler_copy), UNUSED)
<BR><BR>[Calls]<UL><LI><a href="#[116]">&gt;&gt;</a>&nbsp;&nbsp;&nbsp;__scatterload_copy
</UL>
<BR>[Called By]<UL><LI><a href="#[116]">&gt;&gt;</a>&nbsp;&nbsp;&nbsp;__scatterload_copy
</UL>

<P><STRONG><a name="[277]"></a>__scatterload_zeroinit</STRONG> (Thumb, 28 bytes, Stack size unknown bytes, __scatter_zi.o(!!handler_zi), UNUSED)

<P><STRONG><a name="[117]"></a>_printf_i</STRONG> (Thumb, 0 bytes, Stack size unknown bytes, _printf_i.o(.ARM.Collect$$_printf_percent$$00000008))
<BR><BR>[Stack]<UL><LI>Max Depth = 72 + Unknown Stack Size
<LI>Call Chain = _printf_i &rArr; _printf_int_dec &rArr; _printf_int_common &rArr; _printf_post_padding
</UL>
<BR>[Calls]<UL><LI><a href="#[118]">&gt;&gt;</a>&nbsp;&nbsp;&nbsp;_printf_int_dec
</UL>

<P><STRONG><a name="[149]"></a>_printf_percent</STRONG> (Thumb, 0 bytes, Stack size unknown bytes, _printf_percent.o(.ARM.Collect$$_printf_percent$$00000000))
<BR><BR>[Called By]<UL><LI><a href="#[147]">&gt;&gt;</a>&nbsp;&nbsp;&nbsp;__printf
</UL>

<P><STRONG><a name="[119]"></a>_printf_d</STRONG> (Thumb, 0 bytes, Stack size unknown bytes, _printf_d.o(.ARM.Collect$$_printf_percent$$00000009))
<BR><BR>[Stack]<UL><LI>Max Depth = 72 + Unknown Stack Size
<LI>Call Chain = _printf_d &rArr; _printf_int_dec &rArr; _printf_int_common &rArr; _printf_post_padding
</UL>
<BR>[Calls]<UL><LI><a href="#[118]">&gt;&gt;</a>&nbsp;&nbsp;&nbsp;_printf_int_dec
</UL>

<P><STRONG><a name="[11a]"></a>_printf_u</STRONG> (Thumb, 0 bytes, Stack size unknown bytes, _printf_u.o(.ARM.Collect$$_printf_percent$$0000000A))
<BR><BR>[Stack]<UL><LI>Max Depth = 72 + Unknown Stack Size
<LI>Call Chain = _printf_u &rArr; _printf_int_dec &rArr; _printf_int_common &rArr; _printf_post_padding
</UL>
<BR>[Calls]<UL><LI><a href="#[118]">&gt;&gt;</a>&nbsp;&nbsp;&nbsp;_printf_int_dec
</UL>

<P><STRONG><a name="[11b]"></a>_printf_o</STRONG> (Thumb, 0 bytes, Stack size unknown bytes, _printf_o.o(.ARM.Collect$$_printf_percent$$0000000B))
<BR><BR>[Stack]<UL><LI>Max Depth = 64 + Unknown Stack Size
<LI>Call Chain = _printf_o &rArr; _printf_int_oct &rArr; _printf_int_common &rArr; _printf_post_padding
</UL>
<BR>[Calls]<UL><LI><a href="#[11c]">&gt;&gt;</a>&nbsp;&nbsp;&nbsp;_printf_int_oct
</UL>

<P><STRONG><a name="[11d]"></a>_printf_x</STRONG> (Thumb, 0 bytes, Stack size unknown bytes, _printf_x.o(.ARM.Collect$$_printf_percent$$0000000C))
<BR><BR>[Stack]<UL><LI>Max Depth = 64 + Unknown Stack Size
<LI>Call Chain = _printf_x &rArr; _printf_int_hex &rArr; _printf_int_common &rArr; _printf_post_padding
</UL>
<BR>[Calls]<UL><LI><a href="#[11e]">&gt;&gt;</a>&nbsp;&nbsp;&nbsp;_printf_int_hex
</UL>

<P><STRONG><a name="[278]"></a>_printf_l</STRONG> (Thumb, 0 bytes, Stack size unknown bytes, _printf_l.o(.ARM.Collect$$_printf_percent$$00000012))

<P><STRONG><a name="[11f]"></a>_printf_c</STRONG> (Thumb, 0 bytes, Stack size unknown bytes, _printf_c.o(.ARM.Collect$$_printf_percent$$00000013))
<BR><BR>[Stack]<UL><LI>Max Depth = 40 + Unknown Stack Size
<LI>Call Chain = _printf_c &rArr; _printf_char &rArr; _printf_cs_common &rArr; _printf_str &rArr; _printf_post_padding
</UL>
<BR>[Calls]<UL><LI><a href="#[120]">&gt;&gt;</a>&nbsp;&nbsp;&nbsp;_printf_char
</UL>

<P><STRONG><a name="[121]"></a>_printf_s</STRONG> (Thumb, 0 bytes, Stack size unknown bytes, _printf_s.o(.ARM.Collect$$_printf_percent$$00000014))
<BR><BR>[Stack]<UL><LI>Max Depth = 40 + Unknown Stack Size
<LI>Call Chain = _printf_s &rArr; _printf_string &rArr; _printf_cs_common &rArr; _printf_str &rArr; _printf_post_padding
</UL>
<BR>[Calls]<UL><LI><a href="#[122]">&gt;&gt;</a>&nbsp;&nbsp;&nbsp;_printf_string
</UL>

<P><STRONG><a name="[123]"></a>_printf_lc</STRONG> (Thumb, 0 bytes, Stack size unknown bytes, _printf_lc.o(.ARM.Collect$$_printf_percent$$00000015))
<BR><BR>[Stack]<UL><LI>Max Depth = 88 + Unknown Stack Size
<LI>Call Chain = _printf_lc &rArr; _printf_wchar &rArr; _printf_lcs_common &rArr; _printf_wctomb &rArr; _wcrtomb
</UL>
<BR>[Calls]<UL><LI><a href="#[124]">&gt;&gt;</a>&nbsp;&nbsp;&nbsp;_printf_wchar
</UL>

<P><STRONG><a name="[279]"></a>_printf_percent_end</STRONG> (Thumb, 0 bytes, Stack size unknown bytes, _printf_percent_end.o(.ARM.Collect$$_printf_percent$$00000017))

<P><STRONG><a name="[133]"></a>__rt_lib_init</STRONG> (Thumb, 0 bytes, Stack size unknown bytes, libinit.o(.ARM.Collect$$libinit$$00000000))
<BR><BR>[Called By]<UL><LI><a href="#[132]">&gt;&gt;</a>&nbsp;&nbsp;&nbsp;__rt_entry_li
</UL>

<P><STRONG><a name="[125]"></a>__rt_lib_init_fp_1</STRONG> (Thumb, 0 bytes, Stack size unknown bytes, libinit2.o(.ARM.Collect$$libinit$$00000001))
<BR><BR>[Calls]<UL><LI><a href="#[126]">&gt;&gt;</a>&nbsp;&nbsp;&nbsp;_fp_init
</UL>

<P><STRONG><a name="[127]"></a>__rt_lib_init_heap_2</STRONG> (Thumb, 0 bytes, Stack size unknown bytes, libinit2.o(.ARM.Collect$$libinit$$00000007))
<BR><BR>[Stack]<UL><LI>Max Depth = 64 + Unknown Stack Size
<LI>Call Chain = __rt_lib_init_heap_2 &rArr; _init_alloc &rArr; __rt_SIGRTMEM &rArr; __rt_SIGRTMEM_inner &rArr; __default_signal_display &rArr; _ttywrch
</UL>
<BR>[Calls]<UL><LI><a href="#[128]">&gt;&gt;</a>&nbsp;&nbsp;&nbsp;_init_alloc
</UL>

<P><STRONG><a name="[27a]"></a>__rt_lib_init_preinit_1</STRONG> (Thumb, 0 bytes, Stack size unknown bytes, libinit2.o(.ARM.Collect$$libinit$$00000006))

<P><STRONG><a name="[27b]"></a>__rt_lib_init_relocate_pie_1</STRONG> (Thumb, 0 bytes, Stack size unknown bytes, libinit2.o(.ARM.Collect$$libinit$$00000004))

<P><STRONG><a name="[27c]"></a>__rt_lib_init_heap_1</STRONG> (Thumb, 0 bytes, Stack size unknown bytes, libinit2.o(.ARM.Collect$$libinit$$0000000C))

<P><STRONG><a name="[129]"></a>__rt_lib_init_lc_common</STRONG> (Thumb, 0 bytes, Stack size unknown bytes, libinit2.o(.ARM.Collect$$libinit$$00000011))
<BR><BR>[Calls]<UL><LI><a href="#[12a]">&gt;&gt;</a>&nbsp;&nbsp;&nbsp;__rt_locale
</UL>

<P><STRONG><a name="[27d]"></a>__rt_lib_init_rand_1</STRONG> (Thumb, 0 bytes, Stack size unknown bytes, libinit2.o(.ARM.Collect$$libinit$$00000010))

<P><STRONG><a name="[27e]"></a>__rt_lib_init_user_alloc_1</STRONG> (Thumb, 0 bytes, Stack size unknown bytes, libinit2.o(.ARM.Collect$$libinit$$0000000E))

<P><STRONG><a name="[27f]"></a>__rt_lib_init_lc_collate_1</STRONG> (Thumb, 0 bytes, Stack size unknown bytes, libinit2.o(.ARM.Collect$$libinit$$00000013))

<P><STRONG><a name="[12b]"></a>__rt_lib_init_lc_ctype_2</STRONG> (Thumb, 0 bytes, Stack size unknown bytes, libinit2.o(.ARM.Collect$$libinit$$00000014))
<BR><BR>[Stack]<UL><LI>Max Depth = 16 + Unknown Stack Size
<LI>Call Chain = __rt_lib_init_lc_ctype_2 &rArr; _get_lc_ctype &rArr; strcmp
</UL>
<BR>[Calls]<UL><LI><a href="#[60]">&gt;&gt;</a>&nbsp;&nbsp;&nbsp;_get_lc_ctype
</UL>

<P><STRONG><a name="[280]"></a>__rt_lib_init_atexit_1</STRONG> (Thumb, 0 bytes, Stack size unknown bytes, libinit2.o(.ARM.Collect$$libinit$$0000001D))

<P><STRONG><a name="[281]"></a>__rt_lib_init_clock_1</STRONG> (Thumb, 0 bytes, Stack size unknown bytes, libinit2.o(.ARM.Collect$$libinit$$00000023))

<P><STRONG><a name="[282]"></a>__rt_lib_init_fp_trap_1</STRONG> (Thumb, 0 bytes, Stack size unknown bytes, libinit2.o(.ARM.Collect$$libinit$$00000021))

<P><STRONG><a name="[283]"></a>__rt_lib_init_getenv_1</STRONG> (Thumb, 0 bytes, Stack size unknown bytes, libinit2.o(.ARM.Collect$$libinit$$00000025))

<P><STRONG><a name="[284]"></a>__rt_lib_init_lc_ctype_1</STRONG> (Thumb, 0 bytes, Stack size unknown bytes, libinit2.o(.ARM.Collect$$libinit$$00000015))

<P><STRONG><a name="[285]"></a>__rt_lib_init_lc_monetary_1</STRONG> (Thumb, 0 bytes, Stack size unknown bytes, libinit2.o(.ARM.Collect$$libinit$$00000017))

<P><STRONG><a name="[286]"></a>__rt_lib_init_lc_numeric_1</STRONG> (Thumb, 0 bytes, Stack size unknown bytes, libinit2.o(.ARM.Collect$$libinit$$00000019))

<P><STRONG><a name="[287]"></a>__rt_lib_init_lc_time_1</STRONG> (Thumb, 0 bytes, Stack size unknown bytes, libinit2.o(.ARM.Collect$$libinit$$0000001B))

<P><STRONG><a name="[288]"></a>__rt_lib_init_signal_1</STRONG> (Thumb, 0 bytes, Stack size unknown bytes, libinit2.o(.ARM.Collect$$libinit$$0000001F))

<P><STRONG><a name="[12c]"></a>__rt_lib_init_stdio_2</STRONG> (Thumb, 0 bytes, Stack size unknown bytes, libinit2.o(.ARM.Collect$$libinit$$00000026))
<BR><BR>[Stack]<UL><LI>Max Depth = 112 + Unknown Stack Size
<LI>Call Chain = __rt_lib_init_stdio_2 &rArr; _initio &rArr; freopen &rArr; _fclose_internal &rArr; _fflush &rArr; _writebuf
</UL>
<BR>[Calls]<UL><LI><a href="#[12d]">&gt;&gt;</a>&nbsp;&nbsp;&nbsp;_initio
</UL>

<P><STRONG><a name="[289]"></a>__rt_lib_init_alloca_1</STRONG> (Thumb, 0 bytes, Stack size unknown bytes, libinit2.o(.ARM.Collect$$libinit$$00000030))

<P><STRONG><a name="[28a]"></a>__rt_lib_init_argv_1</STRONG> (Thumb, 0 bytes, Stack size unknown bytes, libinit2.o(.ARM.Collect$$libinit$$0000002E))

<P><STRONG><a name="[28b]"></a>__rt_lib_init_cpp_1</STRONG> (Thumb, 0 bytes, Stack size unknown bytes, libinit2.o(.ARM.Collect$$libinit$$00000034))

<P><STRONG><a name="[28c]"></a>__rt_lib_init_exceptions_1</STRONG> (Thumb, 0 bytes, Stack size unknown bytes, libinit2.o(.ARM.Collect$$libinit$$00000032))

<P><STRONG><a name="[28d]"></a>__rt_lib_init_return</STRONG> (Thumb, 0 bytes, Stack size unknown bytes, libinit2.o(.ARM.Collect$$libinit$$00000035))

<P><STRONG><a name="[28e]"></a>__rt_lib_init_stdio_1</STRONG> (Thumb, 0 bytes, Stack size unknown bytes, libinit2.o(.ARM.Collect$$libinit$$00000027))

<P><STRONG><a name="[138]"></a>__rt_lib_shutdown</STRONG> (Thumb, 0 bytes, Stack size unknown bytes, libshutdown.o(.ARM.Collect$$libshutdown$$00000000))
<BR><BR>[Called By]<UL><LI><a href="#[137]">&gt;&gt;</a>&nbsp;&nbsp;&nbsp;__rt_exit_ls
</UL>

<P><STRONG><a name="[28f]"></a>__rt_lib_shutdown_cpp_1</STRONG> (Thumb, 0 bytes, Stack size unknown bytes, libshutdown2.o(.ARM.Collect$$libshutdown$$00000002))

<P><STRONG><a name="[12e]"></a>__rt_lib_shutdown_stdio_2</STRONG> (Thumb, 0 bytes, Stack size unknown bytes, libshutdown2.o(.ARM.Collect$$libshutdown$$00000003))
<BR><BR>[Stack]<UL><LI>Max Depth = 96 + Unknown Stack Size
<LI>Call Chain = __rt_lib_shutdown_stdio_2 &rArr; _terminateio &rArr; _fclose_internal &rArr; _fflush &rArr; _writebuf
</UL>
<BR>[Calls]<UL><LI><a href="#[12f]">&gt;&gt;</a>&nbsp;&nbsp;&nbsp;_terminateio
</UL>

<P><STRONG><a name="[290]"></a>__rt_lib_shutdown_fp_trap_1</STRONG> (Thumb, 0 bytes, Stack size unknown bytes, libshutdown2.o(.ARM.Collect$$libshutdown$$00000007))

<P><STRONG><a name="[291]"></a>__rt_lib_shutdown_heap_1</STRONG> (Thumb, 0 bytes, Stack size unknown bytes, libshutdown2.o(.ARM.Collect$$libshutdown$$0000000F))

<P><STRONG><a name="[292]"></a>__rt_lib_shutdown_return</STRONG> (Thumb, 0 bytes, Stack size unknown bytes, libshutdown2.o(.ARM.Collect$$libshutdown$$00000010))

<P><STRONG><a name="[293]"></a>__rt_lib_shutdown_signal_1</STRONG> (Thumb, 0 bytes, Stack size unknown bytes, libshutdown2.o(.ARM.Collect$$libshutdown$$0000000A))

<P><STRONG><a name="[294]"></a>__rt_lib_shutdown_stdio_1</STRONG> (Thumb, 0 bytes, Stack size unknown bytes, libshutdown2.o(.ARM.Collect$$libshutdown$$00000004))

<P><STRONG><a name="[295]"></a>__rt_lib_shutdown_user_alloc_1</STRONG> (Thumb, 0 bytes, Stack size unknown bytes, libshutdown2.o(.ARM.Collect$$libshutdown$$0000000C))

<P><STRONG><a name="[114]"></a>__rt_entry</STRONG> (Thumb, 0 bytes, Stack size unknown bytes, __rtentry.o(.ARM.Collect$$rtentry$$00000000))
<BR><BR>[Called By]<UL><LI><a href="#[5c]">&gt;&gt;</a>&nbsp;&nbsp;&nbsp;__main
<LI><a href="#[115]">&gt;&gt;</a>&nbsp;&nbsp;&nbsp;__scatterload_rt2
</UL>

<P><STRONG><a name="[296]"></a>__rt_entry_presh_1</STRONG> (Thumb, 0 bytes, Stack size unknown bytes, __rtentry2.o(.ARM.Collect$$rtentry$$00000002))

<P><STRONG><a name="[130]"></a>__rt_entry_sh</STRONG> (Thumb, 0 bytes, Stack size unknown bytes, __rtentry4.o(.ARM.Collect$$rtentry$$00000004))
<BR><BR>[Stack]<UL><LI>Max Depth = 8 + Unknown Stack Size
<LI>Call Chain = __rt_entry_sh &rArr; __user_setup_stackheap
</UL>
<BR>[Calls]<UL><LI><a href="#[131]">&gt;&gt;</a>&nbsp;&nbsp;&nbsp;__user_setup_stackheap
</UL>

<P><STRONG><a name="[132]"></a>__rt_entry_li</STRONG> (Thumb, 0 bytes, Stack size unknown bytes, __rtentry2.o(.ARM.Collect$$rtentry$$0000000A))
<BR><BR>[Calls]<UL><LI><a href="#[133]">&gt;&gt;</a>&nbsp;&nbsp;&nbsp;__rt_lib_init
</UL>

<P><STRONG><a name="[297]"></a>__rt_entry_postsh_1</STRONG> (Thumb, 0 bytes, Stack size unknown bytes, __rtentry2.o(.ARM.Collect$$rtentry$$00000009))

<P><STRONG><a name="[134]"></a>__rt_entry_main</STRONG> (Thumb, 0 bytes, Stack size unknown bytes, __rtentry2.o(.ARM.Collect$$rtentry$$0000000D))
<BR><BR>[Stack]<UL><LI>Max Depth = 1040 + Unknown Stack Size
<LI>Call Chain = __rt_entry_main &rArr; main &rArr; lv_scr_load_anim &rArr; lv_obj_del &rArr; layout_update_core &rArr;  layout_update_core (Cycle)
</UL>
<BR>[Calls]<UL><LI><a href="#[136]">&gt;&gt;</a>&nbsp;&nbsp;&nbsp;exit
<LI><a href="#[135]">&gt;&gt;</a>&nbsp;&nbsp;&nbsp;main
</UL>

<P><STRONG><a name="[298]"></a>__rt_entry_postli_1</STRONG> (Thumb, 0 bytes, Stack size unknown bytes, __rtentry2.o(.ARM.Collect$$rtentry$$0000000C))

<P><STRONG><a name="[160]"></a>__rt_exit</STRONG> (Thumb, 0 bytes, Stack size unknown bytes, rtexit.o(.ARM.Collect$$rtexit$$00000000))
<BR><BR>[Called By]<UL><LI><a href="#[136]">&gt;&gt;</a>&nbsp;&nbsp;&nbsp;exit
</UL>

<P><STRONG><a name="[137]"></a>__rt_exit_ls</STRONG> (Thumb, 0 bytes, Stack size unknown bytes, rtexit2.o(.ARM.Collect$$rtexit$$00000003))
<BR><BR>[Calls]<UL><LI><a href="#[138]">&gt;&gt;</a>&nbsp;&nbsp;&nbsp;__rt_lib_shutdown
</UL>

<P><STRONG><a name="[299]"></a>__rt_exit_prels_1</STRONG> (Thumb, 0 bytes, Stack size unknown bytes, rtexit2.o(.ARM.Collect$$rtexit$$00000002))

<P><STRONG><a name="[139]"></a>__rt_exit_exit</STRONG> (Thumb, 0 bytes, Stack size unknown bytes, rtexit2.o(.ARM.Collect$$rtexit$$00000004))
<BR><BR>[Calls]<UL><LI><a href="#[13a]">&gt;&gt;</a>&nbsp;&nbsp;&nbsp;_sys_exit
</UL>

<P><STRONG><a name="[0]"></a>Reset_Handler</STRONG> (Thumb, 8 bytes, Stack size 0 bytes, startup_stm32f407xx.o(.text))
<BR>[Address Reference Count : 1]<UL><LI> startup_stm32f407xx.o(RESET)
</UL>
<P><STRONG><a name="[1c]"></a>ADC_IRQHandler</STRONG> (Thumb, 0 bytes, Stack size 0 bytes, startup_stm32f407xx.o(.text))
<BR><BR>[Calls]<UL><LI><a href="#[1c]">&gt;&gt;</a>&nbsp;&nbsp;&nbsp;ADC_IRQHandler
</UL>
<BR>[Called By]<UL><LI><a href="#[1c]">&gt;&gt;</a>&nbsp;&nbsp;&nbsp;ADC_IRQHandler
</UL>
<BR>[Address Reference Count : 1]<UL><LI> startup_stm32f407xx.o(RESET)
</UL>
<P><STRONG><a name="[1f]"></a>CAN1_RX1_IRQHandler</STRONG> (Thumb, 0 bytes, Stack size 0 bytes, startup_stm32f407xx.o(.text))
<BR>[Address Reference Count : 1]<UL><LI> startup_stm32f407xx.o(RESET)
</UL>
<P><STRONG><a name="[20]"></a>CAN1_SCE_IRQHandler</STRONG> (Thumb, 0 bytes, Stack size 0 bytes, startup_stm32f407xx.o(.text))
<BR>[Address Reference Count : 1]<UL><LI> startup_stm32f407xx.o(RESET)
</UL>
<P><STRONG><a name="[1d]"></a>CAN1_TX_IRQHandler</STRONG> (Thumb, 0 bytes, Stack size 0 bytes, startup_stm32f407xx.o(.text))
<BR>[Address Reference Count : 1]<UL><LI> startup_stm32f407xx.o(RESET)
</UL>
<P><STRONG><a name="[4a]"></a>CAN2_RX0_IRQHandler</STRONG> (Thumb, 0 bytes, Stack size 0 bytes, startup_stm32f407xx.o(.text))
<BR>[Address Reference Count : 1]<UL><LI> startup_stm32f407xx.o(RESET)
</UL>
<P><STRONG><a name="[4b]"></a>CAN2_RX1_IRQHandler</STRONG> (Thumb, 0 bytes, Stack size 0 bytes, startup_stm32f407xx.o(.text))
<BR>[Address Reference Count : 1]<UL><LI> startup_stm32f407xx.o(RESET)
</UL>
<P><STRONG><a name="[4c]"></a>CAN2_SCE_IRQHandler</STRONG> (Thumb, 0 bytes, Stack size 0 bytes, startup_stm32f407xx.o(.text))
<BR>[Address Reference Count : 1]<UL><LI> startup_stm32f407xx.o(RESET)
</UL>
<P><STRONG><a name="[49]"></a>CAN2_TX_IRQHandler</STRONG> (Thumb, 0 bytes, Stack size 0 bytes, startup_stm32f407xx.o(.text))
<BR>[Address Reference Count : 1]<UL><LI> startup_stm32f407xx.o(RESET)
</UL>
<P><STRONG><a name="[58]"></a>DCMI_IRQHandler</STRONG> (Thumb, 0 bytes, Stack size 0 bytes, startup_stm32f407xx.o(.text))
<BR>[Address Reference Count : 1]<UL><LI> startup_stm32f407xx.o(RESET)
</UL>
<P><STRONG><a name="[15]"></a>DMA1_Stream0_IRQHandler</STRONG> (Thumb, 0 bytes, Stack size 0 bytes, startup_stm32f407xx.o(.text))
<BR>[Address Reference Count : 1]<UL><LI> startup_stm32f407xx.o(RESET)
</UL>
<P><STRONG><a name="[16]"></a>DMA1_Stream1_IRQHandler</STRONG> (Thumb, 0 bytes, Stack size 0 bytes, startup_stm32f407xx.o(.text))
<BR>[Address Reference Count : 1]<UL><LI> startup_stm32f407xx.o(RESET)
</UL>
<P><STRONG><a name="[17]"></a>DMA1_Stream2_IRQHandler</STRONG> (Thumb, 0 bytes, Stack size 0 bytes, startup_stm32f407xx.o(.text))
<BR>[Address Reference Count : 1]<UL><LI> startup_stm32f407xx.o(RESET)
</UL>
<P><STRONG><a name="[18]"></a>DMA1_Stream3_IRQHandler</STRONG> (Thumb, 0 bytes, Stack size 0 bytes, startup_stm32f407xx.o(.text))
<BR>[Address Reference Count : 1]<UL><LI> startup_stm32f407xx.o(RESET)
</UL>
<P><STRONG><a name="[19]"></a>DMA1_Stream4_IRQHandler</STRONG> (Thumb, 0 bytes, Stack size 0 bytes, startup_stm32f407xx.o(.text))
<BR>[Address Reference Count : 1]<UL><LI> startup_stm32f407xx.o(RESET)
</UL>
<P><STRONG><a name="[1a]"></a>DMA1_Stream5_IRQHandler</STRONG> (Thumb, 0 bytes, Stack size 0 bytes, startup_stm32f407xx.o(.text))
<BR>[Address Reference Count : 1]<UL><LI> startup_stm32f407xx.o(RESET)
</UL>
<P><STRONG><a name="[1b]"></a>DMA1_Stream6_IRQHandler</STRONG> (Thumb, 0 bytes, Stack size 0 bytes, startup_stm32f407xx.o(.text))
<BR>[Address Reference Count : 1]<UL><LI> startup_stm32f407xx.o(RESET)
</UL>
<P><STRONG><a name="[39]"></a>DMA1_Stream7_IRQHandler</STRONG> (Thumb, 0 bytes, Stack size 0 bytes, startup_stm32f407xx.o(.text))
<BR>[Address Reference Count : 1]<UL><LI> startup_stm32f407xx.o(RESET)
</UL>
<P><STRONG><a name="[42]"></a>DMA2_Stream0_IRQHandler</STRONG> (Thumb, 0 bytes, Stack size 0 bytes, startup_stm32f407xx.o(.text))
<BR>[Address Reference Count : 1]<UL><LI> startup_stm32f407xx.o(RESET)
</UL>
<P><STRONG><a name="[44]"></a>DMA2_Stream2_IRQHandler</STRONG> (Thumb, 0 bytes, Stack size 0 bytes, startup_stm32f407xx.o(.text))
<BR>[Address Reference Count : 1]<UL><LI> startup_stm32f407xx.o(RESET)
</UL>
<P><STRONG><a name="[45]"></a>DMA2_Stream3_IRQHandler</STRONG> (Thumb, 0 bytes, Stack size 0 bytes, startup_stm32f407xx.o(.text))
<BR>[Address Reference Count : 1]<UL><LI> startup_stm32f407xx.o(RESET)
</UL>
<P><STRONG><a name="[46]"></a>DMA2_Stream4_IRQHandler</STRONG> (Thumb, 0 bytes, Stack size 0 bytes, startup_stm32f407xx.o(.text))
<BR>[Address Reference Count : 1]<UL><LI> startup_stm32f407xx.o(RESET)
</UL>
<P><STRONG><a name="[4e]"></a>DMA2_Stream5_IRQHandler</STRONG> (Thumb, 0 bytes, Stack size 0 bytes, startup_stm32f407xx.o(.text))
<BR>[Address Reference Count : 1]<UL><LI> startup_stm32f407xx.o(RESET)
</UL>
<P><STRONG><a name="[4f]"></a>DMA2_Stream6_IRQHandler</STRONG> (Thumb, 0 bytes, Stack size 0 bytes, startup_stm32f407xx.o(.text))
<BR>[Address Reference Count : 1]<UL><LI> startup_stm32f407xx.o(RESET)
</UL>
<P><STRONG><a name="[50]"></a>DMA2_Stream7_IRQHandler</STRONG> (Thumb, 0 bytes, Stack size 0 bytes, startup_stm32f407xx.o(.text))
<BR>[Address Reference Count : 1]<UL><LI> startup_stm32f407xx.o(RESET)
</UL>
<P><STRONG><a name="[47]"></a>ETH_IRQHandler</STRONG> (Thumb, 0 bytes, Stack size 0 bytes, startup_stm32f407xx.o(.text))
<BR>[Address Reference Count : 1]<UL><LI> startup_stm32f407xx.o(RESET)
</UL>
<P><STRONG><a name="[48]"></a>ETH_WKUP_IRQHandler</STRONG> (Thumb, 0 bytes, Stack size 0 bytes, startup_stm32f407xx.o(.text))
<BR>[Address Reference Count : 1]<UL><LI> startup_stm32f407xx.o(RESET)
</UL>
<P><STRONG><a name="[10]"></a>EXTI0_IRQHandler</STRONG> (Thumb, 0 bytes, Stack size 0 bytes, startup_stm32f407xx.o(.text))
<BR>[Address Reference Count : 1]<UL><LI> startup_stm32f407xx.o(RESET)
</UL>
<P><STRONG><a name="[32]"></a>EXTI15_10_IRQHandler</STRONG> (Thumb, 0 bytes, Stack size 0 bytes, startup_stm32f407xx.o(.text))
<BR>[Address Reference Count : 1]<UL><LI> startup_stm32f407xx.o(RESET)
</UL>
<P><STRONG><a name="[11]"></a>EXTI1_IRQHandler</STRONG> (Thumb, 0 bytes, Stack size 0 bytes, startup_stm32f407xx.o(.text))
<BR>[Address Reference Count : 1]<UL><LI> startup_stm32f407xx.o(RESET)
</UL>
<P><STRONG><a name="[12]"></a>EXTI2_IRQHandler</STRONG> (Thumb, 0 bytes, Stack size 0 bytes, startup_stm32f407xx.o(.text))
<BR>[Address Reference Count : 1]<UL><LI> startup_stm32f407xx.o(RESET)
</UL>
<P><STRONG><a name="[13]"></a>EXTI3_IRQHandler</STRONG> (Thumb, 0 bytes, Stack size 0 bytes, startup_stm32f407xx.o(.text))
<BR>[Address Reference Count : 1]<UL><LI> startup_stm32f407xx.o(RESET)
</UL>
<P><STRONG><a name="[14]"></a>EXTI4_IRQHandler</STRONG> (Thumb, 0 bytes, Stack size 0 bytes, startup_stm32f407xx.o(.text))
<BR>[Address Reference Count : 1]<UL><LI> startup_stm32f407xx.o(RESET)
</UL>
<P><STRONG><a name="[21]"></a>EXTI9_5_IRQHandler</STRONG> (Thumb, 0 bytes, Stack size 0 bytes, startup_stm32f407xx.o(.text))
<BR>[Address Reference Count : 1]<UL><LI> startup_stm32f407xx.o(RESET)
</UL>
<P><STRONG><a name="[e]"></a>FLASH_IRQHandler</STRONG> (Thumb, 0 bytes, Stack size 0 bytes, startup_stm32f407xx.o(.text))
<BR>[Address Reference Count : 1]<UL><LI> startup_stm32f407xx.o(RESET)
</UL>
<P><STRONG><a name="[3a]"></a>FMC_IRQHandler</STRONG> (Thumb, 0 bytes, Stack size 0 bytes, startup_stm32f407xx.o(.text))
<BR>[Address Reference Count : 1]<UL><LI> startup_stm32f407xx.o(RESET)
</UL>
<P><STRONG><a name="[5a]"></a>FPU_IRQHandler</STRONG> (Thumb, 0 bytes, Stack size 0 bytes, startup_stm32f407xx.o(.text))
<BR>[Address Reference Count : 1]<UL><LI> startup_stm32f407xx.o(RESET)
</UL>
<P><STRONG><a name="[59]"></a>HASH_RNG_IRQHandler</STRONG> (Thumb, 0 bytes, Stack size 0 bytes, startup_stm32f407xx.o(.text))
<BR>[Address Reference Count : 1]<UL><LI> startup_stm32f407xx.o(RESET)
</UL>
<P><STRONG><a name="[2a]"></a>I2C1_ER_IRQHandler</STRONG> (Thumb, 0 bytes, Stack size 0 bytes, startup_stm32f407xx.o(.text))
<BR>[Address Reference Count : 1]<UL><LI> startup_stm32f407xx.o(RESET)
</UL>
<P><STRONG><a name="[29]"></a>I2C1_EV_IRQHandler</STRONG> (Thumb, 0 bytes, Stack size 0 bytes, startup_stm32f407xx.o(.text))
<BR>[Address Reference Count : 1]<UL><LI> startup_stm32f407xx.o(RESET)
</UL>
<P><STRONG><a name="[2c]"></a>I2C2_ER_IRQHandler</STRONG> (Thumb, 0 bytes, Stack size 0 bytes, startup_stm32f407xx.o(.text))
<BR>[Address Reference Count : 1]<UL><LI> startup_stm32f407xx.o(RESET)
</UL>
<P><STRONG><a name="[2b]"></a>I2C2_EV_IRQHandler</STRONG> (Thumb, 0 bytes, Stack size 0 bytes, startup_stm32f407xx.o(.text))
<BR>[Address Reference Count : 1]<UL><LI> startup_stm32f407xx.o(RESET)
</UL>
<P><STRONG><a name="[53]"></a>I2C3_ER_IRQHandler</STRONG> (Thumb, 0 bytes, Stack size 0 bytes, startup_stm32f407xx.o(.text))
<BR>[Address Reference Count : 1]<UL><LI> startup_stm32f407xx.o(RESET)
</UL>
<P><STRONG><a name="[52]"></a>I2C3_EV_IRQHandler</STRONG> (Thumb, 0 bytes, Stack size 0 bytes, startup_stm32f407xx.o(.text))
<BR>[Address Reference Count : 1]<UL><LI> startup_stm32f407xx.o(RESET)
</UL>
<P><STRONG><a name="[4d]"></a>OTG_FS_IRQHandler</STRONG> (Thumb, 0 bytes, Stack size 0 bytes, startup_stm32f407xx.o(.text))
<BR>[Address Reference Count : 1]<UL><LI> startup_stm32f407xx.o(RESET)
</UL>
<P><STRONG><a name="[34]"></a>OTG_FS_WKUP_IRQHandler</STRONG> (Thumb, 0 bytes, Stack size 0 bytes, startup_stm32f407xx.o(.text))
<BR>[Address Reference Count : 1]<UL><LI> startup_stm32f407xx.o(RESET)
</UL>
<P><STRONG><a name="[55]"></a>OTG_HS_EP1_IN_IRQHandler</STRONG> (Thumb, 0 bytes, Stack size 0 bytes, startup_stm32f407xx.o(.text))
<BR>[Address Reference Count : 1]<UL><LI> startup_stm32f407xx.o(RESET)
</UL>
<P><STRONG><a name="[54]"></a>OTG_HS_EP1_OUT_IRQHandler</STRONG> (Thumb, 0 bytes, Stack size 0 bytes, startup_stm32f407xx.o(.text))
<BR>[Address Reference Count : 1]<UL><LI> startup_stm32f407xx.o(RESET)
</UL>
<P><STRONG><a name="[57]"></a>OTG_HS_IRQHandler</STRONG> (Thumb, 0 bytes, Stack size 0 bytes, startup_stm32f407xx.o(.text))
<BR>[Address Reference Count : 1]<UL><LI> startup_stm32f407xx.o(RESET)
</UL>
<P><STRONG><a name="[56]"></a>OTG_HS_WKUP_IRQHandler</STRONG> (Thumb, 0 bytes, Stack size 0 bytes, startup_stm32f407xx.o(.text))
<BR>[Address Reference Count : 1]<UL><LI> startup_stm32f407xx.o(RESET)
</UL>
<P><STRONG><a name="[b]"></a>PVD_IRQHandler</STRONG> (Thumb, 0 bytes, Stack size 0 bytes, startup_stm32f407xx.o(.text))
<BR>[Address Reference Count : 1]<UL><LI> startup_stm32f407xx.o(RESET)
</UL>
<P><STRONG><a name="[f]"></a>RCC_IRQHandler</STRONG> (Thumb, 0 bytes, Stack size 0 bytes, startup_stm32f407xx.o(.text))
<BR>[Address Reference Count : 1]<UL><LI> startup_stm32f407xx.o(RESET)
</UL>
<P><STRONG><a name="[33]"></a>RTC_Alarm_IRQHandler</STRONG> (Thumb, 0 bytes, Stack size 0 bytes, startup_stm32f407xx.o(.text))
<BR>[Address Reference Count : 1]<UL><LI> startup_stm32f407xx.o(RESET)
</UL>
<P><STRONG><a name="[d]"></a>RTC_WKUP_IRQHandler</STRONG> (Thumb, 0 bytes, Stack size 0 bytes, startup_stm32f407xx.o(.text))
<BR>[Address Reference Count : 1]<UL><LI> startup_stm32f407xx.o(RESET)
</UL>
<P><STRONG><a name="[3b]"></a>SDIO_IRQHandler</STRONG> (Thumb, 0 bytes, Stack size 0 bytes, startup_stm32f407xx.o(.text))
<BR>[Address Reference Count : 1]<UL><LI> startup_stm32f407xx.o(RESET)
</UL>
<P><STRONG><a name="[2d]"></a>SPI1_IRQHandler</STRONG> (Thumb, 0 bytes, Stack size 0 bytes, startup_stm32f407xx.o(.text))
<BR>[Address Reference Count : 1]<UL><LI> startup_stm32f407xx.o(RESET)
</UL>
<P><STRONG><a name="[2e]"></a>SPI2_IRQHandler</STRONG> (Thumb, 0 bytes, Stack size 0 bytes, startup_stm32f407xx.o(.text))
<BR>[Address Reference Count : 1]<UL><LI> startup_stm32f407xx.o(RESET)
</UL>
<P><STRONG><a name="[3d]"></a>SPI3_IRQHandler</STRONG> (Thumb, 0 bytes, Stack size 0 bytes, startup_stm32f407xx.o(.text))
<BR>[Address Reference Count : 1]<UL><LI> startup_stm32f407xx.o(RESET)
</UL>
<P><STRONG><a name="[c]"></a>TAMP_STAMP_IRQHandler</STRONG> (Thumb, 0 bytes, Stack size 0 bytes, startup_stm32f407xx.o(.text))
<BR>[Address Reference Count : 1]<UL><LI> startup_stm32f407xx.o(RESET)
</UL>
<P><STRONG><a name="[22]"></a>TIM1_BRK_TIM9_IRQHandler</STRONG> (Thumb, 0 bytes, Stack size 0 bytes, startup_stm32f407xx.o(.text))
<BR>[Address Reference Count : 1]<UL><LI> startup_stm32f407xx.o(RESET)
</UL>
<P><STRONG><a name="[25]"></a>TIM1_CC_IRQHandler</STRONG> (Thumb, 0 bytes, Stack size 0 bytes, startup_stm32f407xx.o(.text))
<BR>[Address Reference Count : 1]<UL><LI> startup_stm32f407xx.o(RESET)
</UL>
<P><STRONG><a name="[24]"></a>TIM1_TRG_COM_TIM11_IRQHandler</STRONG> (Thumb, 0 bytes, Stack size 0 bytes, startup_stm32f407xx.o(.text))
<BR>[Address Reference Count : 1]<UL><LI> startup_stm32f407xx.o(RESET)
</UL>
<P><STRONG><a name="[23]"></a>TIM1_UP_TIM10_IRQHandler</STRONG> (Thumb, 0 bytes, Stack size 0 bytes, startup_stm32f407xx.o(.text))
<BR>[Address Reference Count : 1]<UL><LI> startup_stm32f407xx.o(RESET)
</UL>
<P><STRONG><a name="[28]"></a>TIM4_IRQHandler</STRONG> (Thumb, 0 bytes, Stack size 0 bytes, startup_stm32f407xx.o(.text))
<BR>[Address Reference Count : 1]<UL><LI> startup_stm32f407xx.o(RESET)
</UL>
<P><STRONG><a name="[3c]"></a>TIM5_IRQHandler</STRONG> (Thumb, 0 bytes, Stack size 0 bytes, startup_stm32f407xx.o(.text))
<BR>[Address Reference Count : 1]<UL><LI> startup_stm32f407xx.o(RESET)
</UL>
<P><STRONG><a name="[40]"></a>TIM6_DAC_IRQHandler</STRONG> (Thumb, 0 bytes, Stack size 0 bytes, startup_stm32f407xx.o(.text))
<BR>[Address Reference Count : 1]<UL><LI> startup_stm32f407xx.o(RESET)
</UL>
<P><STRONG><a name="[41]"></a>TIM7_IRQHandler</STRONG> (Thumb, 0 bytes, Stack size 0 bytes, startup_stm32f407xx.o(.text))
<BR>[Address Reference Count : 1]<UL><LI> startup_stm32f407xx.o(RESET)
</UL>
<P><STRONG><a name="[35]"></a>TIM8_BRK_TIM12_IRQHandler</STRONG> (Thumb, 0 bytes, Stack size 0 bytes, startup_stm32f407xx.o(.text))
<BR>[Address Reference Count : 1]<UL><LI> startup_stm32f407xx.o(RESET)
</UL>
<P><STRONG><a name="[38]"></a>TIM8_CC_IRQHandler</STRONG> (Thumb, 0 bytes, Stack size 0 bytes, startup_stm32f407xx.o(.text))
<BR>[Address Reference Count : 1]<UL><LI> startup_stm32f407xx.o(RESET)
</UL>
<P><STRONG><a name="[37]"></a>TIM8_TRG_COM_TIM14_IRQHandler</STRONG> (Thumb, 0 bytes, Stack size 0 bytes, startup_stm32f407xx.o(.text))
<BR>[Address Reference Count : 1]<UL><LI> startup_stm32f407xx.o(RESET)
</UL>
<P><STRONG><a name="[36]"></a>TIM8_UP_TIM13_IRQHandler</STRONG> (Thumb, 0 bytes, Stack size 0 bytes, startup_stm32f407xx.o(.text))
<BR>[Address Reference Count : 1]<UL><LI> startup_stm32f407xx.o(RESET)
</UL>
<P><STRONG><a name="[3e]"></a>UART4_IRQHandler</STRONG> (Thumb, 0 bytes, Stack size 0 bytes, startup_stm32f407xx.o(.text))
<BR>[Address Reference Count : 1]<UL><LI> startup_stm32f407xx.o(RESET)
</UL>
<P><STRONG><a name="[3f]"></a>UART5_IRQHandler</STRONG> (Thumb, 0 bytes, Stack size 0 bytes, startup_stm32f407xx.o(.text))
<BR>[Address Reference Count : 1]<UL><LI> startup_stm32f407xx.o(RESET)
</UL>
<P><STRONG><a name="[30]"></a>USART2_IRQHandler</STRONG> (Thumb, 0 bytes, Stack size 0 bytes, startup_stm32f407xx.o(.text))
<BR>[Address Reference Count : 1]<UL><LI> startup_stm32f407xx.o(RESET)
</UL>
[...]
</UL>
<BR>[Calls]<UL><LI><a href="#[1f3]">&gt;&gt;</a>&nbsp;&nbsp;&nbsp;lv_obj_allocate_spec_attr
<LI><a href="#[1f2]">&gt;&gt;</a>&nbsp;&nbsp;&nbsp;lv_obj_clear_flag
</UL>
<BR>[Address Reference Count : 1]<UL><LI> lto-llvm-6a46d2.o(.rodata)
</UL>
<P><STRONG><a name="[103]"></a>lv_slider_event</STRONG> (Thumb, 1944 bytes, Stack size 272 bytes, lto-llvm-6a46d2.o(.text.lv_slider_event))
<BR><BR>[Stack]<UL><LI>Max Depth = 1480 + Unknown Stack Size
<LI>Call Chain = lv_slider_event &rArr; lv_bar_event &rArr; lv_obj_event &rArr; layout_update_core &rArr;  layout_update_core (Cycle)
</UL>
<BR>[Calls]<UL><LI><a href="#[151]">&gt;&gt;</a>&nbsp;&nbsp;&nbsp;__aeabi_memclr4
<LI><a href="#[1ce]">&gt;&gt;</a>&nbsp;&nbsp;&nbsp;lv_memcpy
<LI><a href="#[1fc]">&gt;&gt;</a>&nbsp;&nbsp;&nbsp;lv_obj_refresh_ext_draw_size
<LI><a href="#[1c9]">&gt;&gt;</a>&nbsp;&nbsp;&nbsp;lv_obj_init_draw_rect_dsc
<LI><a href="#[1f6]">&gt;&gt;</a>&nbsp;&nbsp;&nbsp;lv_obj_calculate_ext_draw_size
<LI><a href="#[1b7]">&gt;&gt;</a>&nbsp;&nbsp;&nbsp;lv_obj_get_style_prop
<LI><a href="#[18c]">&gt;&gt;</a>&nbsp;&nbsp;&nbsp;lv_bar_set_value
<LI><a href="#[18f]">&gt;&gt;</a>&nbsp;&nbsp;&nbsp;event_send_core
<LI><a href="#[1b3]">&gt;&gt;</a>&nbsp;&nbsp;&nbsp;lv_obj_invalidate
<LI><a href="#[257]">&gt;&gt;</a>&nbsp;&nbsp;&nbsp;position_knob
<LI><a href="#[1f7]">&gt;&gt;</a>&nbsp;&nbsp;&nbsp;lv_bar_set_start_value
<LI><a href="#[101]">&gt;&gt;</a>&nbsp;&nbsp;&nbsp;lv_bar_event
</UL>
<BR>[Address Reference Count : 1]<UL><LI> lto-llvm-6a46d2.o(.rodata)
</UL>
<P><STRONG><a name="[257]"></a>position_knob</STRONG> (Thumb, 178 bytes, Stack size 32 bytes, lto-llvm-6a46d2.o(.text.position_knob))
<BR><BR>[Stack]<UL><LI>Max Depth = 128<LI>Call Chain = position_knob &rArr; lv_obj_get_style_prop &rArr; lv_style_get_prop
</UL>
<BR>[Calls]<UL><LI><a href="#[1b7]">&gt;&gt;</a>&nbsp;&nbsp;&nbsp;lv_obj_get_style_prop
</UL>
<BR>[Called By]<UL><LI><a href="#[103]">&gt;&gt;</a>&nbsp;&nbsp;&nbsp;lv_slider_event
</UL>

<P><STRONG><a name="[104]"></a>lv_switch_constructor</STRONG> (Thumb, 40 bytes, Stack size 8 bytes, lto-llvm-6a46d2.o(.text.lv_switch_constructor))
<BR><BR>[Stack]<UL><LI>Max Depth = 368<LI>Call Chain = lv_switch_constructor &rArr; lv_obj_clear_flag &rArr; lv_obj_invalidate_area &rArr; lv_obj_area_is_visible &rArr; lv_obj_get_transformed_area &rArr; lv_obj_transform_point &rArr;  lv_obj_transform_point (Cycle)
</UL>
<BR>[Calls]<UL><LI><a href="#[1b2]">&gt;&gt;</a>&nbsp;&nbsp;&nbsp;lv_obj_add_flag
<LI><a href="#[1f2]">&gt;&gt;</a>&nbsp;&nbsp;&nbsp;lv_obj_clear_flag
</UL>
<BR>[Address Reference Count : 1]<UL><LI> lto-llvm-6a46d2.o(.rodata)
</UL>
<P><STRONG><a name="[105]"></a>lv_switch_destructor</STRONG> (Thumb, 8 bytes, Stack size 0 bytes, lto-llvm-6a46d2.o(.text.lv_switch_destructor))
<BR><BR>[Stack]<UL><LI>Max Depth = 92<LI>Call Chain = lv_switch_destructor &rArr; lv_anim_del &rArr; lv_tlsf_free &rArr; block_merge_next
</UL>
<BR>[Calls]<UL><LI><a href="#[1ef]">&gt;&gt;</a>&nbsp;&nbsp;&nbsp;lv_anim_del
</UL>
<BR>[Address Reference Count : 1]<UL><LI> lto-llvm-6a46d2.o(.rodata)
</UL>
<P><STRONG><a name="[106]"></a>lv_switch_event</STRONG> (Thumb, 874 bytes, Stack size 184 bytes, lto-llvm-6a46d2.o(.text.lv_switch_event))
<BR><BR>[Stack]<UL><LI>Max Depth = 1064 + Unknown Stack Size
<LI>Call Chain = lv_switch_event &rArr; lv_obj_event &rArr; layout_update_core &rArr;  layout_update_core (Cycle)
</UL>
<BR>[Calls]<UL><LI><a href="#[151]">&gt;&gt;</a>&nbsp;&nbsp;&nbsp;__aeabi_memclr4
<LI><a href="#[1c9]">&gt;&gt;</a>&nbsp;&nbsp;&nbsp;lv_obj_init_draw_rect_dsc
<LI><a href="#[1f6]">&gt;&gt;</a>&nbsp;&nbsp;&nbsp;lv_obj_calculate_ext_draw_size
<LI><a href="#[10c]">&gt;&gt;</a>&nbsp;&nbsp;&nbsp;lv_obj_event
<LI><a href="#[1b7]">&gt;&gt;</a>&nbsp;&nbsp;&nbsp;lv_obj_get_style_prop
<LI><a href="#[1ef]">&gt;&gt;</a>&nbsp;&nbsp;&nbsp;lv_anim_del
<LI><a href="#[18a]">&gt;&gt;</a>&nbsp;&nbsp;&nbsp;lv_anim_start
<LI><a href="#[1b3]">&gt;&gt;</a>&nbsp;&nbsp;&nbsp;lv_obj_invalidate
</UL>
<BR>[Address Reference Count : 1]<UL><LI> lto-llvm-6a46d2.o(.rodata)
</UL>
<P><STRONG><a name="[a0]"></a>lv_switch_anim_exec_cb</STRONG> (Thumb, 6 bytes, Stack size 0 bytes, lto-llvm-6a46d2.o(.text.lv_switch_anim_exec_cb))
<BR><BR>[Stack]<UL><LI>Max Depth = 312<LI>Call Chain = lv_switch_anim_exec_cb &rArr; lv_obj_invalidate &rArr; lv_obj_area_is_visible &rArr; lv_obj_get_transformed_area &rArr; lv_obj_transform_point &rArr;  lv_obj_transform_point (Cycle)
</UL>
<BR>[Calls]<UL><LI><a href="#[1b3]">&gt;&gt;</a>&nbsp;&nbsp;&nbsp;lv_obj_invalidate
</UL>
<BR>[Address Reference Count : 1]<UL><LI> lto-llvm-6a46d2.o(.text.lv_switch_event)
</UL>
<P><STRONG><a name="[a1]"></a>lv_switch_anim_ready</STRONG> (Thumb, 12 bytes, Stack size 0 bytes, lto-llvm-6a46d2.o(.text.lv_switch_anim_ready))
<BR><BR>[Stack]<UL><LI>Max Depth = 312<LI>Call Chain = lv_switch_anim_ready &rArr; lv_obj_invalidate &rArr; lv_obj_area_is_visible &rArr; lv_obj_get_transformed_area &rArr; lv_obj_transform_point &rArr;  lv_obj_transform_point (Cycle)
</UL>
<BR>[Calls]<UL><LI><a href="#[1b3]">&gt;&gt;</a>&nbsp;&nbsp;&nbsp;lv_obj_invalidate
</UL>
<BR>[Address Reference Count : 1]<UL><LI> lto-llvm-6a46d2.o(.text.lv_switch_event)
</UL>
<P><STRONG><a name="[107]"></a>lv_table_constructor</STRONG> (Thumb, 372 bytes, Stack size 40 bytes, lto-llvm-6a46d2.o(.text.lv_table_constructor))
<BR><BR>[Stack]<UL><LI>Max Depth = 140<LI>Call Chain = lv_table_constructor &rArr; lv_mem_realloc &rArr; lv_tlsf_realloc &rArr; lv_tlsf_free &rArr; block_merge_next
</UL>
<BR>[Calls]<UL><LI><a href="#[1e3]">&gt;&gt;</a>&nbsp;&nbsp;&nbsp;lv_mem_realloc
<LI><a href="#[1a5]">&gt;&gt;</a>&nbsp;&nbsp;&nbsp;block_prepare_used
<LI><a href="#[1a4]">&gt;&gt;</a>&nbsp;&nbsp;&nbsp;block_locate_free
</UL>
<BR>[Address Reference Count : 1]<UL><LI> lto-llvm-6a46d2.o(.rodata)
</UL>
<P><STRONG><a name="[108]"></a>lv_table_destructor</STRONG> (Thumb, 224 bytes, Stack size 40 bytes, lto-llvm-6a46d2.o(.text.lv_table_destructor))
<BR><BR>[Stack]<UL><LI>Max Depth = 92<LI>Call Chain = lv_table_destructor &rArr; lv_tlsf_free &rArr; block_merge_next
</UL>
<BR>[Calls]<UL><LI><a href="#[19c]">&gt;&gt;</a>&nbsp;&nbsp;&nbsp;lv_tlsf_free
</UL>
<BR>[Address Reference Count : 1]<UL><LI> lto-llvm-6a46d2.o(.rodata)
</UL>
<P><STRONG><a name="[109]"></a>lv_table_event</STRONG> (Thumb, 1206 bytes, Stack size 112 bytes, lto-llvm-6a46d2.o(.text.lv_table_event))
<BR><BR>[Stack]<UL><LI>Max Depth = 1004 + Unknown Stack Size
<LI>Call Chain = lv_table_event &rArr; draw_main.1085 &rArr; lv_draw_label &rArr; lv_txt_get_size &rArr; _lv_txt_get_next_line &rArr; lv_txt_utf8_next
</UL>
<BR>[Calls]<UL><LI><a href="#[200]">&gt;&gt;</a>&nbsp;&nbsp;&nbsp;lv_obj_refresh_self_size
<LI><a href="#[10c]">&gt;&gt;</a>&nbsp;&nbsp;&nbsp;lv_obj_event
<LI><a href="#[1b7]">&gt;&gt;</a>&nbsp;&nbsp;&nbsp;lv_obj_get_style_prop
<LI><a href="#[1b8]">&gt;&gt;</a>&nbsp;&nbsp;&nbsp;lv_event_send
<LI><a href="#[1b3]">&gt;&gt;</a>&nbsp;&nbsp;&nbsp;lv_obj_invalidate
<LI><a href="#[25c]">&gt;&gt;</a>&nbsp;&nbsp;&nbsp;scroll_to_selected_cell
<LI><a href="#[1d2]">&gt;&gt;</a>&nbsp;&nbsp;&nbsp;draw_main.1085
<LI><a href="#[1c5]">&gt;&gt;</a>&nbsp;&nbsp;&nbsp;lv_txt_get_width
<LI><a href="#[1a7]">&gt;&gt;</a>&nbsp;&nbsp;&nbsp;_lv_txt_get_next_line
</UL>
<BR>[Address Reference Count : 1]<UL><LI> lto-llvm-6a46d2.o(.rodata)
</UL>
<P><STRONG><a name="[1d2]"></a>draw_main.1085</STRONG> (Thumb, 2020 bytes, Stack size 456 bytes, lto-llvm-6a46d2.o(.text.draw_main.1085))
<BR><BR>[Stack]<UL><LI>Max Depth = 892 + Unknown Stack Size
<LI>Call Chain = draw_main.1085 &rArr; lv_draw_label &rArr; lv_txt_get_size &rArr; _lv_txt_get_next_line &rArr; lv_txt_utf8_next
</UL>
<BR>[Calls]<UL><LI><a href="#[151]">&gt;&gt;</a>&nbsp;&nbsp;&nbsp;__aeabi_memclr4
<LI><a href="#[1cb]">&gt;&gt;</a>&nbsp;&nbsp;&nbsp;lv_obj_init_draw_label_dsc
<LI><a href="#[1ce]">&gt;&gt;</a>&nbsp;&nbsp;&nbsp;lv_memcpy
<LI><a href="#[1c9]">&gt;&gt;</a>&nbsp;&nbsp;&nbsp;lv_obj_init_draw_rect_dsc
<LI><a href="#[1b7]">&gt;&gt;</a>&nbsp;&nbsp;&nbsp;lv_obj_get_style_prop
<LI><a href="#[18f]">&gt;&gt;</a>&nbsp;&nbsp;&nbsp;event_send_core
<LI><a href="#[1c6]">&gt;&gt;</a>&nbsp;&nbsp;&nbsp;lv_draw_label
<LI><a href="#[1c5]">&gt;&gt;</a>&nbsp;&nbsp;&nbsp;lv_txt_get_width
<LI><a href="#[1a7]">&gt;&gt;</a>&nbsp;&nbsp;&nbsp;_lv_txt_get_next_line
</UL>
<BR>[Called By]<UL><LI><a href="#[109]">&gt;&gt;</a>&nbsp;&nbsp;&nbsp;lv_table_event
</UL>

<P><STRONG><a name="[25c]"></a>scroll_to_selected_cell</STRONG> (Thumb, 466 bytes, Stack size 32 bytes, lto-llvm-6a46d2.o(.text.scroll_to_selected_cell))
<BR><BR>[Stack]<UL><LI>Max Depth = 512 + Unknown Stack Size
<LI>Call Chain = scroll_to_selected_cell &rArr; lv_obj_scroll_by_bounded &rArr;  layout_update_core (Cycle)
</UL>
<BR>[Calls]<UL><LI><a href="#[249]">&gt;&gt;</a>&nbsp;&nbsp;&nbsp;lv_obj_scroll_by_bounded
<LI><a href="#[1b7]">&gt;&gt;</a>&nbsp;&nbsp;&nbsp;lv_obj_get_style_prop
</UL>
<BR>[Called By]<UL><LI><a href="#[109]">&gt;&gt;</a>&nbsp;&nbsp;&nbsp;lv_table_event
</UL>

<P><STRONG><a name="[10d]"></a>lv_textarea_constructor</STRONG> (Thumb, 360 bytes, Stack size 88 bytes, lto-llvm-6a46d2.o(.text.lv_textarea_constructor))
<BR><BR>[Stack]<UL><LI>Max Depth = 840 + Unknown Stack Size
<LI>Call Chain = lv_textarea_constructor &rArr; lv_textarea_set_cursor_pos &rArr; layout_update_core &rArr;  layout_update_core (Cycle)
</UL>
<BR>[Calls]<UL><LI><a href="#[151]">&gt;&gt;</a>&nbsp;&nbsp;&nbsp;__aeabi_memclr4
<LI><a href="#[1b7]">&gt;&gt;</a>&nbsp;&nbsp;&nbsp;lv_obj_get_style_prop
<LI><a href="#[1ef]">&gt;&gt;</a>&nbsp;&nbsp;&nbsp;lv_anim_del
<LI><a href="#[18d]">&gt;&gt;</a>&nbsp;&nbsp;&nbsp;lv_label_set_text
<LI><a href="#[1b2]">&gt;&gt;</a>&nbsp;&nbsp;&nbsp;lv_obj_add_flag
<LI><a href="#[18a]">&gt;&gt;</a>&nbsp;&nbsp;&nbsp;lv_anim_start
<LI><a href="#[1fd]">&gt;&gt;</a>&nbsp;&nbsp;&nbsp;lv_obj_set_width
<LI><a href="#[1e3]">&gt;&gt;</a>&nbsp;&nbsp;&nbsp;lv_mem_realloc
<LI><a href="#[1f3]">&gt;&gt;</a>&nbsp;&nbsp;&nbsp;lv_obj_allocate_spec_attr
<LI><a href="#[19e]">&gt;&gt;</a>&nbsp;&nbsp;&nbsp;lv_obj_class_init_obj
<LI><a href="#[19d]">&gt;&gt;</a>&nbsp;&nbsp;&nbsp;lv_obj_class_create_obj
<LI><a href="#[228]">&gt;&gt;</a>&nbsp;&nbsp;&nbsp;lv_textarea_set_cursor_pos
</UL>
<BR>[Address Reference Count : 1]<UL><LI> lto-llvm-6a46d2.o(.rodata)
</UL>
<P><STRONG><a name="[a4]"></a>label_event_cb</STRONG> (Thumb, 156 bytes, Stack size 88 bytes, lto-llvm-6a46d2.o(.text.label_event_cb))
<BR><BR>[Stack]<UL><LI>Max Depth = 592 + Unknown Stack Size
<LI>Call Chain = label_event_cb &rArr; lv_label_set_text &rArr; lv_label_refr_text &rArr; lv_obj_invalidate &rArr; lv_obj_area_is_visible &rArr; lv_obj_get_transformed_area &rArr; lv_obj_transform_point &rArr;  lv_obj_transform_point (Cycle)
</UL>
<BR>[Calls]<UL><LI><a href="#[151]">&gt;&gt;</a>&nbsp;&nbsp;&nbsp;__aeabi_memclr4
<LI><a href="#[1b7]">&gt;&gt;</a>&nbsp;&nbsp;&nbsp;lv_obj_get_style_prop
<LI><a href="#[1ef]">&gt;&gt;</a>&nbsp;&nbsp;&nbsp;lv_anim_del
<LI><a href="#[18d]">&gt;&gt;</a>&nbsp;&nbsp;&nbsp;lv_label_set_text
<LI><a href="#[18a]">&gt;&gt;</a>&nbsp;&nbsp;&nbsp;lv_anim_start
<LI><a href="#[1ee]">&gt;&gt;</a>&nbsp;&nbsp;&nbsp;refr_cursor_area
</UL>
<BR>[Address Reference Count : 1]<UL><LI> lto-llvm-6a46d2.o(.text.lv_textarea_constructor)
</UL>
<P><STRONG><a name="[6e]"></a>cursor_blink_anim_cb</STRONG> (Thumb, 90 bytes, Stack size 16 bytes, lto-llvm-6a46d2.o(.text.cursor_blink_anim_cb))
<BR><BR>[Stack]<UL><LI>Max Depth = 328<LI>Call Chain = cursor_blink_anim_cb &rArr; lv_obj_invalidate_area &rArr; lv_obj_area_is_visible &rArr; lv_obj_get_transformed_area &rArr; lv_obj_transform_point &rArr;  lv_obj_transform_point (Cycle)
</UL>
<BR>[Calls]<UL><LI><a href="#[1ba]">&gt;&gt;</a>&nbsp;&nbsp;&nbsp;lv_obj_invalidate_area
</UL>
<BR>[Address Reference Count : 4]<UL><LI> lto-llvm-6a46d2.o(.text.lv_textarea_constructor)
<LI> lto-llvm-6a46d2.o(.text.lv_textarea_event)
<LI> lto-llvm-6a46d2.o(.text.lv_textarea_set_cursor_pos)
<LI> lto-llvm-6a46d2.o(.text.label_event_cb)
</UL>
<P><STRONG><a name="[10e]"></a>lv_textarea_destructor</STRONG> (Thumb, 150 bytes, Stack size 16 bytes, lto-llvm-6a46d2.o(.text.lv_textarea_destructor))
<BR><BR>[Stack]<UL><LI>Max Depth = 68<LI>Call Chain = lv_textarea_destructor &rArr; lv_tlsf_free &rArr; block_merge_next
</UL>
<BR>[Calls]<UL><LI><a href="#[19c]">&gt;&gt;</a>&nbsp;&nbsp;&nbsp;lv_tlsf_free
</UL>
<BR>[Address Reference Count : 1]<UL><LI> lto-llvm-6a46d2.o(.rodata)
</UL>
<P><STRONG><a name="[25f]"></a>lv_textarea_del_char_forward</STRONG> (Thumb, 30 bytes, Stack size 16 bytes, lto-llvm-6a46d2.o(.text.lv_textarea_del_char_forward))
<BR><BR>[Stack]<UL><LI>Max Depth = 824 + Unknown Stack Size
<LI>Call Chain = lv_textarea_del_char_forward &rArr; lv_textarea_del_char &rArr; lv_textarea_set_cursor_pos &rArr; layout_update_core &rArr;  layout_update_core (Cycle)
</UL>
<BR>[Calls]<UL><LI><a href="#[229]">&gt;&gt;</a>&nbsp;&nbsp;&nbsp;lv_textarea_del_char
<LI><a href="#[228]">&gt;&gt;</a>&nbsp;&nbsp;&nbsp;lv_textarea_set_cursor_pos
</UL>
<BR>[Called By]<UL><LI><a href="#[10f]">&gt;&gt;</a>&nbsp;&nbsp;&nbsp;lv_textarea_event
</UL>

<P><STRONG><a name="[25e]"></a>lv_textarea_cursor_up</STRONG> (Thumb, 92 bytes, Stack size 24 bytes, lto-llvm-6a46d2.o(.text.lv_textarea_cursor_up))
<BR><BR>[Stack]<UL><LI>Max Depth = 776 + Unknown Stack Size
<LI>Call Chain = lv_textarea_cursor_up &rArr; lv_textarea_set_cursor_pos &rArr; layout_update_core &rArr;  layout_update_core (Cycle)
</UL>
<BR>[Calls]<UL><LI><a href="#[1b7]">&gt;&gt;</a>&nbsp;&nbsp;&nbsp;lv_obj_get_style_prop
<LI><a href="#[22e]">&gt;&gt;</a>&nbsp;&nbsp;&nbsp;lv_label_get_letter_pos
<LI><a href="#[22c]">&gt;&gt;</a>&nbsp;&nbsp;&nbsp;lv_label_get_letter_on
<LI><a href="#[228]">&gt;&gt;</a>&nbsp;&nbsp;&nbsp;lv_textarea_set_cursor_pos
</UL>
<BR>[Called By]<UL><LI><a href="#[10f]">&gt;&gt;</a>&nbsp;&nbsp;&nbsp;lv_textarea_event
</UL>

<P><STRONG><a name="[25d]"></a>lv_textarea_cursor_down</STRONG> (Thumb, 106 bytes, Stack size 24 bytes, lto-llvm-6a46d2.o(.text.lv_textarea_cursor_down))
<BR><BR>[Stack]<UL><LI>Max Depth = 776 + Unknown Stack Size
<LI>Call Chain = lv_textarea_cursor_down &rArr; lv_textarea_set_cursor_pos &rArr; layout_update_core &rArr;  layout_update_core (Cycle)
</UL>
<BR>[Calls]<UL><LI><a href="#[1b7]">&gt;&gt;</a>&nbsp;&nbsp;&nbsp;lv_obj_get_style_prop
<LI><a href="#[22e]">&gt;&gt;</a>&nbsp;&nbsp;&nbsp;lv_label_get_letter_pos
<LI><a href="#[22c]">&gt;&gt;</a>&nbsp;&nbsp;&nbsp;lv_label_get_letter_on
<LI><a href="#[228]">&gt;&gt;</a>&nbsp;&nbsp;&nbsp;lv_textarea_set_cursor_pos
</UL>
<BR>[Called By]<UL><LI><a href="#[10f]">&gt;&gt;</a>&nbsp;&nbsp;&nbsp;lv_textarea_event
</UL>

<P><STRONG><a name="[1ee]"></a>refr_cursor_area</STRONG> (Thumb, 868 bytes, Stack size 88 bytes, lto-llvm-6a46d2.o(.text.refr_cursor_area))
<BR><BR>[Stack]<UL><LI>Max Depth = 400<LI>Call Chain = refr_cursor_area &rArr; lv_obj_invalidate_area &rArr; lv_obj_area_is_visible &rArr; lv_obj_get_transformed_area &rArr; lv_obj_transform_point &rArr;  lv_obj_transform_point (Cycle)
</UL>
<BR>[Calls]<UL><LI><a href="#[1ba]">&gt;&gt;</a>&nbsp;&nbsp;&nbsp;lv_obj_invalidate_area
<LI><a href="#[1b7]">&gt;&gt;</a>&nbsp;&nbsp;&nbsp;lv_obj_get_style_prop
<LI><a href="#[22e]">&gt;&gt;</a>&nbsp;&nbsp;&nbsp;lv_label_get_letter_pos
<LI><a href="#[1a8]">&gt;&gt;</a>&nbsp;&nbsp;&nbsp;lv_txt_utf8_next
</UL>
<BR>[Called By]<UL><LI><a href="#[a4]">&gt;&gt;</a>&nbsp;&nbsp;&nbsp;label_event_cb
<LI><a href="#[25a]">&gt;&gt;</a>&nbsp;&nbsp;&nbsp;pwd_char_hider
<LI><a href="#[228]">&gt;&gt;</a>&nbsp;&nbsp;&nbsp;lv_textarea_set_cursor_pos
</UL>

<P><STRONG><a name="[c4]"></a>lapTimer_cb</STRONG> (Thumb, 140 bytes, Stack size 16 bytes, lto-llvm-6a46d2.o(.text.lapTimer_cb))
<BR><BR>[Stack]<UL><LI>Max Depth = 544 + Unknown Stack Size
<LI>Call Chain = lapTimer_cb &rArr; lv_label_set_text_fmt &rArr; lv_label_refr_text &rArr; lv_obj_invalidate &rArr; lv_obj_area_is_visible &rArr; lv_obj_get_transformed_area &rArr; lv_obj_transform_point &rArr;  lv_obj_transform_point (Cycle)
</UL>
<BR>[Calls]<UL><LI><a href="#[18b]">&gt;&gt;</a>&nbsp;&nbsp;&nbsp;lv_label_set_text_fmt
</UL>
<BR>[Address Reference Count : 1]<UL><LI> lto-llvm-6a46d2.o(.text.ui_event_startup)
</UL>
<P><STRONG><a name="[26e]"></a>xTaskResumeAll</STRONG> (Thumb, 642 bytes, Stack size 40 bytes, lto-llvm-6a46d2.o(.text.xTaskResumeAll))
<BR><BR>[Stack]<UL><LI>Max Depth = 76<LI>Call Chain = xTaskResumeAll &rArr; xTaskIncrementTick
</UL>
<BR>[Calls]<UL><LI><a href="#[191]">&gt;&gt;</a>&nbsp;&nbsp;&nbsp;xTaskIncrementTick
</UL>
<BR>[Called By]<UL><LI><a href="#[178]">&gt;&gt;</a>&nbsp;&nbsp;&nbsp;xEventGroupSetBits
<LI><a href="#[189]">&gt;&gt;</a>&nbsp;&nbsp;&nbsp;xQueueSemaphoreTake
<LI><a href="#[188]">&gt;&gt;</a>&nbsp;&nbsp;&nbsp;osDelay
<LI><a href="#[185]">&gt;&gt;</a>&nbsp;&nbsp;&nbsp;osEventFlagsWait
<LI><a href="#[ba]">&gt;&gt;</a>&nbsp;&nbsp;&nbsp;prvTimerTask
<LI><a href="#[269]">&gt;&gt;</a>&nbsp;&nbsp;&nbsp;pvPortMalloc
<LI><a href="#[270]">&gt;&gt;</a>&nbsp;&nbsp;&nbsp;vPortFree
</UL>

<P><STRONG><a name="[271]"></a>prvUnlockQueue</STRONG> (Thumb, 330 bytes, Stack size 24 bytes, lto-llvm-6a46d2.o(.text.prvUnlockQueue))
<BR><BR>[Stack]<UL><LI>Max Depth = 40<LI>Call Chain = prvUnlockQueue &rArr; xTaskRemoveFromEventList
</UL>
<BR>[Calls]<UL><LI><a href="#[17b]">&gt;&gt;</a>&nbsp;&nbsp;&nbsp;xTaskRemoveFromEventList
</UL>
<BR>[Called By]<UL><LI><a href="#[189]">&gt;&gt;</a>&nbsp;&nbsp;&nbsp;xQueueSemaphoreTake
<LI><a href="#[ba]">&gt;&gt;</a>&nbsp;&nbsp;&nbsp;prvTimerTask
</UL>

<P><STRONG><a name="[273]"></a>xTaskPriorityInherit</STRONG> (Thumb, 184 bytes, Stack size 16 bytes, lto-llvm-6a46d2.o(.text.xTaskPriorityInherit))
<BR><BR>[Stack]<UL><LI>Max Depth = 16<LI>Call Chain = xTaskPriorityInherit
</UL>
<BR>[Called By]<UL><LI><a href="#[189]">&gt;&gt;</a>&nbsp;&nbsp;&nbsp;xQueueSemaphoreTake
</UL>

<P><STRONG><a name="[274]"></a>vTaskPlaceOnEventList</STRONG> (Thumb, 462 bytes, Stack size 20 bytes, lto-llvm-6a46d2.o(.text.vTaskPlaceOnEventList))
<BR><BR>[Stack]<UL><LI>Max Depth = 20<LI>Call Chain = vTaskPlaceOnEventList
</UL>
<BR>[Called By]<UL><LI><a href="#[189]">&gt;&gt;</a>&nbsp;&nbsp;&nbsp;xQueueSemaphoreTake
</UL>

<P><STRONG><a name="[26f]"></a>xTaskCreateStatic</STRONG> (Thumb, 114 bytes, Stack size 32 bytes, lto-llvm-6a46d2.o(.text.xTaskCreateStatic))
<BR><BR>[Stack]<UL><LI>Max Depth = 68<LI>Call Chain = xTaskCreateStatic &rArr; prvInitialiseNewTask &rArr; __aeabi_memset4 &rArr; _memset_w
</UL>
<BR>[Calls]<UL><LI><a href="#[26b]">&gt;&gt;</a>&nbsp;&nbsp;&nbsp;prvAddNewTaskToReadyList
<LI><a href="#[26a]">&gt;&gt;</a>&nbsp;&nbsp;&nbsp;prvInitialiseNewTask
</UL>
<BR>[Called By]<UL><LI><a href="#[268]">&gt;&gt;</a>&nbsp;&nbsp;&nbsp;osThreadNew
</UL>

<P><STRONG><a name="[c0]"></a>prvTaskExitError</STRONG> (Thumb, 62 bytes, Stack size 4 bytes, lto-llvm-6a46d2.o(.text.prvTaskExitError))
<BR><BR>[Stack]<UL><LI>Max Depth = 4<LI>Call Chain = prvTaskExitError
</UL>
<BR>[Address Reference Count : 1]<UL><LI> lto-llvm-6a46d2.o(.text.prvInitialiseNewTask)
</UL>
<P><STRONG><a name="[191]"></a>xTaskIncrementTick</STRONG> (Thumb, 434 bytes, Stack size 36 bytes, lto-llvm-6a46d2.o(.text.xTaskIncrementTick))
<BR><BR>[Stack]<UL><LI>Max Depth = 36<LI>Call Chain = xTaskIncrementTick
</UL>
<BR>[Called By]<UL><LI><a href="#[9]">&gt;&gt;</a>&nbsp;&nbsp;&nbsp;SysTick_Handler
<LI><a href="#[26e]">&gt;&gt;</a>&nbsp;&nbsp;&nbsp;xTaskResumeAll
</UL>

<P><STRONG><a name="[270]"></a>vPortFree</STRONG> (Thumb, 248 bytes, Stack size 8 bytes, lto-llvm-6a46d2.o(.text.vPortFree))
<BR><BR>[Stack]<UL><LI>Max Depth = 84<LI>Call Chain = vPortFree &rArr; xTaskResumeAll &rArr; xTaskIncrementTick
</UL>
<BR>[Calls]<UL><LI><a href="#[26e]">&gt;&gt;</a>&nbsp;&nbsp;&nbsp;xTaskResumeAll
</UL>
<BR>[Called By]<UL><LI><a href="#[ba]">&gt;&gt;</a>&nbsp;&nbsp;&nbsp;prvTimerTask
<LI><a href="#[b9]">&gt;&gt;</a>&nbsp;&nbsp;&nbsp;prvIdleTask
<LI><a href="#[268]">&gt;&gt;</a>&nbsp;&nbsp;&nbsp;osThreadNew
</UL>
<P>
<H3>
Undefined Global Symbols
</H3><HR></body></html>
